 eboot

 Timestamp is 510b5b78 (Fri Feb 01 14:06:48 2013)

 Preferred load address is 00010000

 Start         Length     Name                   Class
 0001:00000000 00014f78H .rdata                  CODE
 0001:00014f78 00000022H .rdata$debug            CODE
 0001:00014f9c 0001e230H .text                   CODE
 0001:000331cc 00000060H .xdata                  CODE
 0001:0003322c 00000000H .edata                  CODE
 0002:00000000 00001308H .data                   DATA
 0002:00001320 00009520H .bss                    DATA
 0003:00000000 00000c68H .pdata                  DATA

  Address         Publics by Value              Rva+Base       Lib:Object

 0000:00000000       ___safe_se_handler_table   00000000     <absolute>
 0000:00000000       ___safe_se_handler_count   00000000     <absolute>
 0001:0000001c       ??_C@_1BC@ENMNNPAJ@?$AAS?$AAa?$AAt?$AAu?$AAr?$AAd?$AAa?$AAy?$AA?$AA@ 0001101c     main.obj
 0001:00000030       ??_C@_1O@PDICJHAG@?$AAF?$AAr?$AAi?$AAd?$AAa?$AAy?$AA?$AA@ 00011030     main.obj
 0001:00000040       ??_C@_1BC@HHMNLIHE@?$AAT?$AAh?$AAu?$AAr?$AAs?$AAd?$AAa?$AAy?$AA?$AA@ 00011040     main.obj
 0001:00000054       ??_C@_1BE@EBOGMDOH@?$AAW?$AAe?$AAd?$AAn?$AAe?$AAs?$AAd?$AAa?$AAy?$AA?$AA@ 00011054     main.obj
 0001:00000068       ??_C@_1BA@ENFBFFEK@?$AAT?$AAu?$AAe?$AAs?$AAd?$AAa?$AAy?$AA?$AA@ 00011068     main.obj
 0001:00000078       ??_C@_1O@MMNBFLIA@?$AAM?$AAo?$AAn?$AAd?$AAa?$AAy?$AA?$AA@ 00011078     main.obj
 0001:00000088       ??_C@_1O@IHNHDHPB@?$AAS?$AAu?$AAn?$AAd?$AAa?$AAy?$AA?$AA@ 00011088     main.obj
 0001:00000098       ??_C@_13HOIJIPNN@?$AA?5?$AA?$AA@ 00011098     main.obj
 0001:0000009c       ??_C@_08GCIJLKKK@?$CKUSB_DNW?$AA@ 0001109c     main.obj
 0001:000000a8       ??_C@_09OKJMMDJO@USB_RNDIS?$AA@ 000110a8     main.obj
 0001:000000b4       ??_C@_0L@LMLFCLIM@USB_Serial?$AA@ 000110b4     main.obj
 0001:000000c0       ??_C@_08BICNCILO@Ethernet?$AA@ 000110c0     main.obj
 0001:00000164       g_pTOC                     00011164     main.obj
 0001:00000168       ??_C@_0BD@NOJEOCND@?$AN?6Incorrect?5String?$AA@ 00011168     main.obj
 0001:0000017c       ??_C@_0BJ@IFGBBFMB@?$AN?6Enter?5new?5IP?5address?3?5?$AA@ 0001117c     main.obj
 0001:00000198       ??_C@_0BK@KKICHCJD@?$AN?6Enter?5new?5subnet?5mask?3?5?$AA@ 00011198     main.obj
 0001:000001b4       ??_C@_0DI@MNNOKFKF@WARNING?3?5Set?5DM9000A?5MACAddress?3@ 000111b4     main.obj
 0001:000001ec       ??_C@_0CO@EIDBOICA@INFO?3?5MAC?5address?5set?5to?3?5?$CFx?3?$CFx?3@ 000111ec     main.obj
 0001:0000021c       ??_C@_02PCIJFNDE@?$AN?6?$AA@ 0001121c     main.obj
 0001:00000220       ??_C@_0DN@MBBAKKLM@?$AN?6Enter?5new?5MAC?5address?5in?5hexad@ 00011220     main.obj
 0001:00000260       ??_C@_0BK@LBANKK@Reserving?5is?5completed?4?$AN?6?$AA@ 00011260     main.obj
 0001:0000027c       ??_C@_0DJ@BJGJEHF@Reserving?5Blocks?5?$FL0x?$CFx?5?9?50x?$CFx?$FN?5?4@ 0001127c     main.obj
 0001:000002b8       ??_C@_0BI@HJIMKMIN@Erasing?5is?5completed?4?$AN?6?$AA@ 000112b8     main.obj
 0001:000002d0       ??_C@_0ED@CFGKKKDJ@NAND?5Blocks?5Erasing?5for?5?$CFs?5?$FL0x?$CFx@ 000112d0     main.obj
 0001:00000314       ??_C@_0BC@GANAPBKC@?$AN?6Enter?5Page?5?$CD?5?3?5?$AA@ 00011314     main.obj
 0001:00000328       ??_C@_0CL@DPEFEOBD@?$AN?6Press?5only?5Enter?9key?5to?5return@ 00011328     main.obj
 0001:00000354       ??_C@_0BB@EMILLOHA@Enter?5Block?5?$CD?5?3?5?$AA@ 00011354     main.obj
 0001:00000368       ??_C@_0DM@OKGBIFMF@?$AN?6?$DN?$DN?$DN?$DN?$DN?$DN?$DN?$DN?$DN?$DN?$DN?$DN?$DN?$DN?$DN?$DN?$DN?$DN?$DN?$DN?$DN?$DN?$DN?$DN?$DN?$DN?$DN?$DN?$DN?$DN@ 00011368     main.obj
 0001:000003a4       ??_C@_0DM@ONJEBMPC@?$AN?6?5?9?9?9?9?9?9?9?9?9?9?9?9?9?9?9?9?9?9?9?9?9?9?9?9?9?9?9?9?9@ 000113a4     main.obj
 0001:000003e0       ??_C@_1M@FHJLFHFE@?$AA?5?$AA?$CF?$AA0?$AA2?$AAx?$AA?$AA@ 000113e0     main.obj
 0001:000003ec       ??_C@_1BI@LDLFAMFB@?$AA?$AN?$AA?6?$AA?5?$AA0?$AAx?$AA?$CF?$AA0?$AA3?$AAx?$AA?5?$AA?$HM?$AA?$AA@ 000113ec     main.obj
 0001:00000404       ??_C@_0DK@LBOBJFDF@?$DN?$DN?$DN?$DN?$DN?$DN?$DN?$DN?$DN?$DN?$DN?$DN?$DN?$DN?$DN?$DN?$DN?$DN?$DN?$DN?$DN?$DN?$DN?$DN?$DN?$DN?$DN?$DN?$DN?$DN?$DN?$DN@ 00011404     main.obj
 0001:00000440       ??_C@_0DA@LFFDEALI@Z?$CJ?5Download?5Logo?5?$CIUSB?$CJ?0?5exisitng@ 00011440     main.obj
 0001:00000470       ??_C@_0BJ@JCBFAOAD@?$AN?6Enter?5your?5selection?3?5?$AA@ 00011470     main.obj
 0001:0000048c       ??_C@_0BL@DCNGIHOF@T?$CJ?5Download?5Target?3?5?$FL?$CFs?$FN?$AN?6?$AA@ 0001148c     main.obj
 0001:000004a8       ??_C@_0DK@MOJCKECN@D?$CJ?5Download?5or?5Program?5image?$CIOS?5@ 000114a8     main.obj
 0001:000004e4       ??_C@_0CG@ILOPBFIK@L?$CJ?5LAUNCH?5existing?5Boot?5Media?5im@ 000114e4     main.obj
 0001:0000050c       ??_C@_0CO@DCIFABNE@?$AN?6?9?9?9?9?9?9?9?9?9?5External?5Power?5modul@ 0001150c     main.obj
 0001:0000053c       ??_C@_0CJ@KAPENOEE@U?$CJ?5external?5Power?5modules?5config@ 0001153c     main.obj
 0001:00000568       ??_C@_0CP@OECNCLMN@?$AN?6?9?9?9?9?9?9?9?9?9?5Display?5and?5Logo?5sec@ 00011568     main.obj
 0001:00000598       ??_C@_0CG@IJIOEDAB@G?$CJ?5LCD?5attached?3?5?$CFs?5with?5?$CFd?5Bit?5@ 00011598     main.obj
 0001:000005c0       ??_C@_0BB@OALGPJGL@?$CKDownload?5to?5RAM?$AA@ 000115c0     main.obj
 0001:000005d4       ??_C@_0BG@DEDDOECB@Write?5to?5NAND?5Storage?$AA@ 000115d4     main.obj
 0001:000005ec       ??_C@_05IMNPAKN@?$AI?5?$HN?$AN?6?$AA@ 000115ec     main.obj
 0001:000005f4       ??_C@_04HGMFEN@?5?$CFs?0?$AA@ 000115f4     main.obj
 0001:000005fc       ??_C@_0CJ@GGMPGDKB@P?$CJ?5Format?5Partition?5on?5Boot?9time@ 000115fc     main.obj
 0001:00000628       ??_C@_0DD@DAEFNAEC@?$AN?6?9?9?9?9?9?9?9?9?9?9?9?9?9?5NAND?5Flash?5Secti@ 00011628     main.obj
 0001:0000065c       ??_C@_0BH@LKEKKEFM@A?$CJ?5Erase?5All?5Blocks?5?$AN?6?$AA@ 0001165c     main.obj
 0001:00000674       ??_C@_0CK@JGGGFAJE@E?$CJ?5Erase?5Reserved?5Block?$CIStepldr?$CL@ 00011674     main.obj
 0001:000006a0       ??_C@_0EJ@GFNBJOOP@F?$CJ?5Format?5Boot?5Media?5for?5BINFS?5w@ 000116a0     main.obj
 0001:000006ec       ??_C@_0CK@IDNHLNKG@N?$CJ?5Nand?5Information?5and?5Dump?5NAN@ 000116ec     main.obj
 0001:00000718       ??_C@_0DD@KCEFNHPL@?$AN?6?9?9?9?9?9?9?9?9?9?5Download?5and?5Launch?5@ 00011718     main.obj
 0001:0000074c       ??_C@_0CB@KGGIMFAN@S?$CJ?5Switch?5Boot?5Device?5?3?5?$FL?$CFs?$FN?5?5?$AN?6@ 0001174c     main.obj
 0001:00000770       ??_C@_0BE@JPPLPOKI@?5?5?5?5?5?5?5?5?$HL?5Options?5?3?$AA@ 00011770     main.obj
 0001:00000784       ??_C@_0CJ@OLCBJMHE@H?$CJ?5Hive?5Clean?5on?5Boot?9time?5?5?5?5?5?5@ 00011784     main.obj
 0001:000007b0       ??_C@_06ELMAPAIP@?$CKFalse?$AA@ 000117b0     main.obj
 0001:000007b8       ??_C@_04HPMIDMKH@True?$AA@ 000117b8     main.obj
 0001:000007c0       ??_C@_0CJ@IKJHFECI@C?$CJ?5Force?5Clean?5Boot?5Option?5?5?5?5?5?5@ 000117c0     main.obj
 0001:000007ec       ??_C@_05MKDOIIA@False?$AA@ 000117ec     main.obj
 0001:000007f4       ??_C@_05KOBPEMEJ@?$CKTrue?$AA@ 000117f4     main.obj
 0001:000007fc       ??_C@_0CJ@MHHBDICH@I?$CJ?5KITL?5Connection?5Mode?5?5?5?5?5?5?5?5?5@ 000117fc     main.obj
 0001:00000828       ??_C@_0L@HBGKIIFN@?$CKInterrupt?$AA@ 00011828     main.obj
 0001:00000834       ??_C@_07LPCKBJPC@Polling?$AA@ 00011834     main.obj
 0001:0000083c       ??_C@_0CJ@PEJDOAAA@K?$CJ?5KITL?5Configuration?5?5?5?5?5?5?5?5?5?5?5@ 0001183c     main.obj
 0001:00000868       ??_C@_0CM@JKCHHAJJ@5?$CJ?5Startup?5Action?5after?5Boot?5del@ 00011868     main.obj
 0001:00000894       ??_C@_0BM@CIOCFMIE@6?$CJ?5Boot?5delay?3?5?$CFd?5seconds?$AN?6?$AA@ 00011894     main.obj
 0001:000008b0       ??_C@_0BO@LMDPJAPH@R?$CJ?5Read?5Configuration?$CITOC?$CJ?5?$AN?6?$AA@ 000118b0     main.obj
 0001:000008d0       ??_C@_0CN@BPNACNDH@W?$CJ?5Write?5Configuration?5Data?$CITOC?$CJ@ 000118d0     main.obj
 0001:00000900       ??_C@_0DD@FCGODAAF@?$AN?6?9?9?9?9?9?9?9?5Kernel?5Booting?5Option?5@ 00011900     main.obj
 0001:00000934       ??_C@_0BE@JBKDLBKA@?$CKDownload?5New?5image?$AA@ 00011934     main.obj
 0001:00000948       ??_C@_0CG@DBKHLIEC@Launch?5Existing?5OS?5image?5from?5St@ 00011948     main.obj
 0001:00000970       ??_C@_0BB@BHCCMIIM@2?$CJ?5DHCP?5?3?5?$FL?$CFs?$FN?$AN?6?$AA@ 00011970     main.obj
 0001:00000984       ??_C@_0DF@HAKFJHDG@3?$CJ?5Program?5DM9000A?5MAC?5address?5?$CI@ 00011984     main.obj
 0001:000009bc       ??_C@_0DD@HDHPNOEH@?$AN?6?9?9?9?9?9?9?9?9?9?5Boot?5Configuration?5S@ 000119bc     main.obj
 0001:000009f0       ??_C@_0CM@EFEBIFOH@4?$CJ?5Reset?5to?5factory?5default?5conf@ 000119f0     main.obj
 0001:00000a1c       ??_C@_08JGILNPHN@Disabled?$AA@ 00011a1c     main.obj
 0001:00000a28       ??_C@_08KKPKAPFM@?$CKEnabled?$AA@ 00011a28     main.obj
 0001:00000a34       ??_C@_0CK@FPPEALPP@?$AN?6Ethernet?5Boot?5Loader?5Configura@ 00011a34     main.obj
 0001:00000a60       ??_C@_0DB@GBDNCPNL@?9?9?9?9?9?9?9?9?9?9?9?5Connectivity?5Setting@ 00011a60     main.obj
 0001:00000a94       ??_C@_0BI@OODDIECE@0?$CJ?5IP?5address?5?5?3?5?$FL?$CFs?$FN?$AN?6?$AA@ 00011a94     main.obj
 0001:00000aac       ??_C@_0BI@EOIEAGDD@1?$CJ?5Subnet?5mask?5?3?5?$FL?$CFs?$FN?$AN?6?$AA@ 00011aac     main.obj
 0001:00000ac4       ??_C@_0N@FLJDAHIC@?$CFd?5seconds?4?5?$AA@ 00011ac4     main.obj
 0001:00000ad8       ??_C@_0EH@GCCPOCPE@?$AN?6Press?5?$FLENTER?$FN?5to?5download?5imag@ 00011ad8     main.obj
 0001:00000b20       ??_C@_0CM@MPOIFBJA@?$AN?6Initiating?5image?5download?5in?5?$CF@ 00011b20     main.obj
 0001:00000b50       ??_C@_0FK@OBKICLFM@?$AN?6Press?5?$FLENTER?$FN?5to?5launch?5image?5@ 00011b50     main.obj
 0001:00000bac       ??_C@_0CK@PCOCDPAP@?$AN?6Initiating?5image?5launch?5in?5?$CFd?5@ 00011bac     main.obj
 0001:00000bd8       ??_C@_0BM@GEAABHMN@SetKITLConfigAndBootOptions?$AA@ 00011bd8     main.obj
 0001:00000bf4       ??_C@_0CI@KHDBHBPJ@?$CFs?3?5ERROR?3?5unknown?5Boot?5device?3?5@ 00011bf4     main.obj
 0001:00000c1c       ??_C@_08JOKNHBJP@SMDK6410?$AA@ 00011c1c     main.obj
 0001:00000c28       ??_C@_0ED@FEPNABFM@ERROR?3?5OEMPreDownload?3?5Failed?5to@ 00011c28     main.obj
 0001:00000c6c       ??_C@_1DM@MAGNIICF@?$AAI?$AAN?$AAF?$AAO?$AA?3?$AA?5?$AAU?$AAs?$AAi?$AAn?$AAg?$AA?5?$AAs?$AAu?$AAb?$AAn?$AAe?$AAt?$AA?5?$AAm?$AAa?$AAs?$AAk?$AA?5?$AA?$CF?$AAs?$AA?4?$AA?$AN?$AA?6?$AA?$AA@ 00011c6c     main.obj
 0001:00000ca8       ??_C@_1EI@JDGOOGJG@?$AAI?$AAN?$AAF?$AAO?$AA?3?$AA?5?$AAU?$AAs?$AAi?$AAn?$AAg?$AA?5?$AAs?$AAt?$AAa?$AAt?$AAi?$AAc?$AA?5?$AAI?$AAP?$AA?5?$AAa?$AAd?$AAd?$AAr?$AAe?$AAs?$AAs?$AA?5?$AA?$CF?$AAs@ 00011ca8     main.obj
 0001:00000cf0       ??_C@_1GC@PPHJIICI@?$AAR?$AAe?$AAc?$AAe?$AAi?$AAv?$AAe?$AAd?$AA?5?$AAb?$AAo?$AAo?$AAt?$AA?5?$AAr?$AAe?$AAq?$AAu?$AAe?$AAs?$AAt?$AA?5?$AAa?$AAc?$AAk?$AA?4?$AA?4?$AA?4?$AA?5?$AAs?$AAt?$AAa@ 00011cf0     main.obj
 0001:00000d58       ??_C@_1GA@OPLAMODI@?$AAR?$AAe?$AAc?$AAe?$AAi?$AAv?$AAe?$AAd?$AA?5?$AAb?$AAo?$AAo?$AAt?$AA?5?$AAr?$AAe?$AAq?$AAu?$AAe?$AAs?$AAt?$AA?5?$AAa?$AAc?$AAk?$AA?4?$AA?4?$AA?4?$AA?5?$AAj?$AAu?$AAm@ 00011d58     main.obj
 0001:00000db8       ??_C@_1DM@JIDKOFGC@?$AAF?$AAa?$AAi?$AAl?$AAe?$AAd?$AA?5?$AAt?$AAo?$AA?5?$AAs?$AAe?$AAn?$AAd?$AA?5?$AAb?$AAo?$AAo?$AAt?$AA?5?$AAr?$AAe?$AAq?$AAu?$AAe?$AAs?$AAt?$AA?$AN?$AA?6?$AA?$AA@ 00011db8     main.obj
 0001:00000df4       ??_C@_1DE@JGLBGENO@?$AAS?$AAe?$AAn?$AAd?$AAi?$AAn?$AAg?$AA?5?$AAb?$AAo?$AAo?$AAt?$AA?5?$AAr?$AAe?$AAq?$AAu?$AAe?$AAs?$AAt?$AA?4?$AA?4?$AA?4?$AA?$AN?$AA?6?$AA?$AA@ 00011df4     main.obj
 0001:00000e28       ??_C@_0CF@HFLCOCEL@Please?5send?5the?5Image?5through?5US@ 00011e28     main.obj
 0001:00000e50       ??_C@_0CB@DLJNHHLM@INFO?3?5?$CK?$CK?$CK?5Device?5Name?5?8?$CFs?8?5?$CK?$CK?$CK?$AN?6@ 00011e50     main.obj
 0001:00000e74       ??_C@_1CG@LILOOAOE@?$AA?$CL?$AAO?$AAE?$AAM?$AAP?$AAr?$AAe?$AAD?$AAo?$AAw?$AAn?$AAl?$AAo?$AAa?$AAd?$AA?4?$AA?$AN?$AA?6?$AA?$AA@ 00011e74     main.obj
 0001:00000e9c       ??_C@_1CA@LHEBGHJD@?$AA?$CL?$AAO?$AAE?$AAM?$AAR?$AAe?$AAa?$AAd?$AAD?$AAa?$AAt?$AAa?$AA?4?$AA?$AN?$AA?6?$AA?$AA@ 00011e9c     main.obj
 0001:00000ebc       ??_C@_1M@ODGLLCKM@?$AA?$CF?$AAd?$AA?4?$AA?$AN?$AA?6?$AA?$AA@ 00011ebc     main.obj
 0001:00000ec8       ??_C@_1CI@EJEGBDJI@?$AA_?$AAO?$AAE?$AAM?$AAV?$AAe?$AAr?$AAi?$AAf?$AAy?$AAM?$AAe?$AAm?$AAo?$AAr?$AAy?$AA?4?$AA?$AN?$AA?6?$AA?$AA@ 00011ec8     main.obj
 0001:00000ef0       ??_C@_1DI@IBOHECO@?$AAB?$AAI?$AAN?$AA?5?$AAi?$AAm?$AAa?$AAg?$AAe?$AA?5?$AAt?$AAy?$AAp?$AAe?$AA?5?$AAi?$AAs?$AA?5?$AAu?$AAn?$AAk?$AAn?$AAo?$AAw?$AAn?$AA?$AN?$AA?6?$AA?$AA@ 00011ef0     main.obj
 0001:00000f28       ??_C@_0CL@OJLNKDHN@OEMVerifyMemory?3?5Don?8t?5support?5r@ 00011f28     main.obj
 0001:00000f54       ??_C@_0BN@BHBELIFJ@OEMVerifyMemory?3?5RAM?5image?$AN?6?$AA@ 00011f54     main.obj
 0001:00000f74       ??_C@_0BP@EBMLMIOL@OEMVerifyMemory?3?5Eboot?5image?$AN?6?$AA@ 00011f74     main.obj
 0001:00000f94       ??_C@_0CB@IILJAOHA@OEMVerifyMemory?3?5Stepldr?5image?$AN?6@ 00011f94     main.obj
 0001:00000fb8       ??_C@_1EE@JMLPHKBL@?$AAd?$AAw?$AAS?$AAt?$AAa?$AAr?$AAt?$AAA?$AAd?$AAd?$AAr?$AA?3?$AA0?$AAx?$AA?$CF?$AAx?$AA?0?$AA?5?$AAd?$AAw?$AAL?$AAe?$AAn?$AAg?$AAt?$AAh?$AA?3?$AA0?$AAx?$AA?$CF?$AAx?$AA?$AN@ 00011fb8     main.obj
 0001:00000ffc       ??_C@_1CI@DKOBFBHO@?$AA?$CL?$AAO?$AAE?$AAM?$AAV?$AAe?$AAr?$AAi?$AAf?$AAy?$AAM?$AAe?$AAm?$AAo?$AAr?$AAy?$AA?4?$AA?$AN?$AA?6?$AA?$AA@ 00011ffc     main.obj
 0001:00001028       ??_C@_0EA@GFHGEBAD@WARNING?3?5OEMMultiBINNotify?3?5Inva@ 00012028     main.obj
 0001:00001068       ??_C@_1CM@CACCPAAK@?$AA_?$AAO?$AAE?$AAM?$AAM?$AAu?$AAl?$AAt?$AAi?$AAB?$AAI?$AAN?$AAN?$AAo?$AAt?$AAi?$AAf?$AAy?$AA?4?$AA?$AN?$AA?6?$AA?$AA@ 00012068     main.obj
 0001:00001098       ??_C@_0EB@JCPIKLDC@WARNING?3?5OEMMultiBINNotify?3?5Bad?5@ 00012098     main.obj
 0001:000010dc       ??_C@_0CH@HMPLPLKL@?$FL?$CFd?$FN?3?5Base?5Address?$DN0x?$CFx?5?5Length?$DN@ 000120dc     main.obj
 0001:00001104       ??_C@_0CD@LHCIPCGL@?$AN?6Download?5BIN?5file?5information?3@ 00012104     main.obj
 0001:00001128       ??_C@_0DI@GGGNACF@?9?9?9?9?9?9?9?9?9?9?9?9?9?9?9?9?9?9?9?9?9?9?9?9?9?9?9?9?9?9?9?9@ 00012128     main.obj
 0001:00001160       ??_C@_1CM@IIGCLNOI@?$AA?$CL?$AAO?$AAE?$AAM?$AAM?$AAu?$AAl?$AAt?$AAi?$AAB?$AAI?$AAN?$AAN?$AAo?$AAt?$AAi?$AAf?$AAy?$AA?4?$AA?$AN?$AA?6?$AA?$AA@ 00012160     main.obj
 0001:0000118c       ??_C@_0BH@IHKGCAHP@?$FL?$CFd?$FN?5Module?5Name?3?5?$CFs?$AN?6?$AA@ 0001218c     main.obj
 0001:000011a4       ??_C@_06OLEINIPO@nk?4exe?$AA@ 000121a4     main.obj
 0001:000011ac       ??_C@_0BK@ONGNPODP@?$FLeBOOT?$FN?$CL?$CL?5Restore?5logo?5?6?$AN?$AA@ 000121ac     main.obj
 0001:000011c8       ??_C@_0BK@HOMNEJKJ@?$FLeBOOT?$FN?9?9?5Restore?5logo?5?6?$AN?$AA@ 000121c8     main.obj
 0001:000011e4       ??_C@_0CB@GDACFJGJ@?$FLLDI?3ERR?$FN?5framebuffer?5at?3?50x?$CFX?6?$AN@ 000121e4     main.obj
 0001:00001208       ??_C@_0CG@OOBFHDC@?$FLeBOOT?$FN?9?9BBP?5of?5?$CFd?5is?5not?5suppor@ 00012208     main.obj
 0001:00001230       ??_C@_0CC@GEBEKLF@?$FLeBOOT?$FN?9?9?5display?5bpp?3?5?$CFd?5found?6@ 00012230     main.obj
 0001:00001254       ??_C@_0BB@MEBHIIAP@SpinForever?4?4?4?$AN?6?$AA@ 00012254     main.obj
 0001:00001268       ??_C@_1EK@JJGJDFDE@?$AA?$CF?$AA2?$AAx?$AA?5?$AA?3?$AA?5?$AA?$CF?$AA2?$AAx?$AA?5?$AA?3?$AA?5?$AA?$CF?$AA2?$AAx?$AA?5?$AA?5?$AA?$CF?$AA1?$AA0?$AAs?$AA?0?$AA?5?$AA?5?$AA?$CF?$AA2?$AAx?$AA?1?$AA?$CF?$AA2?$AAx?$AA?1@ 00012268     main.obj
 0001:000012b4       ??_C@_0DF@JLKFBNBO@?$AN?6Enter?5maximum?5number?5of?5second@ 000122b4     main.obj
 0001:000012ec       ??_C@_0CN@HEJKGFJO@OEMPlatformInit?3?5Failed?5to?5initi@ 000122ec     main.obj
 0001:00001320       ??_C@_1KA@DGEICKPN@?$AAW?$AAA?$AAR?$AAN?$AAI?$AAN?$AAG?$AA?3?$AA?5?$AAM?$AAa?$AAi?$AAn?$AAM?$AAe?$AAn?$AAu?$AA?3?$AA?5?$AAF?$AAa?$AAi?$AAl?$AAe?$AAd?$AA?5?$AAt?$AAo?$AA?5?$AAs?$AAt?$AAo@ 00012320     main.obj
 0001:000013c0       ??_C@_1EG@FNOFMIMJ@?$AAE?$AAr?$AAr?$AAo?$AAr?$AA?5?$AAw?$AAh?$AAe?$AAn?$AA?5?$AAW?$AAr?$AAi?$AAt?$AAe?$AAL?$AAo?$AAg?$AAo?$AAT?$AAo?$AAB?$AAo?$AAo?$AAt?$AAM?$AAe?$AAd?$AAi?$AAa?$AA?4@ 000123c0     main.obj
 0001:00001408       ??_C@_1CM@IKNHHBF@?$AAg?$AAo?$AAi?$AAn?$AAg?$AA?5?$AAt?$AAo?$AA?5?$AAc?$AAo?$AAn?$AAv?$AAe?$AAr?$AAt?$AA?5?$AAi?$AAt?$AA?$AN?$AA?6?$AA?$AA@ 00012408     main.obj
 0001:00001434       ??_C@_0BJ@COKOODN@Does?5this?5look?5OK?$DP?5?$CIy?1n?$CJ?$AA@ 00012434     main.obj
 0001:00001450       ??_C@_1FC@IFNBOEOJ@?$AAo?$AAh?$AA?5?$AAc?$AA?8?$AAm?$AAo?$AAn?$AA?$CB?$AA?5?$AA?$CF?$AAd?$AA?5?$AAK?$AAB?$AA?5?$AAi?$AAs?$AA?5?$AAt?$AAo?$AAo?$AA?5?$AAm?$AAu?$AAc?$AAh?$AA?5?$AAt?$AAo?$AA?5?$AAh@ 00012450     main.obj
 0001:000014a8       ??_C@_1EI@HCHKIKMD@?$AAP?$AAl?$AAe?$AAa?$AAs?$AAe?$AA?5?$AAs?$AAe?$AAn?$AAd?$AA?5?$AAt?$AAh?$AAe?$AA?5?$AAL?$AAo?$AAg?$AAo?$AA?5?$AAt?$AAh?$AAr?$AAo?$AAu?$AAg?$AAh?$AA?5?$AAU?$AAS?$AAB@ 000124a8     main.obj
 0001:000014f0       ??_C@_1CK@INGOMIKP@?$AAD?$AAo?$AAw?$AAn?$AAl?$AAo?$AAa?$AAd?$AA?5?$AAa?$AAt?$AA?3?$AA?5?$AA0?$AAx?$AA?$CF?$AAx?$AA?4?$AA?$AN?$AA?6?$AA?$AA@ 000124f0     main.obj
 0001:0000151c       ??_C@_1DM@JDMDBKJI@?$AAY?$AAo?$AAu?$AA?5?$AAu?$AAp?$AAl?$AAo?$AAa?$AAd?$AAe?$AAd?$AA?5?$AA?$CF?$AAd?$AA?5?$AAK?$AAB?$AA?5?$AAo?$AAf?$AA?5?$AAd?$AAa?$AAt?$AAa?$AA?4?$AA?$AN?$AA?6?$AA?$AA@ 0001251c     main.obj
 0001:00001558       ??_C@_1EE@GGNAHBDI@?$AAF?$AAi?$AAl?$AAe?$AA?5?$AAs?$AAh?$AAo?$AAu?$AAl?$AAd?$AA?5?$AAb?$AAe?$AA?5?$AAl?$AAo?$AAc?$AAa?$AAt?$AAe?$AAd?$AA?5?$AAa?$AAt?$AA?3?$AA?5?$AA0?$AAx?$AA?$CF?$AAx?$AA?$AN@ 00012558     main.obj
 0001:0000159c       ??_C@_1CO@DMBBNNGL@?$AAS?$AAu?$AAc?$AAc?$AAe?$AAs?$AAs?$AAf?$AAu?$AAl?$AAl?$AAy?$AA?5?$AAW?$AAr?$AAi?$AAt?$AAt?$AAe?$AAn?$AA?$AN?$AA?6?$AA?$AA@ 0001259c     main.obj
 0001:000015d0       ??_C@_1JG@HNCGBIEG@?$AAW?$AAA?$AAR?$AAN?$AAI?$AAN?$AAG?$AA?3?$AA?5?$AAM?$AAa?$AAi?$AAn?$AAM?$AAe?$AAn?$AAu?$AA?3?$AA?5?$AAF?$AAa?$AAi?$AAl?$AAe?$AAd?$AA?5?$AAt?$AAo?$AA?5?$AAs?$AAt?$AAo@ 000125d0     main.obj
 0001:00001668       ??_C@_0CB@NHPCMJOP@?$AN?6?5Sector?5Start?5Address?5?3?50x?$CFx?$AN?6@ 00012668     main.obj
 0001:0000168c       ??_C@_0DK@MKMDCHAC@?$CFs?5Flash?5Info?3?3?5Blocks?3?$FL?$CFd?$FN?5x?5Bl@ 0001268c     main.obj
 0001:000016c8       ??_C@_0DL@KDIIKAOM@?5?5?5?5?5?5?5?5?5?5?5?5?5?5?5?3?3?5SectorsPerBloc@ 000126c8     main.obj
 0001:00001704       ??_C@_04HAJMPNMD@?5NOR?$AA@ 00012704     main.obj
 0001:0000170c       ??_C@_04BDKHPLFJ@NAND?$AA@ 0001270c     main.obj
 0001:00001718       ??_C@_1HE@IMEIMDDH@?$AAE?$AAR?$AAR?$AAO?$AAR?$AA?3?$AA?5?$AAB?$AAo?$AAo?$AAt?$AAM?$AAo?$AAn?$AAi?$AAt?$AAo?$AAr?$AA?3?$AA?5?$AAL?$AAo?$AAw?$AA?9?$AAl?$AAe?$AAv?$AAe?$AAl?$AA?5?$AAb?$AAo@ 00012718     main.obj
 0001:00001790       ??_C@_0GB@BMOMKCGI@CAUTION?$CB?5This?5will?5erase?5all?5OS?5@ 00012790     main.obj
 0001:000017f4       ??_C@_0CK@LEBMMLAO@Boot?5block?5?$CIReserved?$CJ?5marked?5for@ 000127f4     main.obj
 0001:00001820       ??_C@_0EP@EHGIOJEP@It?5will?5be?5erased?5when?5a?5new?5Ebo@ 00012820     main.obj
 0001:00001870       ??_C@_1GC@FEDGBHDJ@?$AAE?$AAR?$AAR?$AAO?$AAR?$AA?3?$AA?5?$AAB?$AAo?$AAo?$AAt?$AAM?$AAo?$AAn?$AAi?$AAt?$AAo?$AAr?$AA?3?$AA?5?$AAb?$AAo?$AAo?$AAt?$AA?5?$AAm?$AAe?$AAd?$AAi?$AAa?$AA?5?$AAd@ 00012870     main.obj
 0001:000018d4       ??_C@_09COCMBEKE@All?5Block?$AA@ 000128d4     main.obj
 0001:000018e0       ??_C@_0HA@DPIGGGOH@CAUTION?$CB?5This?5will?5erase?5all?5DAT@ 000128e0     main.obj
 0001:00001950       ??_C@_0BC@IBBPODEC@?4?4?4TOC?5complete?$AN?6?$AA@ 00012950     main.obj
 0001:00001964       ??_C@_1CI@NJIFDNBF@?$AAT?$AAO?$AAC?$AA_?$AAW?$AAr?$AAi?$AAt?$AAe?$AA?5?$AAF?$AAa?$AAi?$AAl?$AAe?$AAd?$AA?$CB?$AA?$AN?$AA?6?$AA?$AA@ 00012964     main.obj
 0001:0000198c       ??_C@_0CL@OEBIGAND@Resetting?5default?5TOC?4?4?4Wait?5to?5@ 0001298c     main.obj
 0001:000019b8       ??_C@_1CI@LDOLEINI@?$AA_?$AAO?$AAE?$AAM?$AAP?$AAl?$AAa?$AAt?$AAf?$AAo?$AAr?$AAm?$AAI?$AAn?$AAi?$AAt?$AA?4?$AA?$AN?$AA?6?$AA?$AA@ 000129b8     main.obj
 0001:000019e0       ??_C@_0EE@GLGGMDKK@ERROR?3?5OEMPlatformInit?3?5Failed?5t@ 000129e0     main.obj
 0001:00001a24       ??_C@_0DI@JCBPOKAE@OEMPlatformInit?3?5Initialized?5USB@ 00012a24     main.obj
 0001:00001a60       ??_C@_0EB@GDGIADFH@OEMPlatformInit?3?5Failed?5to?5initi@ 00012a60     main.obj
 0001:00001aa4       ??_C@_0CM@GDNMKJJL@OEMPlatformInit?3?5BootDevice?5?9?5US@ 00012aa4     main.obj
 0001:00001ad0       ??_C@_0CN@PEJLNJPM@Waiting?5for?5Platform?5Builder?5to?5@ 00012ad0     main.obj
 0001:00001b00       ??_C@_0DH@GHNFPPAJ@OEMPlatformInit?3?5Initialized?5USB@ 00012b00     main.obj
 0001:00001b38       ??_C@_0EH@DKNHKMGN@OEMPlatformInit?3?5ERROR?3?5Failed?5t@ 00012b38     main.obj
 0001:00001b80       ??_C@_0CL@NKNOEBDA@OEMPlatformInit?3?5BootDevice?5?9?5US@ 00012b80     main.obj
 0001:00001bac       ??_C@_0DF@KIGJGEBO@OEMPlatformInit?3?5ERROR?3?5unknown?5@ 00012bac     main.obj
 0001:00001be4       ??_C@_0CB@MFPOKAPM@Don?8t?5support?5launch?5EBOOT?4bin?$AN?6@ 00012be4     main.obj
 0001:00001c08       ??_C@_0EA@LHIJENCD@OEMPlatformInit?5ERROR?3?5Failed?5to@ 00012c08     main.obj
 0001:00001c48       ??_C@_1EO@LBKDMMGG@?$AAO?$AAE?$AAM?$AAP?$AAl?$AAa?$AAt?$AAf?$AAo?$AAr?$AAm?$AAI?$AAn?$AAi?$AAt?$AA?3?$AA?5?$AAI?$AAM?$AAA?$AAG?$AAE?$AA_?$AAT?$AAY?$AAP?$AAE?$AA_?$AAR?$AAA?$AAM?$AAI@ 00012c48     main.obj
 0001:00001c98       ??_C@_0CD@JHCCMGMB@Don?8t?5support?5launch?5STEPLDR?4bin@ 00012c98     main.obj
 0001:00001cbc       ??_C@_0DD@LDKOJHEA@OEMPlatformInit?5ERROR?3?5unknown?5i@ 00012cbc     main.obj
 0001:00001cf0       ??_C@_0DI@CNJFMBKG@OEMPlatformInit?3?5ERROR_INVALID_T@ 00012cf0     main.obj
 0001:00001d28       ??_C@_0CA@PNKNLACN@?$AN?6Starting?5auto?9download?5?4?4?4?5?$AN?6?$AA@ 00012d28     main.obj
 0001:00001d48       ??_C@_0CJ@PCGABLON@?$AN?6Launching?5image?5from?5boot?5medi@ 00012d48     main.obj
 0001:00001d74       ??_C@_1DE@DLNCLHEO@?$AAw?$AAN?$AAU?$AAM?$AA_?$AAB?$AAL?$AAO?$AAC?$AAK?$AAS?$AA?5?$AA?3?$AA?5?$AA?$CF?$AAd?$AA?$CI?$AA0?$AAx?$AA?$CF?$AAx?$AA?$CJ?$AA?5?$AA?$AN?$AA?6?$AA?$AA@ 00012d74     main.obj
 0001:00001da8       ??_C@_1GE@PICKJMPL@?$AAE?$AAR?$AAR?$AAO?$AAR?$AA?3?$AA?5?$AAB?$AAL?$AAF?$AAl?$AAa?$AAs?$AAh?$AAD?$AAo?$AAw?$AAn?$AAl?$AAo?$AAa?$AAd?$AA?3?$AA?5?$AAF?$AAM?$AAD?$AA_?$AAG?$AAe?$AAt?$AAI@ 00012da8     main.obj
 0001:00001e10       ??_C@_1HI@LPCNMJDK@?$AAW?$AAA?$AAR?$AAN?$AAI?$AAN?$AAG?$AA?3?$AA?5?$AAO?$AAE?$AAM?$AAP?$AAl?$AAa?$AAt?$AAf?$AAo?$AAr?$AAm?$AAI?$AAn?$AAi?$AAt?$AA?5?$AAf?$AAa?$AAi?$AAl?$AAe?$AAd?$AA?5@ 00012e10     main.obj
 0001:00001e88       ??_C@_1BE@CFMGMFAD@?$AAB?$AAP?$AA_?$AAI?$AAn?$AAi?$AAt?$AA?$AN?$AA?6?$AA?$AA@ 00012e88     main.obj
 0001:00001e9c       ??_C@_0M@CHNCHHEC@Feb?5?51?52013?$AA@ 00012e9c     main.obj
 0001:00001ea8       ??_C@_0FE@MFHHNAPB@Microsoft?5Windows?5CE?5Bootloader?5@ 00012ea8     main.obj
 0001:00001efc       ??_C@_1CI@MAEMAKDO@?$AA?$CL?$AAO?$AAE?$AAM?$AAP?$AAl?$AAa?$AAt?$AAf?$AAo?$AAr?$AAm?$AAI?$AAn?$AAi?$AAt?$AA?4?$AA?$AN?$AA?6?$AA?$AA@ 00012efc     main.obj
 0001:00001f24       ??_C@_0BP@DPJKPABD@ERROR?3?5OEMLaunch?3?5Halting?4?4?4?$AN?6?$AA@ 00012f24     main.obj
 0001:00001f48       ??_C@_0FE@KMLFCHEB@INFO?3?5OEMLaunch?3?5Jumping?5to?5Phys@ 00012f48     main.obj
 0001:00001f9c       ??_C@_1BA@FDKAAGHI@?$AA0?$AAx?$AA?$CF?$AA0?$AA2?$AAx?$AA?5?$AA?$AA@ 00012f9c     main.obj
 0001:00001fac       ??_C@_1CC@JPOBLKHL@?$AAp?$AAB?$AAS?$AAP?$AAA?$AAr?$AAg?$AAs?$AA?5?$AA?3?$AA0?$AAx?$AA?$CF?$AAx?$AA?$AN?$AA?6?$AA?$AA@ 00012fac     main.obj
 0001:00001fd0       ??_C@_1FE@PFELMMJG@?$AAI?$AAN?$AAF?$AAO?$AA?3?$AA?5?$AAu?$AAs?$AAi?$AAn?$AAg?$AA?5?$AAT?$AAO?$AAC?$AA?$FL?$AA?$CF?$AAd?$AA?$FN?$AA?5?$AAd?$AAw?$AAJ?$AAu?$AAm?$AAp?$AAA?$AAd?$AAd?$AAr?$AAe?$AAs@ 00012fd0     main.obj
 0001:00002024       ??_C@_0DE@KBGBIAGB@ERROR?3?5OEMLaunch?3?5EbootWaitForHo@ 00013024     main.obj
 0001:00002058       ??_C@_0BG@KOENJGFK@Wait?5For?5Connect?4?4?4?$AN?6?$AA@ 00013058     main.obj
 0001:00002070       ??_C@_0CF@EHDJNBMM@Eboot?5image?5can?8t?5launch?5from?5ra@ 00013070     main.obj
 0001:00002098       ??_C@_0CH@FDBDCICC@Stepldr?5image?5can?8t?5launch?5from?5@ 00013098     main.obj
 0001:000020c0       ??_C@_0CE@BHICNGLD@You?5should?5program?5it?5into?5flash@ 000130c0     main.obj
 0001:000020e8       ??_C@_0EH@MIJPKFMG@INFO?3?5Eboot?5image?5stored?5to?5Smar@ 000130e8     main.obj
 0001:00002130       ??_C@_05FFPNNEGM@EBOOT?$AA@ 00013130     main.obj
 0001:00002138       ??_C@_0CK@EMMDCFIP@INFO?3?5using?5TOC?$FL?$CFd?$FN?5dwJumpAddres@ 00013138     main.obj
 0001:00002168       ??_C@_0EP@INKDBDBG@?$CK?$CK?$CK?5OEMLaunch?5ERROR?3?5TOC_Write?5f@ 00013168     main.obj
 0001:000021b8       ??_C@_0EN@FILDIMK@INFO?3?5Step?5loader?5image?5stored?5t@ 000131b8     main.obj
 0001:00002208       ??_C@_0DK@NMEMLEFF@ERROR?3?5OEMLaunch?3?5Failed?5to?5stor@ 00013208     main.obj
 0001:00002244       ??_C@_0L@JCIALDL@StepLoader?$AA@ 00013244     main.obj
 0001:00002250       ??_C@_1BM@FHAHCIEC@?$AA?$CL?$AAO?$AAE?$AAM?$AAL?$AAa?$AAu?$AAn?$AAc?$AAh?$AA?4?$AA?$AN?$AA?6?$AA?$AA@ 00013250     main.obj
 0001:000023d0       ??_C@_1CE@PPOLGCBE@?$AA?9?$AAI?$AAn?$AAi?$AAt?$AAE?$AAt?$AAh?$AAD?$AAe?$AAv?$AAi?$AAc?$AAe?$AA?4?$AA?$AN?$AA?6?$AA?$AA@ 000133d0     ether.obj
 0001:000023f8       ??_C@_1FK@CKEKMON@?$AAE?$AAR?$AAR?$AAO?$AAR?$AA?3?$AA?5?$AAI?$AAn?$AAi?$AAt?$AAE?$AAt?$AAh?$AAD?$AAe?$AAv?$AAi?$AAc?$AAe?$AA?3?$AA?5?$AAI?$AAn?$AAv?$AAa?$AAl?$AAi?$AAd?$AA?5?$AAM?$AAA@ 000133f8     ether.obj
 0001:00002458       ??_C@_1IE@KMGADJHJ@?$AAE?$AAR?$AAR?$AAO?$AAR?$AA?3?$AA?5?$AAI?$AAn?$AAi?$AAt?$AAE?$AAt?$AAh?$AAD?$AAe?$AAv?$AAi?$AAc?$AAe?$AA?3?$AA?5?$AAF?$AAa?$AAi?$AAl?$AAe?$AAd?$AA?5?$AAt?$AAo?$AA?5@ 00013458     ether.obj
 0001:000024dc       ??_C@_1CE@DGCLJFOI@?$AA?$CL?$AAI?$AAn?$AAi?$AAt?$AAE?$AAt?$AAh?$AAD?$AAe?$AAv?$AAi?$AAc?$AAe?$AA?4?$AA?$AN?$AA?6?$AA?$AA@ 000134dc     ether.obj
 0001:00002500       ??_C@_0CM@PEMGPOKC@INFO?3?5OEMEthSendFrame?3?5retrying?5@ 00013500     ether.obj
 0001:000025c0       ??_C@_1DG@MKHMFGCD@?$AAO?$AAE?$AAM?$AAM?$AAa?$AAp?$AAM?$AAe?$AAm?$AAA?$AAd?$AAd?$AAr?$AA?5?$AA0?$AAx?$AA?$CF?$AAx?$AA?5?$AA?5?$AA0?$AAx?$AA?$CF?$AAx?$AA?$AN?$AA?6?$AA?$AA@ 000135c0     flash.obj
 0001:000025f8       ??_C@_0N@CPDDMNGC@BootCfg?5?$HL?5?$AN?6?$AA@ 000135f8     nand.obj
 0001:00002608       ??_C@_0BG@EPEDPIMK@?5?5ConfigFlags?3?50x?$CFx?$AN?6?$AA@ 00013608     nand.obj
 0001:00002620       ??_C@_0BE@FIJGOOJJ@?5?5BootDelay?3?50x?$CFx?$AN?6?$AA@ 00013620     nand.obj
 0001:00002634       ??_C@_0BE@HMEKOBIH@?5?5ImageIndex?3?5?$CFd?5?$AN?6?$AA@ 00013634     nand.obj
 0001:00002648       ??_C@_0BE@LCOFHPJL@?5?5Boot?5Device?3?5?$CFs?$AN?6?$AA@ 00013648     nand.obj
 0001:0000265c       ??_C@_0L@PDINKPHL@?5?5IP?3?5?$CFs?$AN?6?$AA@ 0001365c     nand.obj
 0001:00002668       ??_C@_0CD@DDINOIJK@?5?5MAC?5Address?3?5?$CFB?3?$CFB?3?$CFB?3?$CFB?3?$CFB?3?$CFB@ 00013668     nand.obj
 0001:0000268c       ??_C@_0N@HMPKPEGF@?5?5Port?3?5?$CFs?$AN?6?$AA@ 0001368c     nand.obj
 0001:0000269c       ??_C@_0BD@JFJMJPAF@?5?5SubnetMask?3?5?$CFs?$AN?6?$AA@ 0001369c     nand.obj
 0001:000026b0       ??_C@_03LFNJCDHL@?$HN?$AN?6?$AA@ 000136b0     nand.obj
 0001:000026b4       ??_C@_0BC@CMMAAAKE@?$CLBootConfigInit?$AN?6?$AA@ 000136b4     nand.obj
 0001:000026c8       ??_C@_0O@GPLIEJBJ@169?4254?41?4101?$AA@ 000136c8     nand.obj
 0001:000026d8       ??_C@_0O@HGNGLBEC@255?4255?4255?40?$AA@ 000136d8     nand.obj
 0001:000026e8       ??_C@_0BC@CCLMLMCB@?9BootConfigInit?$AN?6?$AA@ 000136e8     nand.obj
 0001:000026fc       ??_C@_0BO@POEHNODL@?5?5sgList?$FL?$CFu?$FN?4dwSector?3?50x?$CFx?$AN?6?$AA@ 000136fc     nand.obj
 0001:0000271c       ??_C@_0BO@GPFMIPDF@?5?5sgList?$FL?$CFu?$FN?4dwLength?3?50x?$CFx?$AN?6?$AA@ 0001371c     nand.obj
 0001:0000273c       ??_C@_0L@GODFOKNP@ID?$FL?$CFu?$FN?5?$HL?$AN?6?$AA@ 0001373c     nand.obj
 0001:00002748       ??_C@_0BE@GDEGIDNH@?5?5dwVersion?3?50x?$CFx?$AN?6?$AA@ 00013748     nand.obj
 0001:0000275c       ??_C@_0BG@CIGDJAF@?5?5dwSignature?3?50x?$CFx?$AN?6?$AA@ 0001375c     nand.obj
 0001:00002774       ??_C@_0BB@FDNDAFHN@?5?5String?3?5?8?$CFs?8?$AN?6?$AA@ 00013774     nand.obj
 0001:00002788       ??_C@_0BG@JPPPMJHI@?5?5dwImageType?3?50x?$CFx?$AN?6?$AA@ 00013788     nand.obj
 0001:000027a0       ??_C@_0BH@GIKFDOPM@?5?5dwTtlSectors?3?50x?$CFx?$AN?6?$AA@ 000137a0     nand.obj
 0001:000027b8       ??_C@_0BI@KMNKEIIG@?5?5dwLoadAddress?3?50x?$CFx?$AN?6?$AA@ 000137b8     nand.obj
 0001:000027d0       ??_C@_0BI@DOAODCJF@?5?5dwJumpAddress?3?50x?$CFx?$AN?6?$AA@ 000137d0     nand.obj
 0001:000027e8       ??_C@_0BI@GHCLPFMO@?5?5dwStoreOffset?3?50x?$CFx?$AN?6?$AA@ 000137e8     nand.obj
 0001:00002800       ??_C@_0CA@NEPLBIBK@chainInfo?4dwLoadAddress?3?50X?$CFX?$AN?6?$AA@ 00013800     nand.obj
 0001:00002820       ??_C@_0CB@OANIHCAF@chainInfo?4dwFlashAddress?3?50X?$CFX?$AN?6@ 00013820     nand.obj
 0001:00002844       ??_C@_0BL@PEHJLAFE@chainInfo?4dwLength?3?50X?$CFX?$AN?6?$AA@ 00013844     nand.obj
 0001:00002860       ??_C@_0CL@GIIMEPHI@?$CB?$CB?$CBInvalid?5Image?5Descriptor?3?5id?$FL@ 00013860     nand.obj
 0001:0000288c       ??_C@_0BE@ENIFMMGA@g_dwTocEntry?5?3?5?$CFd?$AN?6?$AA@ 0001388c     nand.obj
 0001:000028a0       ??_C@_07PPPGNDLI@TOC?5?$HL?$AN?6?$AA@ 000138a0     nand.obj
 0001:000028a8       ??_C@_0BE@LKCNKEHD@dwSignature?3?50x?$CFx?$AN?6?$AA@ 000138a8     nand.obj
 0001:000028bc       ??_C@_09IMLFAILL@eboot?4nb0?$AA@ 000138bc     nand.obj
 0001:000028c8       ??_C@_0CO@ODPPDMDA@ERROR?3?5OEMLaunch?3?5unknown?5image?5@ 000138c8     nand.obj
 0001:000028f8       ??_C@_0CN@IACCBENF@?$AN?6?$CK?$CK?$CK?5WARNING?3?5TOC_Init?5blasting@ 000138f8     nand.obj
 0001:00002928       ??_C@_0GH@LGOMHGNJ@TOC_Init?3?5dwEntry?3?$CFu?0?5dwImageTyp@ 00013928     nand.obj
 0001:00002990       ??_C@_0DI@KILFNEGB@TOC_Read?5ERROR?3?5SectorInfo?5verif@ 00013990     nand.obj
 0001:000029c8       ??_C@_0M@MACJOMKC@?9TOC_Read?$AN?6?$AA@ 000139c8     nand.obj
 0001:000029d8       ??_C@_0EP@GMLODEBC@TOC_Read?5WARN?3?5Eboot?5version?5mis@ 000139d8     nand.obj
 0001:00002a28       ??_C@_0CI@ELLBPMCL@Invalidating?5TOC?5for?5re?9initiali@ 00013a28     nand.obj
 0001:00002a50       ??_C@_0CO@LOFHMIMD@TOC_Read?5ERROR?3?5INVALID_TOC?5Sign@ 00013a50     nand.obj
 0001:00002a80       ??_C@_0CF@HIAIHKEM@TOC_Read?5ERROR?3?5Unable?5to?5read?5T@ 00013a80     nand.obj
 0001:00002aa8       ??_C@_0CA@JBNMNLHC@TOC_Read?5ERROR?3?5no?5boot?5media?$AN?6?$AA@ 00013aa8     nand.obj
 0001:00002ac8       ??_C@_0L@FGOFEBDH@TOC_Read?$AN?6?$AA@ 00013ac8     nand.obj
 0001:00002ad4       ??_C@_0N@FPAAHDAA@?9TOC_Write?$AN?6?$AA@ 00013ad4     nand.obj
 0001:00002ae4       ??_C@_0DJ@KGPFGKJC@TOC_Write?5ERROR?3?5SectorInfo?5veri@ 00013ae4     nand.obj
 0001:00002b20       ??_C@_0CF@HKGMDOMH@TOC_Write?5ERROR?3?5TOC?5verify?5fail@ 00013b20     nand.obj
 0001:00002b48       ??_C@_0CN@CHHOCEMC@TOC_Write?5ERROR?3?5Unable?5to?5read?1@ 00013b48     nand.obj
 0001:00002b78       ??_C@_0CG@BOEGBDIH@TOC_Write?5ERROR?3?5Unable?5to?5save?5@ 00013b78     nand.obj
 0001:00002ba0       ??_C@_1EG@MEEIPAOM@?$AAT?$AAO?$AAC?$AA_?$AAW?$AAr?$AAi?$AAt?$AAe?$AA?5?$AAE?$AAR?$AAR?$AAO?$AAR?$AA?3?$AA?5?$AAE?$AAr?$AAa?$AAs?$AAe?$AAB?$AAl?$AAo?$AAc?$AAk?$AA?$FL?$AA?$CF?$AAd?$AA?$FN?$AA?5@ 00013ba0     nand.obj
 0001:00002be8       ??_C@_0DF@ECGNLKOF@TOC_Write?5ERROR?3?5INVALID_IMAGE?$FL?$CF@ 00013be8     nand.obj
 0001:00002c20       ??_C@_0CP@EFNMKHDO@TOC_Write?5ERROR?3?5INVALID_TOC?5Sig@ 00013c20     nand.obj
 0001:00002c50       ??_C@_0CA@JLLBILBC@TOC_Write?5WARN?3?5no?5boot?5media?$AN?6?$AA@ 00013c50     nand.obj
 0001:00002c70       ??_C@_0N@PPOFKMNN@?$CLTOC_Write?$AN?6?$AA@ 00013c70     nand.obj
 0001:00002c80       ??_C@_0BL@IBNCBFJM@?$FLDump?5XIP?5Chain?5Summary?$FN?$AN?6?$AA@ 00013c80     nand.obj
 0001:00002c9c       ??_C@_0BC@PLGJLODE@?5?9?5pvAddr?3?50x?$CFx?$AN?6?$AA@ 00013c9c     nand.obj
 0001:00002cb0       ??_C@_0BG@CEJEPBJC@?5?9?5dwMaxLength?5?3?5?$CFd?$AN?6?$AA@ 00013cb0     nand.obj
 0001:00002cc8       ??_C@_0BE@JKLHJCHG@?5?9?5usOrder?5?3?50x?$CFx?$AN?6?$AA@ 00013cc8     nand.obj
 0001:00002cdc       ??_C@_0BE@HBHGBOLJ@?5?9?5usFlags?5?3?50x?$CFx?$AN?6?$AA@ 00013cdc     nand.obj
 0001:00002cf0       ??_C@_0BF@DJKNPPCN@?5?9?5reserved?5?3?50x?$CFx?$AN?6?$AA@ 00013cf0     nand.obj
 0001:00002d08       ??_C@_1DG@POCFDGNP@?$AA?9?$AAW?$AAr?$AAi?$AAt?$AAe?$AAO?$AAS?$AAI?$AAm?$AAa?$AAg?$AAe?$AAT?$AAo?$AAB?$AAo?$AAo?$AAt?$AAM?$AAe?$AAd?$AAi?$AAa?$AA?$AN?$AA?6?$AA?$AA@ 00013d08     nand.obj
 0001:00002d40       ??_C@_1KA@KACPKLNO@?$AA?$CK?$AA?$CK?$AA?$CK?$AA?5?$AAW?$AAA?$AAR?$AAN?$AA?3?$AA?5?$AAS?$AAt?$AAo?$AAr?$AAe?$AAI?$AAm?$AAa?$AAg?$AAe?$AAT?$AAo?$AAB?$AAo?$AAo?$AAt?$AAM?$AAe?$AAd?$AAi?$AAa?$AA?3@ 00013d40     nand.obj
 0001:00002de0       ??_C@_0GF@IDOMNDPN@ERROR?3?5StoreImageToBootMedia?3?5Fa@ 00013de0     nand.obj
 0001:00002e48       ??_C@_1KO@MJDOHGFA@?$AAE?$AAR?$AAR?$AAO?$AAR?$AA?3?$AA?5?$AAS?$AAt?$AAo?$AAr?$AAe?$AAI?$AAm?$AAa?$AAg?$AAe?$AAT?$AAo?$AAB?$AAo?$AAo?$AAt?$AAM?$AAe?$AAd?$AAi?$AAa?$AA?3?$AA?5?$AAF?$AAa@ 00013e48     nand.obj
 0001:00002ef8       ??_C@_1GI@JJEJHBOH@?$AAU?$AAp?$AAd?$AAa?$AAt?$AAe?$AA?5?$AAL?$AAa?$AAs?$AAt?$AA?5?$AAT?$AAO?$AAC?$AA?$FL?$AA?$CF?$AAd?$AA?$FN?$AA?5?$AAE?$AAn?$AAt?$AAr?$AAy?$AA?5?$AAt?$AAo?$AA?5?$AAT?$AAO?$AAC@ 00013ef8     nand.obj
 0001:00002f60       ??_C@_0BJ@KKEBOGIN@BIN?5Region?5Number?5?3?5?$CFd?$AN?6?$AA@ 00013f60     nand.obj
 0001:00002f80       ??_C@_1IG@CHAJDFJE@?$AAE?$AAR?$AAR?$AAO?$AAR?$AA?3?$AA?5?$AAW?$AAr?$AAi?$AAt?$AAe?$AAO?$AAS?$AAI?$AAm?$AAa?$AAg?$AAe?$AAT?$AAo?$AAB?$AAo?$AAo?$AAt?$AAM?$AAe?$AAd?$AAi?$AAa?$AA?3?$AA?5@ 00013f80     nand.obj
 0001:00003008       ??_C@_1II@PAOHGILJ@?$AAW?$AAr?$AAi?$AAt?$AAi?$AAn?$AAg?$AA?5?$AAs?$AAi?$AAn?$AAg?$AAl?$AAe?$AA?5?$AAr?$AAe?$AAg?$AAi?$AAo?$AAn?$AA?1?$AAm?$AAu?$AAl?$AAt?$AAi?$AA?9?$AAr?$AAe?$AAg?$AAi@ 00014008     nand.obj
 0001:00003090       ??_C@_1DO@OHELMHEB@?$AAd?$AAw?$AAM?$AAa?$AAx?$AAR?$AAe?$AAg?$AAi?$AAo?$AAn?$AAL?$AAe?$AAn?$AAg?$AAt?$AAh?$AA?$FL?$AA?$CF?$AAu?$AA?$FN?$AA?3?$AA?5?$AA0?$AAx?$AA?$CF?$AAx?$AA?5?$AA?$AN?$AA?6?$AA?$AA@ 00014090     nand.obj
 0001:000030d0       ??_C@_1HG@KGLDFPBJ@?$AA?$FL?$AA?$CF?$AAu?$AA?$FN?$AA?5?$AAB?$AAI?$AAN?$AAF?$AAS?$AAP?$AAa?$AAr?$AAt?$AAM?$AAa?$AAx?$AAL?$AAe?$AAn?$AAg?$AAt?$AAh?$AA?3?$AA?5?$AA0?$AAx?$AA?$CF?$AAx?$AA?0?$AA?5?$AAT@ 000140d0     nand.obj
 0001:00003148       ??_C@_1FG@KMPOIODG@?$AAW?$AAr?$AAi?$AAt?$AAi?$AAn?$AAg?$AA?5?$AAm?$AAu?$AAl?$AAt?$AAi?$AA?9?$AAr?$AAe?$AAg?$AAi?$AAo?$AAn?$AAs?$AA?5?$AA?3?$AA?5?$AAT?$AAo?$AAt?$AAa?$AAl?$AA?5?$AA?$CF?$AAd@ 00014148     nand.obj
 0001:000031a0       ??_C@_0EP@NGMELKFI@INFO?3?5?$CFs?3?5?$FL?$CFd?$FN?5Found?5?8chain?5info@ 000141a0     nand.obj
 0001:000031f0       ??_C@_1HE@HNAKDIOL@?$AAF?$AAo?$AAu?$AAn?$AAd?$AA?5?$AAt?$AAh?$AAe?$AA?5?$AAC?$AAh?$AAa?$AAi?$AAn?$AA?5?$AAr?$AAe?$AAg?$AAi?$AAo?$AAn?$AA?3?$AA?5?$AAS?$AAt?$AAa?$AAr?$AAt?$AAA?$AAd?$AAd@ 000141f0     nand.obj
 0001:00003264       ??_C@_0DH@EIKLFMII@Not?5Found?5pExtPointer?0?5Check?5if?5@ 00014264     nand.obj
 0001:0000329c       ??_C@_0BC@IKEOGALG@chain?5information?$AA@ 0001429c     nand.obj
 0001:000032b0       ??_C@_0DE@DNDHKIDM@INFO?3?5?$CFs?3?5?$FL?$CFd?$FN?5Found?5chain?5exten@ 000142b0     nand.obj
 0001:000032e4       ??_C@_0BI@OJAPOKOJ@WriteOSImageToBootMedia?$AA@ 000142e4     nand.obj
 0001:00003300       ??_C@_0EA@FKPGOBJL@INFO?3?5?$CFs?3?5?$FL?$CFd?$FN?5RegionStart?30x?$CFx?0@ 00014300     nand.obj
 0001:00003340       ??_C@_1CK@MNFIFCLN@?$AAE?$AAR?$AAR?$AAO?$AAR?$AA?3?$AA?5?$AAI?$AAN?$AAV?$AAA?$AAL?$AAI?$AAD?$AA_?$AAT?$AAO?$AAC?$AA?$AN?$AA?6?$AA?$AA@ 00014340     nand.obj
 0001:00003370       ??_C@_1FK@CHPOOIKC@?$AAW?$AAA?$AAR?$AAN?$AA?3?$AA?5?$AAW?$AAr?$AAi?$AAt?$AAe?$AAO?$AAS?$AAI?$AAm?$AAa?$AAg?$AAe?$AAT?$AAo?$AAB?$AAo?$AAo?$AAt?$AAM?$AAe?$AAd?$AAi?$AAa?$AA?3?$AA?5?$AAI@ 00014370     nand.obj
 0001:000033d0       ??_C@_1HA@HNEHDFFG@?$AAE?$AAR?$AAR?$AAO?$AAR?$AA?3?$AA?5?$AAW?$AAr?$AAi?$AAt?$AAe?$AAO?$AAS?$AAI?$AAm?$AAa?$AAg?$AAe?$AAT?$AAo?$AAB?$AAo?$AAo?$AAt?$AAM?$AAe?$AAd?$AAi?$AAa?$AA?3?$AA?5@ 000143d0     nand.obj
 0001:00003440       ??_C@_1MG@MHFAIABJ@?$AA?$CL?$AAW?$AAr?$AAi?$AAt?$AAe?$AAO?$AAS?$AAI?$AAm?$AAa?$AAg?$AAe?$AAT?$AAo?$AAB?$AAo?$AAo?$AAt?$AAM?$AAe?$AAd?$AAi?$AAa?$AA?3?$AA?5?$AAg?$AA_?$AAd?$AAw?$AAT?$AAo@ 00014440     nand.obj
 0001:00003508       ??_C@_1DG@PLPIMDGL@?$AA?$CL?$AAW?$AAr?$AAi?$AAt?$AAe?$AAO?$AAS?$AAI?$AAm?$AAa?$AAg?$AAe?$AAT?$AAo?$AAB?$AAo?$AAo?$AAt?$AAM?$AAe?$AAd?$AAi?$AAa?$AA?$AN?$AA?6?$AA?$AA@ 00014508     nand.obj
 0001:00003540       ??_C@_1NA@EBFDCEFM@?$AAR?$AAe?$AAa?$AAd?$AAO?$AAS?$AAI?$AAm?$AAa?$AAg?$AAe?$AAF?$AAr?$AAo?$AAm?$AAB?$AAo?$AAo?$AAt?$AAM?$AAe?$AAd?$AAi?$AAa?$AA?3?$AA?5?$AAE?$AAR?$AAR?$AAO?$AAR?$AA_@ 00014540     nand.obj
 0001:00003610       ??_C@_1DI@KLCKJDOE@?$AA_?$AAR?$AAe?$AAa?$AAd?$AAO?$AAS?$AAI?$AAm?$AAa?$AAg?$AAe?$AAF?$AAr?$AAo?$AAm?$AAB?$AAo?$AAo?$AAt?$AAM?$AAe?$AAd?$AAi?$AAa?$AA?$AN?$AA?6?$AA?$AA@ 00014610     nand.obj
 0001:00003648       ??_C@_1EO@EOEKBOAG@?$AAT?$AAO?$AAC?$AA?5?$AAE?$AAR?$AAR?$AAO?$AAR?$AA?3?$AA?5?$AAU?$AAn?$AAa?$AAb?$AAl?$AAe?$AA?5?$AAt?$AAo?$AA?5?$AAr?$AAe?$AAa?$AAd?$AA?1?$AAv?$AAe?$AAr?$AAi?$AAf?$AAy@ 00014648     nand.obj
 0001:00003698       ??_C@_1EC@CANGJDDI@?$AAc?$AAh?$AAa?$AAi?$AAn?$AAa?$AAd?$AAd?$AAr?$AA?$DN?$AA0?$AAx?$AA?$CF?$AAx?$AA?0?$AA?5?$AAf?$AAl?$AAa?$AAs?$AAh?$AAa?$AAd?$AAd?$AAr?$AA?$DN?$AA0?$AAx?$AA?$CF?$AAx?$AA?$AN?$AA?6@ 00014698     nand.obj
 0001:000036e0       ??_C@_1KA@FDNMONEC@?$AAE?$AAR?$AAR?$AAO?$AAR?$AA?3?$AA?5?$AAR?$AAe?$AAa?$AAd?$AAO?$AAS?$AAI?$AAm?$AAa?$AAg?$AAe?$AAF?$AAr?$AAo?$AAm?$AAB?$AAo?$AAo?$AAt?$AAM?$AAe?$AAd?$AAi?$AAa?$AA?3@ 000146e0     nand.obj
 0001:00003780       ??_C@_1LE@BPDAEPPB@?$AAE?$AAR?$AAR?$AAO?$AAR?$AA?3?$AA?5?$AAR?$AAe?$AAa?$AAd?$AAO?$AAS?$AAI?$AAm?$AAa?$AAg?$AAe?$AAF?$AAr?$AAo?$AAm?$AAB?$AAo?$AAo?$AAt?$AAM?$AAe?$AAd?$AAi?$AAa?$AA?3@ 00014780     nand.obj
 0001:00003838       ??_C@_1IM@LOAGMDNE@?$AAE?$AAR?$AAR?$AAO?$AAR?$AA?3?$AA?5?$AAR?$AAe?$AAa?$AAd?$AAO?$AAS?$AAI?$AAm?$AAa?$AAg?$AAe?$AAF?$AAr?$AAo?$AAm?$AAB?$AAo?$AAo?$AAt?$AAM?$AAe?$AAd?$AAi?$AAa?$AA?3@ 00014838     nand.obj
 0001:000038c8       ??_C@_1IC@JMFJGKLL@?$AAR?$AAe?$AAa?$AAd?$AAO?$AAS?$AAI?$AAm?$AAa?$AAg?$AAe?$AAF?$AAr?$AAo?$AAm?$AAB?$AAo?$AAo?$AAt?$AAM?$AAe?$AAd?$AAi?$AAa?$AA?3?$AA?5?$AAE?$AAR?$AAR?$AAO?$AAR?$AA_@ 000148c8     nand.obj
 0001:00003950       ??_C@_1FO@NFLBHKMP@?$AAE?$AAR?$AAR?$AAO?$AAR?$AA?3?$AA?5?$AAR?$AAe?$AAa?$AAd?$AAO?$AAS?$AAI?$AAm?$AAa?$AAg?$AAe?$AAF?$AAr?$AAo?$AAm?$AAB?$AAo?$AAo?$AAt?$AAM?$AAe?$AAd?$AAi?$AAa?$AA?3@ 00014950     nand.obj
 0001:000039b0       ??_C@_1HC@CDNBIAAD@?$AAE?$AAR?$AAR?$AAO?$AAR?$AA?3?$AA?5?$AAR?$AAe?$AAa?$AAd?$AAO?$AAS?$AAI?$AAm?$AAa?$AAg?$AAe?$AAF?$AAr?$AAo?$AAm?$AAB?$AAo?$AAo?$AAt?$AAM?$AAe?$AAd?$AAi?$AAa?$AA?3@ 000149b0     nand.obj
 0001:00003a24       ??_C@_1DI@NDJOHNCP@?$AA?$CL?$AAR?$AAe?$AAa?$AAd?$AAO?$AAS?$AAI?$AAm?$AAa?$AAg?$AAe?$AAF?$AAr?$AAo?$AAm?$AAB?$AAo?$AAo?$AAt?$AAM?$AAe?$AAd?$AAi?$AAa?$AA?$AN?$AA?6?$AA?$AA@ 00014a24     nand.obj
 0001:00003a5c       ??_C@_1DI@LKFDKOOB@?$AA_?$AAW?$AAr?$AAi?$AAt?$AAe?$AAR?$AAa?$AAw?$AAI?$AAm?$AAa?$AAg?$AAe?$AAT?$AAo?$AAB?$AAo?$AAo?$AAt?$AAM?$AAe?$AAd?$AAi?$AAa?$AA?$AN?$AA?6?$AA?$AA@ 00014a5c     nand.obj
 0001:00003a98       ??_C@_1FG@NHKDFGIM@?$AAW?$AAr?$AAi?$AAt?$AAe?$AAD?$AAa?$AAt?$AAa?$AA?3?$AA?5?$AAf?$AAa?$AAi?$AAl?$AAe?$AAd?$AA?5?$AAt?$AAo?$AA?5?$AAw?$AAr?$AAi?$AAt?$AAe?$AA?5?$AAb?$AAl?$AAo?$AAc?$AAk@ 00014a98     nand.obj
 0001:00003af0       ??_C@_1FG@CAMINGHI@?$AAW?$AAr?$AAi?$AAt?$AAe?$AAD?$AAa?$AAt?$AAa?$AA?3?$AA?5?$AAf?$AAa?$AAi?$AAl?$AAe?$AAd?$AA?5?$AAt?$AAo?$AA?5?$AAe?$AAr?$AAa?$AAs?$AAe?$AA?5?$AAb?$AAl?$AAo?$AAc?$AAk@ 00014af0     nand.obj
 0001:00003b48       ??_C@_1FE@NBAAJHD@?$AAW?$AAr?$AAi?$AAt?$AAe?$AAD?$AAa?$AAt?$AAa?$AA?3?$AA?5?$AAf?$AAa?$AAi?$AAl?$AAe?$AAd?$AA?5?$AAt?$AAo?$AA?5?$AAr?$AAe?$AAa?$AAd?$AA?5?$AAb?$AAl?$AAo?$AAc?$AAk?$AA?5@ 00014b48     nand.obj
 0001:00003b9c       ??_C@_1CO@HKLEMGBL@?$AAd?$AAw?$AAB?$AAy?$AAt?$AAe?$AAs?$AAP?$AAe?$AAr?$AAB?$AAl?$AAo?$AAc?$AAk?$AA?5?$AA?3?$AA?5?$AA?$CF?$AAd?$AA?$AN?$AA?6?$AA?$AA@ 00014b9c     nand.obj
 0001:00003bd0       ??_C@_1GK@NCKEAOFO@?$AAI?$AAg?$AAn?$AAo?$AAr?$AAe?$AA?5?$AAB?$AAa?$AAd?$AAB?$AAl?$AAo?$AAc?$AAk?$AA?5?$AAC?$AAh?$AAe?$AAc?$AAk?$AAi?$AAn?$AAg?$AA?5?$AAf?$AAo?$AAr?$AA?5?$AAS?$AAt?$AAe@ 00014bd0     nand.obj
 0001:00003c3c       ??_C@_1DC@IMIIFBPI@?$AAW?$AAr?$AAi?$AAt?$AAe?$AAR?$AAa?$AAw?$AAI?$AAm?$AAa?$AAg?$AAe?$AAT?$AAo?$AAB?$AAo?$AAo?$AAt?$AAM?$AAe?$AAd?$AAi?$AAa?$AA?$AA@ 00014c3c     nand.obj
 0001:00003c70       ??_C@_1FO@MEHOBJJO@?$AA?$CF?$AAs?$AA?3?$AA?5?$AAF?$AAa?$AAi?$AAl?$AAe?$AAd?$AA?5?$AAt?$AAo?$AA?5?$AAg?$AAe?$AAt?$AA?5?$AAb?$AAl?$AAo?$AAc?$AAk?$AA?$CI?$AA0?$AAx?$AA?$CF?$AAx?$AA?$CJ?$AA?8?$AAs?$AA?5@ 00014c70     nand.obj
 0001:00003cd0       ??_C@_1DI@KEJJJAGD@?$AAF?$AAM?$AAD?$AA_?$AAG?$AAe?$AAt?$AAB?$AAl?$AAo?$AAc?$AAk?$AAS?$AAt?$AAa?$AAt?$AAu?$AAs?$AA?5?$AAE?$AAr?$AAr?$AAo?$AAr?$AA?5?$AA?$AN?$AA?6?$AA?$AA@ 00014cd0     nand.obj
 0001:00003d08       ??_C@_1CC@JGGMIGND@?$AAd?$AAw?$AAB?$AAl?$AAo?$AAc?$AAk?$AA?$CI?$AA0?$AAx?$AA?$CF?$AAx?$AA?$CJ?$AA?5?$AAX?$AA?5?$AA?$AA@ 00014d08     nand.obj
 0001:00003d30       ??_C@_1EG@MKKAFPOF@?$AAg?$AA_?$AAF?$AAl?$AAa?$AAs?$AAh?$AAI?$AAn?$AAf?$AAo?$AA?4?$AAw?$AAS?$AAe?$AAc?$AAt?$AAo?$AAr?$AAs?$AAP?$AAe?$AAr?$AAB?$AAl?$AAo?$AAc?$AAk?$AA?$CI?$AA0?$AAx?$AA?$CF@ 00014d30     nand.obj
 0001:00003d78       ??_C@_1BG@KJBDIJJH@?$AA?5?$AA?$DN?$AA?5?$AA0?$AAx?$AA?$CF?$AAx?$AA?5?$AA?$AN?$AA?6?$AA?$AA@ 00014d78     nand.obj
 0001:00003d90       ??_C@_1DA@NHBBLHAC@?$AAd?$AAw?$AAI?$AAm?$AAa?$AAg?$AAe?$AAL?$AAe?$AAn?$AAg?$AAt?$AAh?$AA?5?$AA?$DN?$AA?5?$AA0?$AAx?$AA?$CF?$AAx?$AA?5?$AA?$AN?$AA?6?$AA?$AA@ 00014d90     nand.obj
 0001:00003dc0       ??_C@_1CM@KEGNMNKF@?$AAd?$AAw?$AAN?$AAu?$AAm?$AAB?$AAl?$AAo?$AAc?$AAk?$AAs?$AA?5?$AA?$DN?$AA?5?$AA0?$AAx?$AA?$CF?$AAx?$AA?5?$AA?$AN?$AA?6?$AA?$AA@ 00014dc0     nand.obj
 0001:00003df0       ??_C@_1FM@MMAGEFKH@?$AAW?$AAA?$AAR?$AAN?$AA?3?$AA?5?$AAW?$AAr?$AAi?$AAt?$AAe?$AAR?$AAa?$AAw?$AAI?$AAm?$AAa?$AAg?$AAe?$AAT?$AAo?$AAB?$AAo?$AAo?$AAt?$AAM?$AAe?$AAd?$AAi?$AAa?$AA?3?$AA?5@ 00014df0     nand.obj
 0001:00003e50       ??_C@_1HC@CDFDJJMD@?$AAE?$AAR?$AAR?$AAO?$AAR?$AA?3?$AA?5?$AAW?$AAr?$AAi?$AAt?$AAe?$AAR?$AAa?$AAw?$AAI?$AAm?$AAa?$AAg?$AAe?$AAT?$AAo?$AAB?$AAo?$AAo?$AAt?$AAM?$AAe?$AAd?$AAi?$AAa?$AA?3@ 00014e50     nand.obj
 0001:00003ec4       ??_C@_1DI@MCOHEACK@?$AA?$CL?$AAW?$AAr?$AAi?$AAt?$AAe?$AAR?$AAa?$AAw?$AAI?$AAm?$AAa?$AAg?$AAe?$AAT?$AAo?$AAB?$AAo?$AAo?$AAt?$AAM?$AAe?$AAd?$AAi?$AAa?$AA?$AN?$AA?6?$AA?$AA@ 00014ec4     nand.obj
 0001:00003efc       ??_C@_04FNFMGDJP@OK?$AN?6?$AA@ 00014efc     nand.obj
 0001:00003f04       ??_C@_08FMHHJGPN@failed?$AN?6?$AA@ 00014f04     nand.obj
 0001:00003f10       ??_C@_0BE@GKNPBHIN@Erasing?5Sector?3?5?$CFd?5?$AA@ 00014f10     nand.obj
 0001:00003f28       ??_C@_1JI@OJBKKPB@?$AAT?$AAo?$AAo?$AA?5?$AAm?$AAa?$AAn?$AAy?$AA?5?$AAb?$AAa?$AAd?$AA?5?$AAB?$AAl?$AAo?$AAc?$AAk?$AAs?$AA?0?$AA?5?$AAr?$AAe?$AAf?$AAo?$AAr?$AAm?$AAa?$AAt?$AA?5?$AAN?$AAA@ 00014f28     nand.obj
 0001:00003fc0       ??_C@_1DM@NBPINAAJ@?$AAW?$AAr?$AAo?$AAt?$AAe?$AA?5?$AAS?$AAe?$AAc?$AAt?$AAo?$AAr?$AA?5?$AA?$CF?$AAd?$AA?5?$AAo?$AAf?$AA?5?$AA?$CF?$AAd?$AA?5?$AAa?$AAt?$AA?5?$AA?$CF?$AAd?$AA?$AN?$AA?6?$AA?$AA@ 00014fc0     nand.obj
 0001:00003ffc       ??_C@_1DE@LLEPCHFH@?$AA?9?$AA?9?$AAR?$AAe?$AAs?$AAt?$AAo?$AAr?$AAe?$AA?5?$AAL?$AAo?$AAg?$AAo?$AA?0?$AA?5?$AA?$CF?$AAd?$AA?0?$AA?5?$AA?$CF?$AAd?$AA?5?$AA?$AN?$AA?6?$AA?$AA@ 00014ffc     nand.obj
 0001:00004030       ??_C@_1CC@CDMPDENM@?$AA?9?$AA?9?$AAR?$AAe?$AAs?$AAt?$AAo?$AAr?$AAe?$AA?5?$AAL?$AAo?$AAg?$AAo?$AA?$AN?$AA?6?$AA?$AA@ 00015030     nand.obj
 0001:00004054       ??_C@_1CI@CPACNBNA@?$AAR?$AAe?$AAa?$AAd?$AA?5?$AA?$CF?$AAd?$AA?1?$AA?$CF?$AAd?$AA?5?$AAS?$AAe?$AAc?$AAt?$AAo?$AAr?$AAs?$AA?$AN?$AA?$AA@ 00015054     nand.obj
 0001:00004080       ??_C@_1EI@OPMNHHPL@?$AAR?$AAe?$AAa?$AAd?$AAS?$AAe?$AAc?$AAt?$AAo?$AAr?$AA?3?$AA?5?$AAB?$AAa?$AAd?$AA?5?$AAS?$AAe?$AAc?$AAt?$AAo?$AAr?$AA?5?$AAs?$AAk?$AAi?$AAp?$AAp?$AAe?$AAd?$AA?5?$AA?$CF@ 00015080     nand.obj
 0001:000040c8       ??_C@_1GC@EFPINIIL@?$AAR?$AAe?$AAa?$AAd?$AAS?$AAt?$AAa?$AAt?$AAu?$AAs?$AA?3?$AA?5?$AAB?$AAa?$AAd?$AA?5?$AAS?$AAe?$AAc?$AAt?$AAo?$AAr?$AA?5?$AAs?$AAk?$AAi?$AAp?$AAp?$AAe?$AAd?$AA?5?$AA?$CF@ 000150c8     nand.obj
 0001:0000412c       ??_C@_1CM@DDGLNOII@?$AA?$CL?$AA?$CL?$AAR?$AAe?$AAs?$AAt?$AAo?$AAr?$AAe?$AA?5?$AAL?$AAo?$AAg?$AAo?$AA?0?$AA?5?$AA?$CF?$AAd?$AA?5?$AA?$AN?$AA?6?$AA?$AA@ 0001512c     nand.obj
 0001:000041e8       aDeviceQualifierDescriptor 000151e8     usb.obj
 0001:000041f4       aDescStr0                  000151f4     usb.obj
 0001:000041f8       aDescStr1                  000151f8     usb.obj
 0001:00004210       aDescStr2                  00015210     usb.obj
 0001:0000423c       ??_C@_0CG@LLAGFJGN@info?5?3?5Copy?5?$CFd?5KB?5from?50x?$CFx?5to?50@ 0001523c     usb.obj
 0001:00004264       ??_C@_0M@JEKLCGMJ@g_PCLK?5?$DN?5?$CFd?$AA@ 00015264     usb.obj
 0001:00004270       ??_C@_0BA@FPFAAJMG@uSelClkSrc?5?$DN?5?$CFd?$AA@ 00015270     usb.obj
 0001:00004280       ??_C@_0P@FNJOLAO@uClkValue?5?$DN?5?$CFd?$AA@ 00015280     usb.obj
 0001:00004290       ??_C@_0BL@OGNCJIDC@?$FLEboot?$FN?5IIC_WaitTimeOut?$CB?$AN?6?$AA@ 00015290     usb.obj
 0001:000042ac       ??_C@_0BM@JCBPBCJ@?$FLEboot?$FN?5IIC_WriteTimeOut?$CB?$AN?6?$AA@ 000152ac     usb.obj
 0001:000042c8       ??_C@_0BO@JCBBMKK@Error?5?3?5Current?5Mode?5is?5Host?6?$AA@ 000152c8     usb.obj
 0001:000042e8       ??_C@_0CG@OFNBIFML@INFO?3?5?$CIunsigned?$CJC_IsrHandler?5?3?50@ 000152e8     usb.obj
 0001:00004310       ??_C@_0CI@KLGKACOG@INFO?3?5?$CIunsigned?$CJASM_IsrHandler?5?3@ 00015310     usb.obj
 0001:00004338       ??_C@_0BO@POFPGMDD@INFO?3?5?$CIunsigned?$CJpISR?5?3?50x?$CFx?$AN?6?$AA@ 00015338     usb.obj
 0001:000043e8       ??_C@_0BD@CIECMBAH@O?$CJ?5Switch?5All?5ON?$AN?6?$AA@ 000153e8     PWRCTL_MENU.obj
 0001:000043fc       ??_C@_0BE@OFDFFAGE@F?$CJ?5Switch?5All?5OFF?$AN?6?$AA@ 000153fc     PWRCTL_MENU.obj
 0001:00004410       ??_C@_0BL@BAHFCBGD@D?$CJ?5Load?5Factory?5defaults?$AN?6?$AA@ 00015410     PWRCTL_MENU.obj
 0001:0000442c       ??_C@_09OOINKAAN@Q?$CJ?5Exit?$AN?6?$AA@ 0001542c     PWRCTL_MENU.obj
 0001:00004438       ??_C@_0CH@BLBBBAFM@Choose?5?$FL1?4?4?$CFd?$FN?5for?5toggle?0?5Q?5to?5@ 00015438     PWRCTL_MENU.obj
 0001:00004460       ??_C@_0N@KEJINOAE@?$CFd?$CJ?5?$CFs?3?5?$CFs?$AN?6?$AA@ 00015460     PWRCTL_MENU.obj
 0001:00004470       ??_C@_0DC@GOBMFLLF@?$AN?6?$CD?$CD?$CD?$CD?$CD?$CD?$CD?$CD?$CD?$CD?$CD?$CD?$CD?$CD?$CD?$CD?$CD?$CD?$CD?$CD?$CD?$CD?$CD?$CD?$CD?$CD?$CD?$CD?$CD?$CD@ 00015470     PWRCTL_MENU.obj
 0001:00004558       ??_C@_0BF@DNJENAPM@?$CFs?59?$CJ?5DRVLCD?3?5?$FL?$CFu?$FN?$AN?6?$AA@ 00015558     MegaDisplay.obj
 0001:00004570       ??_C@_0DC@KCBOEBBD@?$CD?$CD?$CD?$CD?$CD?$CD?$CD?$CD?$CD?$CD?$CD?$CD?$CD?$CD?$CD?$CD?$CD?$CD?$CD?$CD?$CD?$CD?$CD?$CD?$CD?$CD?$CD?$CD?$CD?$CD?$CD?$CD@ 00015570     MegaDisplay.obj
 0001:000045a4       ??_C@_0BD@CKOCLNPL@?$CFs?58?$CJ?5PSC0?3?5?$FL?$CFu?$FN?$AN?6?$AA@ 000155a4     MegaDisplay.obj
 0001:000045b8       ??_C@_0BJ@POFKHLIH@?$CFs?57?$CJ?5FRAME_RATE?3?5?$FL?$CFu?$FN?$AN?6?$AA@ 000155b8     MegaDisplay.obj
 0001:000045d4       ??_C@_0BD@OAELIDCE@?$CFs?56?$CJ?5HSPW?3?5?$FL?$CFu?$FN?$AN?6?$AA@ 000155d4     MegaDisplay.obj
 0001:000045e8       ??_C@_0BD@JBKBJHNB@?$CFs?55?$CJ?5HFPD?3?5?$FL?$CFu?$FN?$AN?6?$AA@ 000155e8     MegaDisplay.obj
 0001:000045fc       ??_C@_0BD@DMMPDNDP@?$CFs?54?$CJ?5HBPD?3?5?$FL?$CFu?$FN?$AN?6?$AA@ 000155fc     MegaDisplay.obj
 0001:00004610       ??_C@_0BD@NEPDPEFI@?$CFs?53?$CJ?5VSPW?3?5?$FL?$CFu?$FN?$AN?6?$AA@ 00015610     MegaDisplay.obj
 0001:00004624       ??_C@_0BD@CCLJMFMO@?$CFs?52?$CJ?5VFPD?3?5?$FL?$CFu?$FN?$AN?6?$AA@ 00015624     MegaDisplay.obj
 0001:00004638       ??_C@_0N@EJAPBBEP@?$CFs?51?$CJ?5VBPD?3?5?$AA@ 00015638     MegaDisplay.obj
 0001:00004648       ??_C@_06LDMCHEGC@?$FL?$CFd?$FN?$AN?6?$AA@ 00015648     MegaDisplay.obj
 0001:0000464f       ??_C@_00CNPNBAHC@?$AA@     0001564f     MegaDisplay.obj
 0001:00004650       ??_C@_01NBENCBCI@?$CK?$AA@ 00015650     MegaDisplay.obj
 0001:00004654       ??_C@_0O@OIDOPPME@Display?3?5?$CFs?$AN?6?$AA@ 00015654     MegaDisplay.obj
 0001:00004664       ??_C@_0CG@DOLBDMJF@Display?5has?5LED?5backlight?5boost?3@ 00015664     MegaDisplay.obj
 0001:0000468c       ??_C@_0CI@MAECMMB@?0?5but?5found?5PCA9530?5PWM?5?$FL0xC0?$FN?5d@ 0001568c     MegaDisplay.obj
 0001:000047d8       ??_C@_04OLFIILKC@?$CFc?$AN?6?$AA@ 000157d8     utils.obj
 0001:00004870       ??_C@_0DC@EIMBKOLF@?$AN?6?$CD?$CD?$CD?$CD?5?5?5Enter?5WEB?5FORMAT?5RGB?0?5l@ 00015870     DisplayMenu.obj
 0001:000048a4       ??_C@_0BK@BLMPCPMC@?$CIeg?3?5FFFFFF?5for?5white?$CJ?5?$DO?$CD?$AA@ 000158a4     DisplayMenu.obj
 0001:000048c0       ??_C@_0CP@KODMOGDP@Type?5number?5?$FL1?4?4?$CFd?$FN?0?5press?5RETUR@ 000158c0     DisplayMenu.obj
 0001:000048f0       ??_C@_0BK@FKCGPCP@2?$CJ?5?$CFsDepth?524BIT?5RGB888?$AN?6?$AA@ 000158f0     DisplayMenu.obj
 0001:0000490c       ??_C@_0CC@NMOBHCG@C?$CJ?5Change?5background?5Color?5?$FL?$CFx?$FN?$AN@ 0001590c     DisplayMenu.obj
 0001:00004930       ??_C@_0BI@OIJKJJFM@R?$CJ?5Test?9Fill?5with?5red?$AN?6?$AA@ 00015930     DisplayMenu.obj
 0001:00004948       ??_C@_0BK@EKEJNDLI@G?$CJ?5Test?9Fill?5with?5green?$AN?6?$AA@ 00015948     DisplayMenu.obj
 0001:00004964       ??_C@_0BJ@CGEBPCPP@B?$CJ?5Test?9Fill?5with?5blue?$AN?6?$AA@ 00015964     DisplayMenu.obj
 0001:00004980       ??_C@_0P@LCBBLGH@D?$CJ?5Drop?5logo?$AN?6?$AA@ 00015980     DisplayMenu.obj
 0001:00004990       ??_C@_0BL@MDAEEHAL@Choose?0?5Q?5or?5ESC?5to?5exit?$AN?6?$AA@ 00015990     DisplayMenu.obj
 0001:000049ac       ??_C@_0BK@PGCCFJGB@1?$CJ?5?$CFsDepth?516BIT?5RGB565?$AN?6?$AA@ 000159ac     DisplayMenu.obj
 0001:000049c8       ??_C@_0BK@LLMJHLHH@N?$CJ?5No?5display?5connected?$AN?6?$AA@ 000159c8     DisplayMenu.obj
 0001:000049e4       ??_C@_0L@PODECCKJ@?$CFd?$CJ?5?$CFs?$CFs?$AN?6?$AA@ 000159e4     DisplayMenu.obj
 0001:000049f0       ??_C@_0CN@HHJFBCOM@I?$CJ?5Identify?5Display?5?$CInot?5impleme@ 000159f0     DisplayMenu.obj
 0001:00004a20       ??_C@_0BK@PJBCCJE@S?$CJ?5Set?5Display?5manually?$AN?6?$AA@ 00015a20     DisplayMenu.obj
 0001:0000d7d0       ??_C@_1CI@HFBBHFOL@?$AA?$AN?$AA?6?$AAs?$AAi?$AAg?$AAn?$AAa?$AAt?$AAu?$AAr?$AAe?$AA?3?$AA?5?$AA?$CF?$AAx?$AA?$CF?$AAx?$AA?$AN?$AA?6?$AA?$AA@ 0001e7d0     LogoCraft.obj
 0001:0000d7f8       ??_C@_1CA@IOFCNAAD@?$AAb?$AAi?$AAt?$AA?5?$AAd?$AAe?$AAp?$AAt?$AAh?$AA?3?$AA?5?$AA?$CF?$AAi?$AA?$AN?$AA?6?$AA?$AA@ 0001e7f8     LogoCraft.obj
 0001:0000d818       ??_C@_1CA@OLGAHGBH@?$AAw?$AAi?$AAd?$AAt?$AAh?$AA?3?$AA?5?$AA?5?$AA?5?$AA?5?$AA?5?$AA?$CF?$AAi?$AA?$AN?$AA?6?$AA?$AA@ 0001e818     LogoCraft.obj
 0001:0000d838       ??_C@_1CA@IAKKKPED@?$AAh?$AAe?$AAi?$AAg?$AAh?$AAt?$AA?3?$AA?5?$AA?5?$AA?5?$AA?5?$AA?$CF?$AAi?$AA?$AN?$AA?6?$AA?$AA@ 0001e838     LogoCraft.obj
 0001:0000d858       ??_C@_1CA@MPNAIJBF@?$AAo?$AAf?$AAf?$AAs?$AAe?$AAt?$AA?3?$AA?5?$AA?5?$AA?5?$AA?5?$AA?$CF?$AAi?$AA?$AN?$AA?6?$AA?$AA@ 0001e858     LogoCraft.obj
 0001:0000d998       ??_C@_0CG@IHIMJOIA@?9OALKitlCreateName?$CIpBuffer?5?$DN?5?8?$CFh@ 0001e998     oal_kitl:name.obj
 0001:0000d9c0       ??_C@_0CM@BCMDHFLI@?$CLOALKitlCreateName?$CI?8?$CFhs?8?0?50x?$CF04x@ 0001e9c0     oal_kitl:name.obj
 0001:0000dba0       ??_C@_1O@INIEDEDF@?$AA?$CI?$AAN?$AAU?$AAL?$AAL?$AA?$CJ?$AA?$AA@ 0001eba0     oal_blnk:format.obj
 0001:0000dbb0       ??_C@_06LHGEHABH@?$CINULL?$CJ?$AA@ 0001ebb0     oal_blnk:format.obj
 0001:0000dbb8       ??_C@_0M@CDHNGIPM@?$CFu?4?$CFu?4?$CFu?4?$CFu?$AA@ 0001ebb8     oal_blcommon:format.obj
 0001:0000dc58       pTOC                       0001ec58     oal_blcommon:blcommon.obj
 0001:0000dc60       NKSignon                   0001ec60     oal_blcommon:blcommon.obj
 0001:0000dcbc       ??_C@_0DJ@LFHEGALA@ERROR?3?5Checksum?5failure?5?$CIexpecte@ 0001ecbc     oal_blcommon:blcommon.obj
 0001:0000dcf8       ??_C@_0BM@DKIOIAMD@?$AN?6BL_IMAGE_TYPE_UNKNOWN?$AN?6?$AN?6?$AA@ 0001ecf8     oal_blcommon:blcommon.obj
 0001:0000dd14       ??_C@_0BP@KNNCEABF@?$AN?6BL_IMAGE_TYPE_SIGNED_NB0?$AN?6?$AN?6?$AA@ 0001ed14     oal_blcommon:blcommon.obj
 0001:0000dd34       ??_C@_07LAGBNAEN@R000FF?6?$AA@ 0001ed34     oal_blcommon:blcommon.obj
 0001:0000dd3c       ??_C@_0BP@MJFCGNBB@?$AN?6BL_IMAGE_TYPE_SIGNED_BIN?$AN?6?$AN?6?$AA@ 0001ed3c     oal_blcommon:blcommon.obj
 0001:0000dd5c       ??_C@_07HMMLNAND@S000FF?6?$AA@ 0001ed5c     oal_blcommon:blcommon.obj
 0001:0000dd64       ??_C@_0BI@HBMHAEFD@?$AN?6BL_IMAGE_TYPE_BIN?$AN?6?$AN?6?$AA@ 0001ed64     oal_blcommon:blcommon.obj
 0001:0000dd7c       ??_C@_07MMNKOBGG@B000FF?6?$AA@ 0001ed7c     oal_blcommon:blcommon.obj
 0001:0000dd84       ??_C@_0BN@IHLEHBEK@?$AN?6BL_IMAGE_TYPE_MULTIXIP?$AN?6?$AN?6?$AA@ 0001ed84     oal_blcommon:blcommon.obj
 0001:0000dda4       ??_C@_07CBKBMMIF@X000FF?6?$AA@ 0001eda4     oal_blcommon:blcommon.obj
 0001:0000ddac       ??_C@_0BN@GCKOHOON@?$AN?6BL_IMAGE_TYPE_MANIFEST?$AN?6?$AN?6?$AA@ 0001edac     oal_blcommon:blcommon.obj
 0001:0000ddcc       ??_C@_07JLHFPECJ@N000FF?6?$AA@ 0001edcc     oal_blcommon:blcommon.obj
 0001:0000ddd4       ??_C@_0CL@OKMIEAHJ@?$AN?6ERROR?3?5Unable?5to?5read?5image?5si@ 0001edd4     oal_blcommon:blcommon.obj
 0001:0000de00       ??_C@_0DJ@PIPLIHFI@?$AN?6ERROR?3?5Unable?5to?5read?5download@ 0001ee00     oal_blcommon:blcommon.obj
 0001:0000de40       ??_C@_0EC@LAKEOKID@?$AN?6ERROR?3?5Download?5manifest?5packe@ 0001ee40     oal_blcommon:blcommon.obj
 0001:0000de84       ??_C@_0DG@DBBGHEAG@?$AN?6ERROR?3?5Unable?5to?5read?5download@ 0001ee84     oal_blcommon:blcommon.obj
 0001:0000debc       ??_C@_0DL@DCHMDHHD@ImageStart?5?$DN?50x?$CFx?0?5ImageLength?5?$DN@ 0001eebc     oal_blcommon:blcommon.obj
 0001:0000def8       ??_C@_0CO@PFLGIDFG@ERROR?3?5failed?5when?5reading?5raw?5b@ 0001eef8     oal_blcommon:blcommon.obj
 0001:0000df28       ??_C@_0BP@EOFEMPOO@Invalid?5flash?5address?1length?$AN?6?$AA@ 0001ef28     oal_blcommon:blcommon.obj
 0001:0000df48       ??_C@_0CC@DNECAMLM@?$CBOEMVERIFYMEMORY?3?5Invalid?5image?$AN@ 0001ef48     oal_blcommon:blcommon.obj
 0001:0000df6c       ??_C@_0DH@GJCJAHAP@?$FL?$CFd?$FN?3?5Address?$DN0x?$CFx?5?5Length?$DN0x?$CFx?5@ 0001ef6c     oal_blcommon:blcommon.obj
 0001:0000dfa4       ??_C@_03ILDADBHF@RAM?$AA@  0001efa4     oal_blcommon:blcommon.obj
 0001:0000dfa8       ??_C@_05HPMNGINJ@FLASH?$AA@ 0001efa8     oal_blcommon:blcommon.obj
 0001:0000dfb0       ??_C@_0BH@FIOKDOBJ@?$AN?6Completed?5file?$CIs?$CJ?3?$AN?6?$AA@ 0001efb0     oal_blcommon:blcommon.obj
 0001:0000dfc8       ??_C@_0FC@PGPOMBFM@?9?9?9?9?9?9?9?9?9?9?9?9?9?9?9?9?9?9?9?9?9?9?9?9?9?9?9?9?9?9?9?9@ 0001efc8     oal_blcommon:blcommon.obj
 0001:0000e01c       ??_C@_0CE@NKAMCDHO@Unable?5to?5read?5image?5start?1lengt@ 0001f01c     oal_blcommon:blcommon.obj
 0001:0000e040       ??_C@_0DI@FDIIHFBA@?$CK?$CK?$CK?$CK?$CK?$CK?5Checksum?5failure?5on?5recor@ 0001f040     oal_blcommon:blcommon.obj
 0001:0000e078       ??_C@_0DD@KHJBCIED@?$CK?$CK?$CK?$CK?$CK?$CK?5Data?5record?5?$CFd?5corrupted?0@ 0001f078     oal_blcommon:blcommon.obj
 0001:0000e0ac       ??_C@_0BD@PHLGNLDI@rom_offset?$DN0x?$CFx?4?$AN?6?$AA@ 0001f0ac     oal_blcommon:blcommon.obj
 0001:0000e0c0       ??_C@_0EC@NABDPCJO@?$CK?$CK?5ERROR?3?5This?5boot?5loader?5does?5@ 0001f0c0     oal_blcommon:blcommon.obj
 0001:0000e108       ??_C@_0EC@MIGFFFAC@?$CK?$CK?5ERROR?3?5This?5boot?5loader?5does?5@ 0001f108     oal_blcommon:blcommon.obj
 0001:0000e14c       ??_C@_06BEBGGBAB@?$AN?6?$CK?$CK?$AN?6?$AA@ 0001f14c     oal_blcommon:blcommon.obj
 0001:0000e158       ??_C@_0GI@NIAHKKOO@?$CK?$CK?5ERROR?3?5The?5X000FF?5packet?5is?5a@ 0001f158     oal_blcommon:blcommon.obj
 0001:0000e1c0       ??_C@_0FO@KDFAPMNM@?$CK?$CK?5Please?5update?5your?5Platform?5B@ 0001f1c0     oal_blcommon:blcommon.obj
 0001:0000e220       ??_C@_04IPBEALME@?$CK?$CK?$AN?6?$AA@ 0001f220     oal_blcommon:blcommon.obj
 0001:0000e228       ??_C@_0BI@OCFAEGPK@ROMHDR?5at?5Address?5?$CFXh?$AN?6?$AA@ 0001f228     oal_blcommon:blcommon.obj
 0001:0000e240       ??_C@_0CL@NOFKHKJC@System?5ready?$CB?$AN?6Preparing?5for?5dow@ 0001f240     oal_blcommon:blcommon.obj
 0001:0000e26c       ??_C@_1DE@DAHNLBLJ@?$AA?9?$AAO?$AAA?$AAL?$AAP?$AAA?$AAt?$AAo?$AAV?$AAA?$AA?$CI?$AAv?$AAa?$AA?5?$AA?$DN?$AA?5?$AA0?$AAx?$AA?$CF?$AA0?$AA8?$AAx?$AA?$CJ?$AA?$AN?$AA?6?$AA?$AA@ 0001f26c     oal_blmemory_arm:memory.obj
 0001:0000e2a0       ??_C@_1CO@JEIJEAKF@?$AA?$CL?$AAO?$AAA?$AAL?$AAP?$AAA?$AAt?$AAo?$AAV?$AAA?$AA?$CI?$AA0?$AAx?$AA?$CF?$AAx?$AA?0?$AA?5?$AA?$CF?$AAd?$AA?$CJ?$AA?$AN?$AA?6?$AA?$AA@ 0001f2a0     oal_blmemory_arm:memory.obj
 0001:0000e2d0       ??_C@_1DA@BBOHBBNH@?$AA?9?$AAO?$AAA?$AAL?$AAV?$AAA?$AAt?$AAo?$AAP?$AAA?$AA?$CI?$AAp?$AAa?$AA?5?$AA?$DN?$AA?5?$AA0?$AAx?$AA?$CF?$AAx?$AA?$CJ?$AA?$AN?$AA?6?$AA?$AA@ 0001f2d0     oal_blmemory_arm:memory.obj
 0001:0000e300       ??_C@_1GE@IPLNFFII@?$AAE?$AAR?$AAR?$AAO?$AAR?$AA?3?$AAO?$AAA?$AAL?$AAV?$AAA?$AAt?$AAo?$AAP?$AAA?$AA?3?$AA?5?$AAi?$AAn?$AAv?$AAa?$AAl?$AAi?$AAd?$AA?5?$AAv?$AAi?$AAr?$AAt?$AAu?$AAa?$AAl@ 0001f300     oal_blmemory_arm:memory.obj
 0001:0000e364       ??_C@_1CK@LKNIEAFP@?$AA?$CL?$AAO?$AAA?$AAL?$AAV?$AAA?$AAt?$AAo?$AAP?$AAA?$AA?$CI?$AA0?$AAx?$AA?$CF?$AA0?$AA8?$AAx?$AA?$CJ?$AA?$AN?$AA?6?$AA?$AA@ 0001f364     oal_blmemory_arm:memory.obj
 0001:0000e394       ??_C@_0CA@LIHOEDHI@failed?5to?5receive?5header?5data?$AN?6?$AA@ 0001f394     oal_blserial:serfuncs.obj
 0001:0000e3b4       ??_C@_0BH@MJPKDDID@header?5checksum?5fail?$AN?6?$AA@ 0001f3b4     oal_blserial:serfuncs.obj
 0001:0000e3cc       ??_C@_0CF@PODCGAIM@failed?5to?5receive?5header?5signatu@ 0001f3cc     oal_blserial:serfuncs.obj
 0001:0000e3f4       ??_C@_0CJ@CHGIGMLG@received?5non?9download?5packet?5typ@ 0001f3f4     oal_blserial:serfuncs.obj
 0001:0000e420       ??_C@_0DG@MLEBFPEB@data?5checksum?5failure?4?5expected?5@ 0001f420     oal_blserial:serfuncs.obj
 0001:0000e458       ??_C@_0BN@FEFEJPIP@failed?5to?5read?5packet?5data?$AN?6?$AA@ 0001f458     oal_blserial:serfuncs.obj
 0001:0000e478       ??_C@_0CM@DECDFMCF@insufficient?5buffer?5size?$DL?5ignori@ 0001f478     oal_blserial:serfuncs.obj
 0001:0000e4a4       ??_C@_0BK@JKGMIDGI@header?5checksum?5failure?$AN?6?$AA@ 0001f4a4     oal_blserial:serfuncs.obj
 0001:0000e4c0       ??_C@_0BL@MMGBDAGN@failed?5to?5receive?5header?$AN?6?$AA@ 0001f4c0     oal_blserial:serfuncs.obj
 0001:0000e4dc       ??_C@_0CE@HOCBBCP@Received?5out?5of?5sequence?5block?5?$CF@ 0001f4dc     oal_blserial:serfuncs.obj
 0001:0000e500       ??_C@_0BE@KEIPDPMM@Expected?5block?5?$CFu?$AN?6?$AA@ 0001f500     oal_blserial:serfuncs.obj
 0001:0000e514       ??_C@_0BK@IPKIMKPH@Waiting?5for?5boot?5ack?4?4?4?$AN?6?$AA@ 0001f514     oal_blserial:serfuncs.obj
 0001:0000e530       ??_C@_0CK@DMEOPGMB@Got?5jump?5request?0?5KITL?5transport@ 0001f530     oal_blserial:serfuncs.obj
 0001:0000e5f0       ??_C@_1EK@OPPDNHBL@?$AAE?$AAR?$AAR?$AAO?$AAR?$AA?3?$AA?5?$AAP?$AAr?$AAo?$AAb?$AAe?$AA?3?$AA?5?$AAC?$AAa?$AAn?$AA?5?$AAn?$AAo?$AAt?$AA?5?$AAf?$AAi?$AAn?$AAd?$AA?5?$AAD?$AAM?$AA9?$AA0?$AA0@ 0001f5f0     oal_ethdrv_dm9000a:dm9000dbg.obj
 0001:0000e640       ??_C@_1EG@NNHFPGGK@?$AAI?$AAN?$AAF?$AAO?$AA?3?$AA?5?$AAP?$AAr?$AAo?$AAb?$AAe?$AA?3?$AA?5?$AAD?$AAM?$AA9?$AA0?$AA0?$AA0?$AA?5?$AAi?$AAs?$AA?5?$AAd?$AAe?$AAt?$AAe?$AAc?$AAt?$AAe?$AAd?$AA?4@ 0001f640     oal_ethdrv_dm9000a:dm9000dbg.obj
 0001:0000e688       ??_C@_1CI@FEIFDDOP@?$AAD?$AAM?$AA9?$AA0?$AA0?$AA0?$AA?5?$AAI?$AAD?$AA?5?$AAi?$AAs?$AA?5?$AA0?$AAx?$AA?$CF?$AAx?$AA?$AN?$AA?6?$AA?$AA@ 0001f688     oal_ethdrv_dm9000a:dm9000dbg.obj
 0001:0000e6b0       ??_C@_1FC@FLIHLGKI@?$AAD?$AAM?$AA9?$AA0?$AA0?$AA0?$AA?3?$AA?5?$AAM?$AAA?$AAC?$AA?5?$AAA?$AAd?$AAd?$AAr?$AAe?$AAs?$AAs?$AA?3?$AA?5?$AA?$CF?$AAx?$AA?3?$AA?$CF?$AAx?$AA?3?$AA?$CF?$AAx?$AA?3?$AA?$CF?$AAx@ 0001f6b0     oal_ethdrv_dm9000a:dm9000dbg.obj
 0001:0000e798       ??_C@_0CO@ILGKAEEB@An?5OACK?5packet?5is?5the?5proper?5ack@ 0001f798     eboot:tftpd.obj
 0001:0000e7c8       ??_C@_07JPIGAOKK@blksize?$AA@ 0001f7c8     eboot:tftpd.obj
 0001:0000e7d0       ??_C@_0FD@OCECBKGJ@There?5must?5be?5an?5even?5number?0?5an@ 0001f7d0     eboot:tftpd.obj
 0001:0000e824       ??_C@_0DB@LKOCKFPL@Illegal?5TFTP?5Operation?5?9?5Read?1Wr@ 0001f824     eboot:tftpd.obj
 0001:0000e858       ??_C@_0CM@OBFBLHOG@There?5were?5no?5options?5detected?5i@ 0001f858     eboot:tftpd.obj
 0001:0000e888       ??_C@_0FJ@NDFKPFHG@Illegal?5TFTP?5Option?5?9?5An?5option?5@ 0001f888     eboot:tftpd.obj
 0001:0000e8e4       ??_C@_05DMMIBICK@?5?$CFd?4?6?$AA@ 0001f8e4     eboot:tftpd.obj
 0001:0000e8ec       ??_C@_0DO@FNNPCMEI@with?5a?5value?5that?5is?5out?5of?5rang@ 0001f8ec     eboot:tftpd.obj
 0001:0000e92c       ??_C@_0DL@CJPGPHL@with?5a?5value?5that?5is?5in?5range?4?6B@ 0001f92c     eboot:tftpd.obj
 0001:0000e968       ??_C@_0BK@PFHMOFCD@The?5option?8s?5value?5is?5?$CFs?6?$AA@ 0001f968     eboot:tftpd.obj
 0001:0000e984       ??_C@_0CH@HOPLKCLP@This?5TFTP?5packet?5contains?5?$CFd?5opt@ 0001f984     eboot:tftpd.obj
 0001:0000e9b0       ??_C@_0EC@OALIGNGC@We?5currently?5only?5look?5at?5the?5fi@ 0001f9b0     eboot:tftpd.obj
 0001:0000e9f4       ??_C@_0CB@FLKGPIDN@The?5packet?8s?5option?5name?5is?5?$CFs?4?6@ 0001f9f4     eboot:tftpd.obj
 0001:0000ea18       ??_C@_0CG@JBBJIFDI@You?5must?5access?5files?5in?5binary?5@ 0001fa18     eboot:tftpd.obj
 0001:0000ea40       ??_C@_05IIBPGMLM@octet?$AA@ 0001fa40     eboot:tftpd.obj
 0001:0000ea48       ??_C@_0BG@GIKNIKEH@Locked?5Down?5Link?5?$CFd?$AN?6?$AA@ 0001fa48     eboot:tftpd.obj
 0001:0000ea60       ??_C@_0BF@JDGNCBEC@Src?5IP?5?$CFs?5Port?5?$CFH?5?5?5?$AA@ 0001fa60     eboot:tftpd.obj
 0001:0000ea78       ??_C@_0BF@MOPBEBEN@Dest?5IP?5?$CFs?5Port?5?$CFH?$AN?6?$AA@ 0001fa78     eboot:tftpd.obj
 0001:0000ea90       ??_C@_0CL@HCAEOMAE@Default?5TFTP?5block?5size?5set?5to?3?5@ 0001fa90     eboot:tftpd.obj
 0001:0000eabc       ??_C@_0DB@OCKCBBAL@No?5Server?5Process?5Associated?5Wit@ 0001fabc     eboot:tftpd.obj
 0001:0000eaf0       ??_C@_0CM@GLFMKKGH@TFTP?5packet?5could?5have?5?$CFd?5name?1v@ 0001faf0     eboot:tftpd.obj
 0001:0000eb1c       ??_C@_01EEMJAFIK@?6?$AA@   0001fb1c     eboot:tftpd.obj
 0001:0000eb20       ??_C@_06CBLHAGFD@?$FLNULL?$FN?$AA@ 0001fb20     eboot:tftpd.obj
 0001:0000eb28       ??_C@_02HAOIJKIC@?$CFc?$AA@ 0001fb28     eboot:tftpd.obj
 0001:0000eb2c       ??_C@_0CC@GNCPKJCA@Packet?5has?5the?5following?5data?3?6?5@ 0001fb2c     eboot:tftpd.obj
 0001:0000ebe0       ??_C@_0BK@BFELHAIB@EthDown?3?3TFTPD_OPEN?3?3?$CFs?$AN?6?$AA@ 0001fbe0     eboot:ebsimp.obj
 0001:0000ebfc       ??_C@_0CF@NJGKJDPK@EthDown?3?3Illegal?5Operation?5Code?5@ 0001fbfc     eboot:ebsimp.obj
 0001:0000ec24       ??_C@_0BN@HCIGGCJK@Server?5Registration?5Failed?$AN?6?$AA@ 0001fc24     eboot:ebsimp.obj
 0001:0000ec44       ??_C@_0CC@OIEKENJI@EbootSimpleTFTP?5not?5initialized?$AN@ 0001fc44     eboot:ebsimp.obj
 0001:0000ec68       ??_C@_0BM@GELEBJHM@EbootGratuitousARP?5failed?$AN?6?$AA@ 0001fc68     eboot:ebsimp.obj
 0001:0000ec84       ??_C@_0DG@LCJHGIIG@Some?5other?5station?5has?5IP?5Addres@ 0001fc84     eboot:ebsimp.obj
 0001:0000ecbc       ??_C@_0DK@ECECEHHP@No?5ARP?5response?5in?5?$CFd?5seconds?0?5a@ 0001fcbc     eboot:ebsimp.obj
 0001:0000ecf8       ??_C@_0CO@EJPPGFNA@DHCP?5server?5is?5not?5responding?5?$CB?$CB@ 0001fcf8     eboot:ebsimp.obj
 0001:0000ed28       ??_C@_0BL@PFCEMBID@Error?5On?5InitDHCP?$CI?$CJ?5Call?$AN?6?$AA@ 0001fd28     eboot:ebsimp.obj
 0001:0000ed44       ??_C@_0DG@KEGBCNMH@Some?5other?5station?5has?5IP?5Addres@ 0001fd44     eboot:ebsimp.obj
 0001:0000ed7c       ??_C@_0DA@PMFFKPM@Got?5Response?5from?5DHCP?5server?0?5I@ 0001fd7c     eboot:ebsimp.obj
 0001:0000edac       ??_C@_0CB@PCBFMPDH@?9EbootSendBootmeAndWaitForTftp?$AN?6@ 0001fdac     eboot:ebsimp.obj
 0001:0000edd0       ??_C@_0CB@EEDKKNBN@?$CLEbootSendBootmeAndWaitForTftp?$AN?6@ 0001fdd0     eboot:ebsimp.obj
 0001:0000edf4       ??_C@_08NMEDJLNE@boot?4bin?$AA@ 0001fdf4     eboot:ebsimp.obj
 0001:0000ee90       ??_C@_0DJ@MEFFBBAC@TFTP?3?5Desktop?5losing?5ACK?0?5block?5@ 0001fe90     eboot:tftp.obj
 0001:0000eecc       ??_C@_0DC@MHCCPLAO@TFtpStateMachine?3?3TFTP_STATE_CLO@ 0001fecc     eboot:tftp.obj
 0001:0000ef00       ??_C@_0CH@DEDJGHKF@TFTP?5Error?5Received?5From?5Host?5?$CFX@ 0001ff00     eboot:tftp.obj
 0001:0000ef28       ??_C@_0CG@EEFEGPIL@TftpReceiver?0?5port?3?50x?$CFX?0?5wkp?3?50@ 0001ff28     eboot:tftp.obj
 0001:0000ef50       ??_C@_0EA@EBMLKPMN@TFTP?5link?$FL?$CFu?$FN?3?5State?3?$CFu?0?5DestAdd@ 0001ff50     eboot:tftp.obj
 0001:0000f020       ??_C@_0IL@GCFKAKKH@Duplicate?5IP?5Address?5Detected?3?6?9@ 00020020     eboot:udp.obj
 0001:0000f0ac       ??_C@_0CI@JEPIEHIP@?$CBCheckUDP?3?5UDP?5header?5checksum?5f@ 000200ac     eboot:udp.obj
 0001:0000f0d4       ??_C@_0CH@KMPJEONK@?$CBCheckUDP?3?5IP?5header?5checksum?5fa@ 000200d4     eboot:udp.obj
 0001:0000f0fc       ??_C@_0CD@OCEEFKNK@?$CBCheckUDP?3?5Not?5UDP?5?$CIproto?5?$DN?50x?$CFX@ 000200fc     eboot:udp.obj
 0001:0000f1b0       ??_C@_0O@DFHLFDCO@netmask?3?5?$CFs?$AN?6?$AA@ 000201b0     eboot:dhcp.obj
 0001:0000f1c0       ??_C@_0DK@EEIOPNMG@ProcessDHCP?$CI?$CJ?3?3DHCP_INIT?3?3SendDH@ 000201c0     eboot:dhcp.obj
 0001:0000f1fc       ??_C@_0BL@LBDFFECM@ProcessDHCP?$CI?$CJ?3?3DHCP_INIT?$AN?6?$AA@ 000201fc     eboot:dhcp.obj
 0001:0000f218       ??_C@_0DC@EKKEKBDC@ProcessDHCP?$CI?$CJ?3?3DHCP_SELECTING?3?3S@ 00020218     eboot:dhcp.obj
 0001:0000f250       ??_C@_0FK@JNLIFC@ProcessDHCP?$CI?$CJ?3?3DHCP_SELECTING?3?3D@ 00020250     eboot:dhcp.obj
 0001:0000f2b0       ??_C@_0FI@KEBKGIEO@ProcessDHCP?$CI?$CJ?3?3DHCP_SELECTING?3?3D@ 000202b0     eboot:dhcp.obj
 0001:0000f308       ??_C@_0DC@KHEOJACB@?$AN?6ProcessDHCP?$CI?$CJ?3?3DHCP?5IP?5Address@ 00020308     eboot:dhcp.obj
 0001:0000f33c       ??_C@_0BJ@MEOPKMJJ@Lease?5time?3?5?$CFd?5seconds?$AN?6?$AA@ 0002033c     eboot:dhcp.obj
 0001:0000f358       ??_C@_0FI@EHEELHEE@ProcessDHCP?$CI?$CJ?3?3DHCP_REQUESTING?3?3@ 00020358     eboot:dhcp.obj
 0001:0000f3b0       ??_C@_0DE@BHBNDGEJ@ProcessDHCP?$CI?$CJ?5Error?5?9?5No?5DHCP?5Me@ 000203b0     eboot:dhcp.obj
 0001:0000f3e4       ??_C@_0DO@EHKMGFMI@InitDHCP?$CI?$CJ?5Error?5?9?5First?5DHCP?5Op@ 000203e4     eboot:dhcp.obj
 0001:0000f424       ??_C@_0CF@NLOHFKBD@InitDHCP?$CI?$CJ?3?3?5Calling?5ProcessDHCP@ 00020424     eboot:dhcp.obj
 0001:0000f44c       ??_C@_0DB@JKAMMNCP@EbootDHCPRetransmit?$CI?$CJ?3?3Error?5On?5@ 0002044c     eboot:dhcp.obj
 0001:0000f480       ??_C@_0CN@GEBEIIOD@SendDHCP?$CI?$CJ?3?3Error?5On?5DHCPRetrans@ 00020480     eboot:dhcp.obj
 0001:0000f4b0       ??_C@_0CG@GEIANEBC@SendDHCP?$CI?$CJ?3?3Error?5On?5SendUDP?$CI?$CJ?5C@ 000204b0     eboot:dhcp.obj
 0001:0000f568       ??_C@_0BD@GIINPDL@Error?5in?5SendUDP?$AN?6?$AA@ 00020568     eboot:edbg.obj
 0001:0000f57c       ??_C@_0CC@IFLECHKJ@Got?5EDBG_CMD_CONFIG?0?5flags?30x?$CFX?$AN@ 0002057c     eboot:edbg.obj
 0001:0000f5a0       ??_C@_0BH@EBGODALL@Got?5EDBG_CMD_JUMPIMG?$AN?6?$AA@ 000205a0     eboot:edbg.obj
 0001:0000f5b8       ??_C@_0EE@BGOJJHDN@TFTP?5download?5started?5previously@ 000205b8     eboot:edbg.obj
 0001:0000f5fc       ??_C@_0BE@MGGELJDD@Sent?5BOOTME?5to?5?$CFs?$AN?6?$AA@ 000205fc     eboot:edbg.obj
 0001:0000f610       ??_C@_0CI@BKOJILAL@SendBootme?$CI?$CJ?3?3Error?5on?5SendUDP?$CI?$CJ@ 00020610     eboot:edbg.obj
 0001:0000f6c8       ??_C@_1CC@PNKMBGCL@?$AA?9?$AAO?$AAA?$AAL?$AAA?$AAr?$AAg?$AAs?$AAI?$AAn?$AAi?$AAt?$AA?$CI?$AA?$CJ?$AA?$AN?$AA?6?$AA?$AA@ 000206c8     s3c6410_args:args.obj
 0001:0000f6ec       ??_C@_1BM@PBHBBHJD@?$AAp?$AAA?$AAr?$AAg?$AAs?$AA?5?$AA?3?$AA0?$AAx?$AA?$CF?$AAx?$AA?$AN?$AA?6?$AA?$AA@ 000206ec     s3c6410_args:args.obj
 0001:0000f708       ??_C@_1GI@NAELMLKD@?$AAA?$AAr?$AAg?$AAu?$AAm?$AAe?$AAn?$AAt?$AAs?$AA?5?$AAa?$AAr?$AAe?$AAa?$AA?5?$AAh?$AAa?$AAs?$AA?5?$AAs?$AAo?$AAm?$AAe?$AA?5?$AAv?$AAa?$AAl?$AAu?$AAe?$AAs?$AA?4?$AA?5@ 00020708     s3c6410_args:args.obj
 0001:0000f770       ??_C@_1EA@GBPBKONK@?$AAA?$AAr?$AAg?$AAu?$AAm?$AAe?$AAn?$AAt?$AAs?$AA?5?$AAa?$AAr?$AAe?$AAa?$AA?5?$AAi?$AAs?$AA?5?$AAi?$AAn?$AAi?$AAt?$AAi?$AAa?$AAl?$AAi?$AAz?$AAe?$AAd?$AA?$AN?$AA?6?$AA?$AA@ 00020770     s3c6410_args:args.obj
 0001:0000f7b0       ??_C@_1BI@EKLMLBKB@?$AAS?$AAo?$AAc?$AAI?$AAD?$AA?3?$AA0?$AAx?$AA?$CF?$AAx?$AA?6?$AA?$AA@ 000207b0     s3c6410_args:args.obj
 0001:0000f7c8       ??_C@_1CC@CGKBPAJP@?$AA?$CL?$AAO?$AAA?$AAL?$AAA?$AAr?$AAg?$AAs?$AAI?$AAn?$AAi?$AAt?$AA?$CI?$AA?$CJ?$AA?$AN?$AA?6?$AA?$AA@ 000207c8     s3c6410_args:args.obj
 0001:0000f7f0       ??_C@_1EA@DJGHLELP@?$AA?9?$AAO?$AAA?$AAL?$AAA?$AAr?$AAg?$AAs?$AAQ?$AAu?$AAe?$AAr?$AAy?$AA?$CI?$AAp?$AAD?$AAa?$AAt?$AAa?$AA?5?$AA?$DN?$AA?5?$AA0?$AAx?$AA?$CF?$AA0?$AA8?$AAx?$AA?$CJ?$AA?$AN?$AA?6?$AA?$AA@ 000207f0     s3c6410_args:args.obj
 0001:0000f830       ??_C@_1EM@ODHMAKKI@?$AA?$FL?$AAO?$AAA?$AAL?$AA?3?$AAE?$AAR?$AAR?$AA?$FN?$AA?5?$AAA?$AAr?$AAg?$AAu?$AAm?$AAe?$AAn?$AAt?$AAs?$AA?5?$AAa?$AAr?$AAe?$AAa?$AA?5?$AAi?$AAs?$AA?5?$AAi?$AAn?$AAv?$AAa@ 00020830     s3c6410_args:args.obj
 0001:0000f87c       ??_C@_1CI@CLMEBIJE@?$AA?$CL?$AAO?$AAA?$AAL?$AAA?$AAr?$AAg?$AAs?$AAQ?$AAu?$AAe?$AAr?$AAy?$AA?$CI?$AA?$CF?$AAd?$AA?$CJ?$AA?$AN?$AA?6?$AA?$AA@ 0002087c     s3c6410_args:args.obj
 0001:0000f8a4       ??_C@_0P@OLMFJJKE@MegaDisplay?57A?$AA@ 000208a4     s3c6410_ldi_lib:s3c6410_ldi.obj
 0001:0000f8b4       ??_C@_0P@OJIDCHPN@MegaDisplay?54A?$AA@ 000208b4     s3c6410_ldi_lib:s3c6410_ldi.obj
 0001:0000f8c4       ??_C@_0P@OMMMDBHI@MegaDisplay?53A?$AA@ 000208c4     s3c6410_ldi_lib:s3c6410_ldi.obj
 0001:0000f8d4       ??_C@_02IHOKFKFD@TV?$AA@   000208d4     s3c6410_ldi_lib:s3c6410_ldi.obj
 0001:0000f8d8       ??_C@_0N@MNHBCMKH@VGA_1024x768?$AA@ 000208d8     s3c6410_ldi_lib:s3c6410_ldi.obj
 0001:0000f8e8       ??_C@_0M@GJHCBNAO@VGA_800x600?$AA@ 000208e8     s3c6410_ldi_lib:s3c6410_ldi.obj
 0001:0000f8f4       ??_C@_0M@CMKNLCBM@VGA_640x480?$AA@ 000208f4     s3c6410_ldi_lib:s3c6410_ldi.obj
 0001:0000f900       ??_C@_0BA@OAJNNLGN@MegaDisplay?55HD?$AA@ 00020900     s3c6410_ldi_lib:s3c6410_ldi.obj
 0001:0000f910       ??_C@_0BA@PAOOJHPM@MegaDisplay?55SD?$AA@ 00020910     s3c6410_ldi_lib:s3c6410_ldi.obj
 0001:0000f920       ??_C@_0O@MKHEOKMD@MegaDisplay?57?$AA@ 00020920     s3c6410_ldi_lib:s3c6410_ldi.obj
 0001:0000f930       ??_C@_0O@OBFJLJAA@MegaDisplay?54?$AA@ 00020930     s3c6410_ldi_lib:s3c6410_ldi.obj
 0001:0000f940       ??_C@_0O@KOBICPMH@MegaDisplay?53?$AA@ 00020940     s3c6410_ldi_lib:s3c6410_ldi.obj
 0001:0000f950       ??_C@_04OKGDLNCL@NONE?$AA@ 00020950     s3c6410_ldi_lib:s3c6410_ldi.obj
 0001:0000f958       ??_C@_06DJKJCCMC@LP3303?$AA@ 00020958     s3c6410_ldi_lib:s3c6410_ldi.obj
 0001:0000f960       ??_C@_06LMLJGLPA@direct?$AA@ 00020960     s3c6410_ldi_lib:s3c6410_ldi.obj
 0001:0000f968       ??_C@_08GOJFCIDL@SM8121AH?$AA@ 00020968     s3c6410_ldi_lib:s3c6410_ldi.obj
 0001:0000fa08       ??_C@_1EC@MBEENGEB@?$AA?$FL?$AAL?$AAD?$AAI?$AA?3?$AAE?$AAR?$AAR?$AA?$FN?$AA?5?$AAf?$AAr?$AAa?$AAm?$AAe?$AAb?$AAu?$AAf?$AAf?$AAe?$AAr?$AA?5?$AAa?$AAt?$AA?3?$AA?5?$AA0?$AAx?$AA?$CF?$AAX?$AA?6?$AA?$AN@ 00020a08     s3c6410_ldi_lib:s3c6410_ldi.obj
 0001:0000fa4c       ??_C@_1DA@MEGIPJOF@?$AA?$FL?$AAL?$AAD?$AAI?$AA?3?$AAE?$AAR?$AAR?$AA?$FN?$AA?5?$AAR?$AAG?$AAB?$AA1?$AA6?$AA?3?$AA?5?$AA0?$AAx?$AA?$CF?$AAX?$AA?6?$AA?$AN?$AA?$AA@ 00020a4c     s3c6410_ldi_lib:s3c6410_ldi.obj
 0001:0000fa80       ??_C@_1GA@IJKBKGLA@?$AA?$FL?$AAL?$AAD?$AAI?$AA?$FN?$AA?9?$AA?9?$AAL?$AAD?$AAI?$AA_?$AAi?$AAn?$AAi?$AAt?$AAi?$AAa?$AAl?$AAi?$AAz?$AAe?$AA_?$AAr?$AAe?$AAg?$AAi?$AAs?$AAt?$AAe?$AAr?$AA_?$AAa@ 00020a80     s3c6410_ldi_lib:s3c6410_ldi.obj
 0001:0000fae0       ??_C@_1IO@EGGDECIH@?$AA?$FL?$AAL?$AAD?$AAI?$AA?3?$AAE?$AAR?$AAR?$AA?$FN?$AA?5?$AAL?$AAD?$AAI?$AA_?$AAi?$AAn?$AAi?$AAt?$AAi?$AAa?$AAl?$AAi?$AAz?$AAe?$AA_?$AAr?$AAe?$AAg?$AAi?$AAs?$AAt?$AAe@ 00020ae0     s3c6410_ldi_lib:s3c6410_ldi.obj
 0001:0000fb70       ??_C@_1EG@PCABAKCE@?$AA?$FL?$AAL?$AAD?$AAI?$AA?3?$AAI?$AAN?$AAF?$AA?$FN?$AA?5?$AAg?$AA_?$AAp?$AAD?$AAi?$AAs?$AAp?$AAC?$AAo?$AAn?$AAR?$AAe?$AAg?$AA?5?$AA?$DN?$AA?5?$AA0?$AAx?$AA?$CF?$AA0?$AA8?$AAx@ 00020b70     s3c6410_ldi_lib:s3c6410_ldi.obj
 0001:0000fbb8       ??_C@_1EG@NLGFHAIP@?$AA?$FL?$AAL?$AAD?$AAI?$AA?3?$AAI?$AAN?$AAF?$AA?$FN?$AA?5?$AAg?$AA_?$AAp?$AAG?$AAP?$AAI?$AAO?$AAR?$AAe?$AAg?$AA?5?$AA?5?$AA?5?$AA?5?$AA?$DN?$AA?5?$AA0?$AAx?$AA?$CF?$AA0?$AA8?$AAx@ 00020bb8     s3c6410_ldi_lib:s3c6410_ldi.obj
 0001:0000fc00       ??_C@_1IC@HIIGBJG@?$AA?$FL?$AAL?$AAD?$AAI?$AA?$FN?$AA?$CL?$AA?$CL?$AAL?$AAD?$AAI?$AA_?$AAi?$AAn?$AAi?$AAt?$AAi?$AAa?$AAl?$AAi?$AAz?$AAe?$AA_?$AAr?$AAe?$AAg?$AAi?$AAs?$AAt?$AAe?$AAr?$AA_?$AAa@ 00020c00     s3c6410_ldi_lib:s3c6410_ldi.obj
 0001:0000fc88       ??_C@_1EK@PBALKAIJ@?$AA?$FL?$AAL?$AAD?$AAI?$AA?$FN?$AA?$CL?$AA?$CL?$AAL?$AAD?$AAI?$AA_?$AAs?$AAe?$AAt?$AA_?$AAL?$AAC?$AAD?$AA_?$AAm?$AAo?$AAd?$AAu?$AAl?$AAe?$AA_?$AAt?$AAy?$AAp?$AAe?$AA?$CI?$AA?$CF@ 00020c88     s3c6410_ldi_lib:s3c6410_ldi.obj
 0001:0000fcd8       ??_C@_1EK@KFHGJIKN@?$AA?$FL?$AAD?$AAI?$AAS?$AAP?$AA?3?$AAI?$AAN?$AAF?$AA?$FN?$AA?5?$AAO?$AAu?$AAt?$AAp?$AAu?$AAt?$AA?5?$AAD?$AAe?$AAv?$AAc?$AAe?$AA?5?$AAT?$AAy?$AAp?$AAe?$AA?5?$AA?$FL?$AA?$CF?$AAs@ 00020cd8     s3c6410_ldi_lib:s3c6410_ldi.obj
 0001:0000fd28       ??_C@_1FM@JKCOBKPN@?$AA?$FL?$AAL?$AAD?$AAI?$AA?$FN?$AA?9?$AA?9?$AAL?$AAD?$AAI?$AA_?$AAf?$AAi?$AAl?$AAl?$AA_?$AAo?$AAu?$AAt?$AAp?$AAu?$AAt?$AA_?$AAd?$AAe?$AAv?$AAi?$AAc?$AAe?$AA_?$AAi?$AAn@ 00020d28     s3c6410_ldi_lib:s3c6410_ldi.obj
 0001:0000fd88       ??_C@_1IE@LKAHHFEJ@?$AA?$FL?$AAL?$AAD?$AAI?$AA?3?$AAE?$AAR?$AAR?$AA?$FN?$AA?5?$AAL?$AAD?$AAI?$AA_?$AAf?$AAi?$AAl?$AAl?$AA_?$AAo?$AAu?$AAt?$AAp?$AAu?$AAt?$AA_?$AAd?$AAe?$AAv?$AAi?$AAc?$AAe@ 00020d88     s3c6410_ldi_lib:s3c6410_ldi.obj
 0001:0000fe10       ??_C@_1FM@ICIAHNO@?$AA?$FL?$AAL?$AAD?$AAI?$AA?$FN?$AA?$CL?$AA?$CL?$AAL?$AAD?$AAI?$AA_?$AAf?$AAi?$AAl?$AAl?$AA_?$AAo?$AAu?$AAt?$AAp?$AAu?$AAt?$AA_?$AAd?$AAe?$AAv?$AAi?$AAc?$AAe?$AA_?$AAi?$AAn@ 00020e10     s3c6410_ldi_lib:s3c6410_ldi.obj
 0001:0000fe70       ??_C@_1EE@OHDAADMI@?$AA?$FL?$AAL?$AAD?$AAI?$AA?$FN?$AA?$CL?$AA?$CL?$AAL?$AAD?$AAI?$AA_?$AAi?$AAn?$AAi?$AAt?$AAD?$AAi?$AAs?$AAp?$AAl?$AAa?$AAy?$AA?5?$AAt?$AAy?$AAp?$AAe?$AA?$CI?$AA?$CF?$AAd?$AA?$CJ?$AA?6@ 00020e70     s3c6410_ldi_lib:s3c6410_ldi.obj
 0001:0000feb8       ??_C@_1FA@JMABEJAO@?$AA?$FL?$AAL?$AAD?$AAI?$AA?$FN?$AA?$CL?$AA?$CL?$AAL?$AAD?$AAI?$AA_?$AAi?$AAn?$AAi?$AAt?$AAD?$AAi?$AAs?$AAp?$AAl?$AAa?$AAy?$AA?5?$AAe?$AAr?$AAr?$AAo?$AAr?$AA?5?$AAt?$AAy?$AAp@ 00020eb8     s3c6410_ldi_lib:s3c6410_ldi.obj
 0001:0000ff98       ??_C@_1HK@PFPKCOID@?$AAE?$AAR?$AAR?$AAO?$AAR?$AA?3?$AA?5?$AAU?$AAs?$AAb?$AAD?$AAb?$AAg?$AAS?$AAe?$AAr?$AA?3?$AA?3?$AA?5?$AAN?$AAo?$AAt?$AA?5?$AAc?$AAo?$AAn?$AAn?$AAe?$AAc?$AAt?$AAe?$AAd@ 00020f98     oal_usbdbgsermdd:serifc.obj
 0001:00010018       ??_C@_1EI@BLNDGIHO@?$AAU?$AAs?$AAb?$AAD?$AAb?$AAg?$AAS?$AAe?$AAr?$AA?3?$AA?3?$AA?5?$AAi?$AAn?$AAi?$AAt?$AAi?$AAa?$AAl?$AAi?$AAz?$AAa?$AAt?$AAi?$AAo?$AAn?$AA?3?$AA?5?$AAF?$AAa?$AAi?$AAl@ 00021018     oal_usbdbgsermdd:serifc.obj
 0001:00010060       ??_C@_1EM@BKONKMFM@?$AAU?$AAs?$AAb?$AAD?$AAb?$AAg?$AAS?$AAe?$AAr?$AA?3?$AA?3?$AA?5?$AAi?$AAn?$AAi?$AAt?$AAi?$AAa?$AAl?$AAi?$AAz?$AAa?$AAt?$AAi?$AAo?$AAn?$AA?3?$AA?5?$AAS?$AAu?$AAc?$AAc@ 00021060     oal_usbdbgsermdd:serifc.obj
 0001:000100b0       ??_C@_1GO@GGBLOB@?$AAU?$AAs?$AAb?$AAD?$AAb?$AAg?$AAS?$AAe?$AAr?$AA?3?$AA?3?$AA?5?$AAi?$AAn?$AAi?$AAt?$AAi?$AAa?$AAl?$AAi?$AAz?$AAa?$AAt?$AAi?$AAo?$AAn?$AA?3?$AA?5?$AAU?$AAs?$AAb?$AAS@ 000210b0     oal_usbdbgsermdd:serifc.obj
 0001:00010120       ??_C@_1EA@BOFKDMLH@?$AA?9?$AAU?$AAs?$AAb?$AAD?$AAb?$AAg?$AAS?$AAe?$AAr?$AAi?$AAa?$AAl?$AA_?$AAS?$AAe?$AAn?$AAd?$AA?3?$AA?5?$AAr?$AAe?$AAt?$AAV?$AAa?$AAl?$AA?$DN?$AA?$CF?$AAd?$AA?$AN?$AA?6?$AA?$AA@ 00021120     oal_usbdbgsermdd:serifc.obj
 0001:00010160       ??_C@_1GE@EPMJFBEJ@?$AA?5?$AAU?$AAs?$AAb?$AAD?$AAb?$AAg?$AAS?$AAe?$AAr?$AAi?$AAa?$AAl?$AA_?$AAS?$AAe?$AAn?$AAd?$AA?3?$AA?5?$AAE?$AAr?$AAr?$AAo?$AAr?$AA?3?$AA?5?$AAS?$AAe?$AAn?$AAd?$AAD@ 00021160     oal_usbdbgsermdd:serifc.obj
 0001:000101c8       ??_C@_1EM@LCFJBCDF@?$AA?5?$AAU?$AAs?$AAb?$AAD?$AAb?$AAg?$AAS?$AAe?$AAr?$AAi?$AAa?$AAl?$AA_?$AAS?$AAe?$AAn?$AAd?$AA?3?$AA?5?$AAE?$AAr?$AAr?$AAo?$AAr?$AA?3?$AA?5?$AAn?$AAu?$AAl?$AAl?$AA?5@ 000211c8     oal_usbdbgsermdd:serifc.obj
 0001:00010214       ??_C@_1DM@ONBGJBGA@?$AA?$CL?$AAU?$AAs?$AAb?$AAD?$AAb?$AAg?$AAS?$AAe?$AAr?$AAi?$AAa?$AAl?$AA_?$AAS?$AAe?$AAn?$AAd?$AA?3?$AA?5?$AAs?$AAi?$AAz?$AAe?$AA?$DN?$AA?$CF?$AAd?$AA?$AN?$AA?6?$AA?$AA@ 00021214     oal_usbdbgsermdd:serifc.obj
 0001:00010250       ??_C@_1EC@OONAKNKA@?$AA?9?$AAU?$AAs?$AAb?$AAD?$AAb?$AAg?$AAS?$AAe?$AAr?$AAi?$AAa?$AAl?$AA_?$AAR?$AAe?$AAc?$AAv?$AA?3?$AA?5?$AAc?$AAb?$AAR?$AAe?$AAc?$AAv?$AAd?$AA?$DN?$AA?$CF?$AAd?$AA?$AN?$AA?6@ 00021250     oal_usbdbgsermdd:serifc.obj
 0001:00010298       ??_C@_1EM@NGEIEKB@?$AA?5?$AAU?$AAs?$AAb?$AAD?$AAb?$AAg?$AAS?$AAe?$AAr?$AAi?$AAa?$AAl?$AA_?$AAR?$AAe?$AAc?$AAv?$AA?3?$AA?5?$AAE?$AAr?$AAr?$AAo?$AAr?$AA?3?$AA?5?$AAn?$AAu?$AAl?$AAl?$AA?5@ 00021298     oal_usbdbgsermdd:serifc.obj
 0001:000102e8       ??_C@_1EC@DMCHBDG@?$AA?$CL?$AAU?$AAs?$AAb?$AAD?$AAb?$AAg?$AAS?$AAe?$AAr?$AAi?$AAa?$AAl?$AA_?$AAR?$AAe?$AAc?$AAv?$AA?3?$AA?5?$AAb?$AAu?$AAf?$AAS?$AAi?$AAz?$AAe?$AA?$DN?$AA?$CF?$AAd?$AA?$AN?$AA?6@ 000212e8     oal_usbdbgsermdd:serifc.obj
 0001:000105c8       ??_C@_1DM@EEGABLCD@?$AAu?$AAs?$AAb?$AAd?$AAb?$AAg?$AA?3?$AA?9?$AAC?$AAo?$AAn?$AAt?$AAi?$AAn?$AAu?$AAe?$AAR?$AAx?$AAT?$AAr?$AAa?$AAn?$AAs?$AAf?$AAe?$AAr?$AA?4?$AA?$AN?$AA?6?$AA?$AA@ 000215c8     oal_usbdbgsermdd:usbser.obj
 0001:00010608       ??_C@_1GA@PDGHKEBE@?$AAW?$AAA?$AAR?$AAN?$AA?$CB?$AA?3?$AAu?$AAs?$AAb?$AAd?$AAb?$AAg?$AA?3?$AAR?$AAx?$AA?5?$AAx?$AAf?$AAe?$AAr?$AA?5?$AAn?$AAo?$AAt?$AA?5?$AAi?$AAn?$AA?5?$AAp?$AAr?$AAo?$AAg@ 00021608     oal_usbdbgsermdd:usbser.obj
 0001:00010668       ??_C@_1DM@JPKEEEAI@?$AAu?$AAs?$AAb?$AAd?$AAb?$AAg?$AA?3?$AA?$CL?$AAC?$AAo?$AAn?$AAt?$AAi?$AAn?$AAu?$AAe?$AAR?$AAx?$AAT?$AAr?$AAa?$AAn?$AAs?$AAf?$AAe?$AAr?$AA?4?$AA?$AN?$AA?6?$AA?$AA@ 00021668     oal_usbdbgsermdd:usbser.obj
 0001:000106a4       ??_C@_1DM@EBNMBFGN@?$AAu?$AAs?$AAb?$AAd?$AAb?$AAg?$AA?3?$AA?9?$AAC?$AAo?$AAn?$AAt?$AAi?$AAn?$AAu?$AAe?$AAT?$AAx?$AAT?$AAr?$AAa?$AAn?$AAs?$AAf?$AAe?$AAr?$AA?4?$AA?$AN?$AA?6?$AA?$AA@ 000216a4     oal_usbdbgsermdd:usbser.obj
 0001:000106e0       ??_C@_1GA@PPECDDCP@?$AAW?$AAA?$AAR?$AAN?$AA?$CB?$AA?3?$AAu?$AAs?$AAb?$AAd?$AAb?$AAg?$AA?3?$AAT?$AAx?$AA?5?$AAx?$AAf?$AAe?$AAr?$AA?5?$AAn?$AAo?$AAt?$AA?5?$AAi?$AAn?$AA?5?$AAp?$AAr?$AAo?$AAg@ 000216e0     oal_usbdbgsermdd:usbser.obj
 0001:00010740       ??_C@_1EG@PCHOOLPC@?$AAu?$AAs?$AAb?$AAd?$AAb?$AAg?$AA?3?$AA?$CL?$AAC?$AAo?$AAn?$AAt?$AAi?$AAn?$AAu?$AAe?$AAT?$AAx?$AAT?$AAr?$AAa?$AAn?$AAs?$AAf?$AAe?$AAr?$AA?4?$AA?5?$AAe?$AAp?$AA?$CF?$AAd@ 00021740     oal_usbdbgsermdd:usbser.obj
 0001:00010788       ??_C@_1EK@EPOFPAAG@?$AAu?$AAs?$AAb?$AAd?$AAb?$AAg?$AA?3?$AA?9?$AAS?$AAe?$AAn?$AAd?$AAC?$AAo?$AAn?$AAt?$AAr?$AAo?$AAl?$AAS?$AAt?$AAa?$AAt?$AAu?$AAs?$AAH?$AAa?$AAn?$AAd?$AAs?$AAh?$AAa@ 00021788     oal_usbdbgsermdd:usbser.obj
 0001:000107d8       ??_C@_1EK@JMJPNNOH@?$AAu?$AAs?$AAb?$AAd?$AAb?$AAg?$AA?3?$AA?$CL?$AAS?$AAe?$AAn?$AAd?$AAC?$AAo?$AAn?$AAt?$AAr?$AAo?$AAl?$AAS?$AAt?$AAa?$AAt?$AAu?$AAs?$AAH?$AAa?$AAn?$AAd?$AAs?$AAh?$AAa@ 000217d8     oal_usbdbgsermdd:usbser.obj
 0001:00010828       ??_C@_1EK@PGNPJKME@?$AAu?$AAs?$AAb?$AAd?$AAb?$AAg?$AA?3?$AA?9?$AAR?$AAe?$AAc?$AAv?$AAC?$AAo?$AAn?$AAt?$AAr?$AAo?$AAl?$AAS?$AAt?$AAa?$AAt?$AAu?$AAs?$AAH?$AAa?$AAn?$AAd?$AAs?$AAh?$AAa@ 00021828     oal_usbdbgsermdd:usbser.obj
 0001:00010878       ??_C@_1EK@CFKFLHCF@?$AAu?$AAs?$AAb?$AAd?$AAb?$AAg?$AA?3?$AA?$CL?$AAR?$AAe?$AAc?$AAv?$AAC?$AAo?$AAn?$AAt?$AAr?$AAo?$AAl?$AAS?$AAt?$AAa?$AAt?$AAu?$AAs?$AAH?$AAa?$AAn?$AAd?$AAs?$AAh?$AAa@ 00021878     oal_usbdbgsermdd:usbser.obj
 0001:000108c8       ??_C@_1KO@NKOLJPDI@?$AAU?$AAs?$AAb?$AAD?$AAb?$AAg?$AA?3?$AAS?$AAe?$AAt?$AAu?$AAp?$AA?5?$AAr?$AAe?$AAq?$AAu?$AAe?$AAs?$AAt?$AA?5?$AA?$FL?$AAU?$AAS?$AAB?$AA_?$AAR?$AAE?$AAQ?$AAU?$AAE?$AAS@ 000218c8     oal_usbdbgsermdd:usbser.obj
[...]
 0001:0002f300       UsbDbgPdd_Ioctl            00040300 f   s3c6410_usbdbgpdd:usbdbgpdd.obj
 0001:0002f37c       UsbDbgPdd_EventHandler     0004037c f   s3c6410_usbdbgpdd:usbdbgpdd.obj
 0001:0002f58c       UsbDbgPdd_RecvData         0004058c f   s3c6410_usbdbgpdd:usbdbgpdd.obj
 0001:0002f7a0       UsbDbgPdd_SendData         000407a0 f   s3c6410_usbdbgpdd:usbdbgpdd.obj
 0001:0002f910       UsbDbgPdd_SendCmd          00040910 f   s3c6410_usbdbgpdd:usbdbgpdd.obj
 0001:0002f9e4       UsbDbgPdd_SetPower         000409e4 f   s3c6410_usbdbgpdd:usbdbgpdd.obj
 0001:0002fa70       UsbDbgPdd_Init             00040a70 f   s3c6410_usbdbgpdd:usbdbgpdd.obj
 0001:0002fb5c       OTGDevice_StallHelper      00040b5c f   s3c6410_usbdbgpdd:otgdev.obj
 0001:0002fbac       OTGDevice_SoftResetCore    00040bac f   s3c6410_usbdbgpdd:otgdev.obj
 0001:0002fbec       OTGDevice_SetSoftDisconnect 00040bec f   s3c6410_usbdbgpdd:otgdev.obj
 0001:0002fc04       OTGDevice_ClearSoftDisconnect 00040c04 f   s3c6410_usbdbgpdd:otgdev.obj
 0001:0002fc1c       OTGDevice_SetAddress       00040c1c f   s3c6410_usbdbgpdd:otgdev.obj
 0001:0002fc70       OTGDevice_InitNonControlEndPts 00040c70 f   s3c6410_usbdbgpdd:otgdev.obj
 0001:0002fdc0       OTGDevice_SetOutEpXferSize 00040dc0 f   s3c6410_usbdbgpdd:otgdev.obj
 0001:0002fe00       OTGDevice_DeInit           00040e00 f   s3c6410_usbdbgpdd:otgdev.obj
 0001:0002fe9c       OTGDevice_HandleReset      00040e9c f   s3c6410_usbdbgpdd:otgdev.obj
 0001:0002ff34       OTGDevice_HandleEnumDone   00040f34 f   s3c6410_usbdbgpdd:otgdev.obj
 0001:0002ffe4       OTGDevice_Init             00040fe4 f   s3c6410_usbdbgpdd:otgdev.obj
 0001:00030108       OTGDevice_InitEndPts       00041108 f   s3c6410_usbdbgpdd:otgdev.obj
 0001:000303a0       PWRCTL_getPowerModuleName  000413a0 f   extpowerctl_lib:ExtPowerCTL_LIB.obj
 0001:000303b8       PWRCTL_setPower            000413b8 f   extpowerctl_lib:ExtPowerCTL_LIB.obj
 0001:000303cc       PWRCTL_clrPower            000413cc f   extpowerctl_lib:ExtPowerCTL_LIB.obj
 0001:000303e0       PWRCTL_togglePower         000413e0 f   extpowerctl_lib:ExtPowerCTL_LIB.obj
 0001:000303f4       PWRCTL_getStatusOnOff      000413f4 f   extpowerctl_lib:ExtPowerCTL_LIB.obj
 0001:00030414       PWRCTL_isDefault           00041414 f   extpowerctl_lib:ExtPowerCTL_LIB.obj
 0001:0003042c       PWRCTL_setDAC0Power        0004142c f   extpowerctl_lib:ExtPowerCTL_LIB.obj
 0001:00030470       PWRCTL_powerCTLInit        00041470 f   extpowerctl_lib:ExtPowerCTL_LIB.obj
 0001:000305f4       PWRCTL_setDAC1Power        000415f4 f   extpowerctl_lib:ExtPowerCTL_LIB.obj
 0001:00030638       PWRCTL_setAllTo            00041638 f   extpowerctl_lib:ExtPowerCTL_LIB.obj
 0001:00030720       PWRCTL_setDefaultPower     00041720 f   extpowerctl_lib:ExtPowerCTL_LIB.obj
 0001:00030738       PWRCTL_InitializePowerCTL  00041738 f   extpowerctl_lib:ExtPowerCTL_LIB.obj
 0001:00030758       GetNandInfo                00041758 f   nandflash_boot_lib:fmd.obj
 0001:000307fc       FMD_ReadSector             000417fc f   nandflash_boot_lib:fmd.obj
 0001:00030884       FMD_EraseBlock             00041884 f   nandflash_boot_lib:fmd.obj
 0001:000308f4       FMD_WriteSector            000418f4 f   nandflash_boot_lib:fmd.obj
 0001:0003097c       FMD_GetInfo                0004197c f   nandflash_boot_lib:fmd.obj
 0001:00030a8c       FMD_GetBlockStatus         00041a8c f   nandflash_boot_lib:fmd.obj
 0001:00030afc       FMD_SetBlockStatus         00041afc f   nandflash_boot_lib:fmd.obj
 0001:00030b78       ?ECC_CorrectData@@YAHKPAEIW4ECC_CORRECT_TYPE@@@Z 00041b78 f   nandflash_boot_lib:fmd.obj
 0001:00030cd4       FMD_Init                   00041cd4 f   nandflash_boot_lib:fmd.obj
 0001:00030f18       FMD_SB_ReadSector          00041f18 f   nandflash_boot_lib:fmd_SB.obj
 0001:000311cc       FMD_SB_WriteSector         000421cc f   nandflash_boot_lib:fmd_SB.obj
 0001:000314e4       FMD_SB_EraseBlock          000424e4 f   nandflash_boot_lib:fmd_SB.obj
 0001:00031608       FMD_SB_GetBlockStatus      00042608 f   nandflash_boot_lib:fmd_SB.obj
 0001:00031684       NAND_SB_MarkBlockBad       00042684 f   nandflash_boot_lib:fmd_SB.obj
 0001:000317d8       RAW_SB_ReadSector          000427d8 f   nandflash_boot_lib:fmd_SB.obj
 0001:000318d0       FMD_SB_SetBlockStatus      000428d0 f   nandflash_boot_lib:fmd_SB.obj
 0001:00031940       ?SubmitSpareAreaReadCmd@@YAXKK@Z 00042940 f   nandflash_boot_lib:fmd_LB.obj
 0001:000319e4       ?ReadOneSectorInfo@@YAXPAE@Z 000429e4 f   nandflash_boot_lib:fmd_LB.obj
 0001:00031a64       NAND_LB_ReadSectorInfo     00042a64 f   nandflash_boot_lib:fmd_LB.obj
 0001:00031bf0       NAND_LB_WriteSectorInfo    00042bf0 f   nandflash_boot_lib:fmd_LB.obj
 0001:00031dd8       FMD_LB_EraseBlock          00042dd8 f   nandflash_boot_lib:fmd_LB.obj
 0001:00031f14       FMD_LB_EraseSector         00042f14 f   nandflash_boot_lib:fmd_LB.obj
 0001:0003204c       NAND_LB_MarkBlockBad       0004304c f   nandflash_boot_lib:fmd_LB.obj
 0001:000321ac       NAND_LB_MarkSectorBad      000431ac f   nandflash_boot_lib:fmd_LB.obj
 0001:0003230c       NAND_LB_IsBlockBad         0004330c f   nandflash_boot_lib:fmd_LB.obj
 0001:00032410       NAND_LB_IsSectorBad        00043410 f   nandflash_boot_lib:fmd_LB.obj
 0001:00032510       RAW_LB_ReadSector          00043510 f   nandflash_boot_lib:fmd_LB.obj
 0001:0003262c       FMD_LB_ReadSector          0004362c f   nandflash_boot_lib:fmd_LB.obj
 0001:00032a50       FMD_LB_WriteSector         00043a50 f   nandflash_boot_lib:fmd_LB.obj
 0001:00032df4       FMD_LB_GetBlockStatus      00043df4 f   nandflash_boot_lib:fmd_LB.obj
 0001:00032e90       FMD_LB_GetSectorStatus     00043e90 f   nandflash_boot_lib:fmd_LB.obj
 0001:00032f2c       FMD_LB_SetBlockStatus      00043f2c f   nandflash_boot_lib:fmd_LB.obj
 0001:00032f7c       RdPage512                  00043f7c f   nandflash_boot_lib:nand.obj
 0001:00032fbc       RdPage512Unalign           00043fbc f   nandflash_boot_lib:nand.obj
 0001:00033058       WrPage512                  00044058 f   nandflash_boot_lib:nand.obj
 0001:00033098       WrPage512Unalign           00044098 f   nandflash_boot_lib:nand.obj
 0001:00033134       RdPageInfo                 00044134 f   nandflash_boot_lib:nand.obj
 0001:00033150       WrPageInfo                 00044150 f   nandflash_boot_lib:nand.obj
 0001:00033178       OALLogSerial               00044178 f   oal_log:log.obj
 0002:00000000       g_bDownloadImage           00045000     main.obj
 0002:00000004       g_bWaitForConnect          00045004     main.obj
 0002:00000008       g_DefaultBootDevice        00045008     main.obj
 0002:0000000c       BootDeviceString           0004500c     main.obj
 0002:0000001c       aDay                       0004501c     main.obj
 0002:0000003c       g_PCLK                     0004503c     usb.obj
 0002:00000048       initialOALLogZones         00045048     oal_log:debug.obj
 0002:00000050       dpCurSettings              00045050     oal_log:debug.obj
 0002:000004e4       ?g_dwMBRSectorNum@@3KA     000454e4     bootpart:bootpart.obj
 0002:000004f4       __fp_status_flags          000454f4     fulllibc:fpdata.obj
 0002:000004f8       __fp_errblock              000454f8     fulllibc:fpdata.obj
 0002:0000053c       __rt_trap                  0004553c     fulllibc:fpdata.obj
 0002:00000540       __security_cookie          00045540     gsnull:gsnull.obj
 0002:00000544       __security_cookie_complement 00045544     gsnull:gsnull.obj
 0002:00000548       g_flipCompleted            00045548     s3c6410_disp_lib:s3c6410_display_con.obj
 0002:00000cc8       g_UsbDbgZones              00045cc8     s3c6410_usbdbgpdd:usbdbgpdd.obj
 0002:00001368       rtcTick                    00046368     main.obj
 0002:0000136c       g_bBootMediaExist          0004636c     main.obj
 0002:00001370       g_EraseReservedBlock       00046370     main.obj
 0002:00001b9c       g_bTransferEp0             00046b9c     usb.obj
 0002:0000398c       ?g_buffer@@3PAEA           0004898c     oal_blserial:serfuncs.obj
 0002:00004594       ?g_partStateTable@@3PAU_PARTSTATE@@A 00049594     bootpart:bootpart.obj
 0002:000045b4       ?g_FlashInfo@@3U_FlashInfo@@A 000495b4     bootpart:bootpart.obj
 0002:000045c4       ?g_dwDataBytesPerBlock@@3KA 000495c4     bootpart:bootpart.obj
 0002:000045c8       ?g_dwLastWrittenLoc@@3KA   000495c8     bootpart:bootpart.obj
 0002:000045cc       ?g_dwLastLogSector@@3KA    000495cc     bootpart:bootpart.obj
 0002:000045d0       ?g_pSectorInfoBuf@@3PAU_SectorInfo@@A 000495d0     bootpart:bootpart.obj
 0002:000045d4       ?g_pbMBRSector@@3PAEA      000495d4     bootpart:bootpart.obj
 0002:000045d8       ?g_pbBlock@@3PAEA          000495d8     bootpart:bootpart.obj
 0002:000045e4       bDoLaunch                  000495e4     eboot:tftpd.obj
 0002:000045e8       TftpPeerAddr               000495e8     eboot:tftpd.obj
 0002:000073d0       ?g_LastRxPktStatus@@3KA    0004c3d0     s3c6410_usbdbgpdd:usbdbgpdd.obj
 0002:000073d4       g_NumEPsUsed               0004c3d4     s3c6410_usbdbgpdd:otgdev.obj
 0002:000073d8       g_pusbDeviceDescriptor     0004c3d8     s3c6410_usbdbgpdd:otgdev.obj
 0002:000073e0       stDeviceInfo               0004c3e0     nandflash_boot_lib:fmd.obj
 0002:000073e8       ?g_bNeedExtAddr@@3HA       0004c3e8     nandflash_boot_lib:fmd.obj
 0002:000073ec       ?g_pNFConReg@@3PCUS3C6410_NAND_REG@@C 0004c3ec     nandflash_boot_lib:fmd.obj
 0002:000073f0       ?g_pSysConReg@@3PCUS3C6410_SYSCON_REG@@C 0004c3f0     nandflash_boot_lib:fmd.obj
 0002:000073f4       readPtIndex                0004c3f4     <common>
 0002:000073f8       s6410VIC0                  0004c3f8     <common>
 0002:000073fc       g_usConfig                 0004c3fc     <common>
 0002:00007400       oOtgDev                    0004c400     <common>
 0002:00007474       s6410VIC1                  0004c474     <common>
 0002:00007478       g_pDownPt                  0004c478     <common>
 0002:0000747c       oInterfaceGet              0004c47c     <common>
 0002:00007480       oStatusGet                 0004c480     <common>
 0002:00007488       pfnEDbgGetFrame            0004c488     <common>
 0002:0000748c       pfnEDbgInit                0004c48c     <common>
 0002:00007490       pfnEDbgSendFrame           0004c490     <common>
 0002:00007494       g_pBootCfg                 0004c494     <common>
 0002:00007498       g_KITLConfig               0004c498     <common>
 0002:0000749c       g_bCleanBootFlag           0004c49c     <common>
 0002:000074a0       g_bHiveCleanFlag           0004c4a0     <common>
 0002:000074c0       g_BINRegionInfo            0004c4c0     <common>
 0002:00008ef0       g_DeviceAddr               0004def0     <common>
 0002:00008efc       g_DevID                    0004defc     <common>
 0002:00008f00       g_ImageType                0004df00     <common>
 0002:00008f20       g_TOC                      0004df20     <common>
 0002:00009720       g_dwMinImageStart          0004e720     <common>
 0002:00009724       g_dwTocEntry               0004e724     <common>
 0002:00009728       wNUM_BLOCKS                0004e728     <common>
 0002:0000972c       g_bFormatPartitionFlag     0004e72c     <common>
 0002:00009740       g_oalCacheInfo             0004e740     <common>
 0002:00009788       g_pOEMVerifyMemory         0004e788     <common>
 0002:0000978c       g_dwROMOffset              0004e78c     <common>
 0002:00009790       g_pOEMReportError          0004e790     <common>
 0002:00009794       g_pOEMMultiBINNotify       0004e794     <common>
 0002:00009798       g_pOEMCheckSignature       0004e798     <common>
 0002:0000979c       szSprintf                  0004e79c     <common>
 0002:000097a0       TFtpLinks                  0004e7a0     <common>
 0002:0000a060       wOdoWellKnownServerPort    0004f060     <common>
 0002:0000a062       wHostWellKnownServerPort   0004f062     <common>
 0002:0000a064       nNumTFtpLinksInUse         0004f064     <common>
 0002:0000a080       TFTPFrameBuffer            0004f080     <common>
 0002:0000a4c0       TFtpdServerRegistry        0004f4c0     <common>
 0002:0000a588       _soft_fp_control           0004f588     <common>
 0002:0000a58c       Bpp                        0004f58c     <common>
 0002:0000a5a0       DOEPDMA                    0004f5a0     <common>
 0002:0000a5e0       DOEPINT                    0004f5e0     <common>
 0002:0000a620       DIEPINT                    0004f620     <common>
 0002:0000a660       DIEPCTL                    0004f660     <common>
 0002:0000a6a0       g_usbDeviceDescriptor      0004f6a0     <common>
 0002:0000a6c0       DOEPTSIZ                   0004f6c0     <common>
 0002:0000a700       DOEPCTL                    0004f700     <common>
 0002:0000a740       DIEPTSIZ                   0004f740     <common>
 0002:0000a780       EP_FIFO                    0004f780     <common>
 0002:0000a7c0       EndPointsInfo              0004f7c0     <common>
 0002:0000a800       DIEPDMA                    0004f800     <common>
 0002:0000a83c       v_pIOP_PIO_regs            0004f83c     <common>

 entry point at        0001:0001ddb8

 Static symbols

 0001:000150b0       SetCS8900MACAddress        000260b0 f   main.obj
 0001:00015260       MarkReservedBlockWithBadBlock 00026260 f   main.obj
 0001:00015330       InputNumericalString       00026330 f   main.obj
 0001:00015570       PrintMainMenu              00026570 f   main.obj
 0001:00015abc       OEMUpdateTOC               00026abc f   main.obj
 0001:000162e4       InitializeDisplay          000272e4 f   main.obj
 0001:00016680       InitializeOTGCLK           00027680 f   main.obj
 0001:0001684c       InitializeRTC              0002784c f   main.obj
 0001:0001697c       MainMenu                   0002797c f   main.obj
 0001:00018414       ?BootConfigInit@@YAXK@Z    00029414 f   nand.obj
 0001:0001ad5c       delayLoop                  0002bd5c f   usb.obj
 0001:0001b0bc       IIC_SetWrite               0002c0bc f   usb.obj
 0001:0001b11c       IIC_Wait                   0002c11c f   usb.obj
 0001:0001c5e4       setPCA9530PWM              0002d5e4 f   MegaDisplay.obj
 0001:0001d9f0       ConvertBmpToRgb16bpp       0002e9f0 f   LogoCraft.obj
 0001:0001db5c       ConvertBmpToRgb24bpp       0002eb5c f   LogoCraft.obj
 0001:0001e724       GetFormatValue             0002f724 f   oal_blnk:format.obj
 0001:0001f0f0       pOutputByte                000300f0 f   oal_blcommon:format.obj
 0001:0001f120       pOutputNumHex              00030120 f   oal_blcommon:format.obj
 0001:0001f168       pOutputNumDecimal          00030168 f   oal_blcommon:format.obj
 0001:0001f564       GetImageType               00030564 f   oal_blcommon:blcommon.obj
 0001:0001f6a4       CheckImageManifest         000306a4 f   oal_blcommon:blcommon.obj
 0001:0001f7d0       DownloadNB0                000307d0 f   oal_blcommon:blcommon.obj
 0001:0001f9d0       WriteImageToFlash          000309d0 f   oal_blcommon:blcommon.obj
 0001:0001fab0       IsKernelRegion             00030ab0 f   oal_blcommon:blcommon.obj
 0001:0001fb6c       DownloadBin                00030b6c f   oal_blcommon:blcommon.obj
 0001:0001ff84       DownloadImage              00030f84 f   oal_blcommon:blcommon.obj
 0001:00021084       LBAtoCHS                   00032084 f   bootpart:bootpart.obj
 0001:0002110c       AddPartitionTableEntry     0003210c f   bootpart:bootpart.obj
 0001:0002122c       LastLogSector              0003222c f   bootpart:bootpart.obj
 0001:000212ac       Log2Phys                   000322ac f   bootpart:bootpart.obj
 0001:00021364       FindFreeSector             00032364 f   bootpart:bootpart.obj
 0001:00021410       ?AreSectorsFree@@YAHKK@Z   00032410 f   bootpart:bootpart.obj
 0001:000214f8       ReadBlock                  000324f8 f   bootpart:bootpart.obj
 0001:00021578       WriteBlock                 00032578 f   bootpart:bootpart.obj
 0001:00021c24       ?WriteMBR@@YAHXZ           00032c24 f   bootpart:bootpart.obj
 0001:00021d18       WriteLogicalNumbers        00032d18 f   bootpart:bootpart.obj
 0001:00021e44       CreatePartition            00032e44 f   bootpart:bootpart.obj
 0001:00022c54       EbootSimpleCallback        00033c54 f   eboot:ebsimp.obj
 0001:00023c54       CRC                        00034c54 f   eboot:udp.obj
 0001:00024410       FormatDHCPName             00035410 f   eboot:dhcp.obj
 0001:00028994       xtoa                       00039994 f   fulllibc:xtoa.obj
 0001:0002a9ac       Disp_initialize_TVEnc      0003b9ac f   s3c6410_disp_lib:s3c6410_display_con.obj
 0001:0002aaa0       Disp_window0_initialize    0003baa0 f   s3c6410_disp_lib:s3c6410_display_con.obj
 0001:0002ac18       Disp_window1_initialize    0003bc18 f   s3c6410_disp_lib:s3c6410_display_con.obj
 0001:0002adcc       Disp_window2_initialize    0003bdcc f   s3c6410_disp_lib:s3c6410_display_con.obj
 0001:0002af80       Disp_window3_initialize    0003bf80 f   s3c6410_disp_lib:s3c6410_display_con.obj
 0001:0002b088       Disp_window4_initialize    0003c088 f   s3c6410_disp_lib:s3c6410_display_con.obj
 0001:0002b190       Disp_get_vclk_direction_divider 0003c190 f   s3c6410_disp_lib:s3c6410_display_con.obj
 0001:0002b3bc       Disp_initialize_RGBIF      0003c3bc f   s3c6410_disp_lib:s3c6410_display_con.obj
 0001:0002b4dc       Disp_initialize_RGBIF_withTVEnc 0003c4dc f   s3c6410_disp_lib:s3c6410_display_con.obj
 0001:0002bca8       WaitForInit                0003cca8 f   oal_usbdbgsermdd:serifc.obj
 0001:0002bfb0       StartTransfer              0003cfb0 f   oal_usbdbgsermdd:usbser.obj
 0001:0002c0a0       ContinueRxTransfer         0003d0a0 f   oal_usbdbgsermdd:usbser.obj
 0001:0002c1d0       ContinueTxTransfer         0003d1d0 f   oal_usbdbgsermdd:usbser.obj
 0001:0002c2fc       AbortTransfer              0003d2fc f   oal_usbdbgsermdd:usbser.obj
 0001:0002c348       SendDescriptor             0003d348 f   oal_usbdbgsermdd:usbser.obj
 0001:0002c610       ProcessSetupPacket         0003d610 f   oal_usbdbgsermdd:usbser.obj
 0001:0002c948       UpdateUSBDesc              0003d948 f   oal_usbdbgsermdd:usbser.obj
 0001:0002ce40       SendRecvData               0003de40 f   oal_usbdbgsermdd:usbser.obj
 0001:0002cf80       HostMiniQueryInformation   0003df80 f   oal_usbdbgrndismdd:rndismin.obj
 0001:0002d1c4       HostMiniSetInformation     0003e1c4 f   oal_usbdbgrndismdd:rndismin.obj
 0001:0002d320       PrepareRndisPacket         0003e320 f   oal_usbdbgrndismdd:rndismin.obj
 0001:0002d414       SendRndisMessage           0003e414 f   oal_usbdbgrndismdd:rndismin.obj
 0001:0002ddec       StartTransfer              0003edec f   oal_usbdbgrndismdd:usbrndis.obj
 0001:0002dedc       ContinueRxTransfer         0003eedc f   oal_usbdbgrndismdd:usbrndis.obj
 0001:0002e000       ContinueTxTransfer         0003f000 f   oal_usbdbgrndismdd:usbrndis.obj
 0001:0002e128       AbortTransfer              0003f128 f   oal_usbdbgrndismdd:usbrndis.obj
 0001:0002e170       SendDescriptor             0003f170 f   oal_usbdbgrndismdd:usbrndis.obj
 0001:0002e454       ProcessRndisMsg            0003f454 f   oal_usbdbgrndismdd:usbrndis.obj
 0001:0002e4e0       ProcessSetupPacket         0003f4e0 f   oal_usbdbgrndismdd:usbrndis.obj
 0001:0002e87c       UpdateUSBDesc              0003f87c f   oal_usbdbgrndismdd:usbrndis.obj
 0001:0002ee2c       SendRecvData               0003fe2c f   oal_usbdbgrndismdd:usbrndis.obj
 0001:0002f00c       ?DevStatChangeEvent@@YAXKPAW4USBDBG_MSG@@PAE@Z 0004000c f   s3c6410_usbdbgpdd:usbdbgpdd.obj
 0001:0002f138       ?WaitForSetupXferDone@@YAXXZ 00040138 f   s3c6410_usbdbgpdd:usbdbgpdd.obj
 0001:0003077c       ?ReadFlashID@@YAKXZ        0004177c f   nandflash_boot_lib:fmd.obj
