 oal

 Timestamp is 510b5b72 (Fri Feb 01 14:06:42 2013)

 Preferred load address is 00010000

 Start         Length     Name                   Class
 0001:00000000 00000654H .astart                 CODE
 0001:00000660 0000629aH .rdata                  CODE
 0001:000068fc 00000020H .rdata$debug            CODE
 0001:0000691c 0000b768H .text                   CODE
 0001:00012084 0000007cH .xdata                  CODE
 0001:00012100 00000000H .edata                  CODE
 0002:00000000 00006000H .KDATA                  DATA
 0003:00000000 0000084cH .data                   DATA
 0003:00000860 00000c6cH .bss                    DATA
 0004:00000000 00000598H .pdata                  DATA

  Address         Publics by Value              Rva+Base       Lib:Object

 0000:00000000       ___safe_se_handler_count   00000000     <absolute>
 0000:00000000       ___safe_se_handler_table   00000000     <absolute>
 0001:00000000       StartUp                    00011000 f   oal:startup.obj
 0001:000002cc       g_oalAddressTable          000112cc     oal:startup.obj
 0001:000003bc       OALCPUPowerOff             000113bc f   oal:startup.obj
 0001:0000067c       pTOC                       0001167c     nkldr:ldrcmn.obj
 0001:00000680       RomExt                     00011680     nkldr:ldrcmn.obj
 0001:000006ac       ??_C@_0L@CPPPICDM@kernel?4dll?$AA@ 000116ac     nkldr:ldrcmn.obj
 0001:00000748       ??_C@_1CG@MGLHDDDB@?$AAI?$AAn?$AAi?$AAt?$AAi?$AAa?$AAl?$AAi?$AAz?$AAe?$AAB?$AAa?$AAn?$AAk?$AA?$CL?$AA?$CL?$AA?$AN?$AA?6?$AA?$AA@ 00011748     oal:init.obj
 0001:00000770       ??_C@_1CG@NMGEKPB@?$AAI?$AAn?$AAi?$AAt?$AAi?$AAa?$AAl?$AAi?$AAz?$AAe?$AAB?$AAa?$AAn?$AAk?$AA?9?$AA?9?$AA?$AN?$AA?6?$AA?$AA@ 00011770     oal:init.obj
 0001:00000798       ??_C@_1DM@HBGEPDCH@?$AA?$FL?$AAO?$AAA?$AAL?$AA?$FN?$AA?5?$AAI?$AAn?$AAi?$AAt?$AAi?$AAa?$AAl?$AAi?$AAz?$AAe?$AAC?$AAL?$AAK?$AAG?$AAa?$AAt?$AAi?$AAn?$AAg?$AA?$CI?$AA?$CJ?$AA?$AN?$AA?6?$AA?$AA@ 00011798     oal:init.obj
 0001:000007d4       ??_C@_1DO@OHHJBPNM@?$AA?$FL?$AAO?$AAA?$AAL?$AA?$FN?$AA?5?$AAI?$AAn?$AAi?$AAt?$AAi?$AAa?$AAl?$AAi?$AAz?$AAe?$AAB?$AAl?$AAo?$AAc?$AAk?$AAP?$AAo?$AAw?$AAe?$AAr?$AA?$CI?$AA?$CJ?$AA?$AN?$AA?6?$AA?$AA@ 000117d4     oal:init.obj
 0001:00000814       ??_C@_1DM@JFKFCMAH@?$AA?$FL?$AAO?$AAA?$AAL?$AA?$FN?$AA?5?$AAI?$AAn?$AAi?$AAt?$AAi?$AAa?$AAl?$AAi?$AAz?$AAe?$AAC?$AAL?$AAK?$AAS?$AAo?$AAu?$AAr?$AAc?$AAe?$AA?$CI?$AA?$CJ?$AA?$AN?$AA?6?$AA?$AA@ 00011814     oal:init.obj
 0001:00000850       ??_C@_1CI@KBBLDFCK@?$AA?$FL?$AAO?$AAA?$AAL?$AA?$FN?$AA?5?$AA?9?$AA?9?$AAO?$AAE?$AAM?$AAI?$AAn?$AAi?$AAt?$AA?$CI?$AA?$CJ?$AA?$AN?$AA?6?$AA?$AA@ 00011850     oal:init.obj
 0001:00000878       ??_C@_1HA@BCLFEIAF@?$AA?$FL?$AAO?$AAA?$AAL?$AA?3?$AAE?$AAR?$AAR?$AA?$FN?$AA?5?$AAO?$AAE?$AAM?$AAI?$AAn?$AAi?$AAt?$AA?$CI?$AA?$CJ?$AA?5?$AA?3?$AA?5?$AAf?$AAa?$AAi?$AAl?$AAe?$AAd?$AA?5?$AAt?$AAo?$AA?5@ 00011878     oal:init.obj
 0001:000008e8       ??_C@_1FO@JLHMMDBF@?$AA?$FL?$AAO?$AAA?$AAL?$AA?$FN?$AA?5?$AAO?$AAE?$AAM?$AAI?$AAn?$AAi?$AAt?$AA?$CI?$AA?$CJ?$AA?5?$AA?3?$AA?5?$AAB?$AAS?$AAP?$AA?5?$AAA?$AAr?$AAg?$AAs?$AA?5?$AAf?$AAo?$AAr?$AAc?$AAe@ 000118e8     oal:init.obj
 0001:00000948       ??_C@_1GE@CAKBAMHM@?$AAD?$AAC?$AAa?$AAc?$AAh?$AAe?$AA?3?$AA?5?$AA?$CF?$AAd?$AA?5?$AAs?$AAe?$AAt?$AAs?$AA?0?$AA?5?$AA?$CF?$AAd?$AA?5?$AAw?$AAa?$AAy?$AAs?$AA?0?$AA?5?$AA?$CF?$AAd?$AA?5?$AAl?$AAi?$AAn@ 00011948     oal:init.obj
 0001:000009b0       ??_C@_1GE@ECCMOOLO@?$AAI?$AAC?$AAa?$AAc?$AAh?$AAe?$AA?3?$AA?5?$AA?$CF?$AAd?$AA?5?$AAs?$AAe?$AAt?$AAs?$AA?0?$AA?5?$AA?$CF?$AAd?$AA?5?$AAw?$AAa?$AAy?$AAs?$AA?0?$AA?5?$AA?$CF?$AAd?$AA?5?$AAl?$AAi?$AAn@ 000119b0     oal:init.obj
 0001:00000a14       ??_C@_1CI@HCNPOOEI@?$AA?$FL?$AAO?$AAA?$AAL?$AA?$FN?$AA?5?$AAP?$AAC?$AAL?$AAK?$AA?5?$AA?5?$AA?5?$AA?3?$AA?5?$AA?$CF?$AAd?$AA?6?$AA?$AN?$AA?$AA@ 00011a14     oal:init.obj
 0001:00000a3c       ??_C@_1CI@GECPNHHA@?$AA?$FL?$AAO?$AAA?$AAL?$AA?$FN?$AA?5?$AAH?$AAC?$AAL?$AAK?$AA?5?$AA?5?$AA?5?$AA?3?$AA?5?$AA?$CF?$AAd?$AA?6?$AA?$AN?$AA?$AA@ 00011a3c     oal:init.obj
 0001:00000a64       ??_C@_1CI@PLDCAKIF@?$AA?$FL?$AAO?$AAA?$AAL?$AA?$FN?$AA?5?$AAA?$AAR?$AAM?$AAC?$AAL?$AAK?$AA?5?$AA?3?$AA?5?$AA?$CF?$AAd?$AA?6?$AA?$AN?$AA?$AA@ 00011a64     oal:init.obj
 0001:00000a90       ??_C@_1EA@MCBEEPHO@?$AA?$FL?$AAO?$AAA?$AAL?$AA?$FN?$AA?5?$AAS?$AA3?$AAC?$AA6?$AA4?$AA1?$AA0?$AA_?$AAA?$AAP?$AAL?$AAL?$AA_?$AAC?$AAL?$AAK?$AA?5?$AA?5?$AA?5?$AA?3?$AA?5?$AA?$CF?$AAd?$AA?6?$AA?$AN?$AA?$AA@ 00011a90     oal:init.obj
 0001:00000ad0       ??_C@_1CI@JLHJOGNF@?$AA?$FL?$AAO?$AAA?$AAL?$AA?$FN?$AA?5?$AA?$CL?$AA?$CL?$AAO?$AAE?$AAM?$AAI?$AAn?$AAi?$AAt?$AA?$CI?$AA?$CJ?$AA?$AN?$AA?6?$AA?$AA@ 00011ad0     oal:init.obj
 0001:00000bc8       ??_C@_05MBDEGLCK@ERROR?$AA@ 00011bc8     oal:ExtPowerCTL_LIB.obj
 0001:00000bd0       ??_C@_03GDJFABIP@CAM?$AA@  00011bd0     oal:ExtPowerCTL_LIB.obj
 0001:00000bd4       ??_C@_04FOAJLA@WIFI?$AA@   00011bd4     oal:ExtPowerCTL_LIB.obj
 0001:00000bdc       ??_C@_03CBGEMLIN@ETH?$AA@  00011bdc     oal:ExtPowerCTL_LIB.obj
 0001:00000be0       ??_C@_04DIHPNBI@DAC1?$AA@  00011be0     oal:ExtPowerCTL_LIB.obj
 0001:00000be8       ??_C@_04BKJMMMFJ@DAC0?$AA@ 00011be8     oal:ExtPowerCTL_LIB.obj
 0001:00000bf0       ??_C@_03OJLAHOPO@LCD?$AA@  00011bf0     oal:ExtPowerCTL_LIB.obj
 0001:00000bf4       ??_C@_03IONNGCBN@USB?$AA@  00011bf4     oal:ExtPowerCTL_LIB.obj
 0001:00000bf8       ??_C@_06EOPOAAHK@CUSTOM?$AA@ 00011bf8     oal:ExtPowerCTL_LIB.obj
 0001:00000c00       ??_C@_08MDDIMDJM@DEFAULTS?$AA@ 00011c00     oal:ExtPowerCTL_LIB.obj
 0001:00000c0c       ??_C@_02BFICIOJL@ON?$AA@   00011c0c     oal:ExtPowerCTL_LIB.obj
 0001:00000c10       ??_C@_03MPPIHBHJ@OFF?$AA@  00011c10     oal:ExtPowerCTL_LIB.obj
 0001:00000d38       ??_C@_1CC@PNKMBGCL@?$AA?9?$AAO?$AAA?$AAL?$AAA?$AAr?$AAg?$AAs?$AAI?$AAn?$AAi?$AAt?$AA?$CI?$AA?$CJ?$AA?$AN?$AA?6?$AA?$AA@ 00011d38     s3c6410_args:args.obj
 0001:00000d5c       ??_C@_1BA@FDKAAGHI@?$AA0?$AAx?$AA?$CF?$AA0?$AA2?$AAx?$AA?5?$AA?$AA@ 00011d5c     s3c6410_args:args.obj
 0001:00000d6c       ??_C@_1BM@PBHBBHJD@?$AAp?$AAA?$AAr?$AAg?$AAs?$AA?5?$AA?3?$AA0?$AAx?$AA?$CF?$AAx?$AA?$AN?$AA?6?$AA?$AA@ 00011d6c     s3c6410_args:args.obj
 0001:00000d88       ??_C@_1GI@NAELMLKD@?$AAA?$AAr?$AAg?$AAu?$AAm?$AAe?$AAn?$AAt?$AAs?$AA?5?$AAa?$AAr?$AAe?$AAa?$AA?5?$AAh?$AAa?$AAs?$AA?5?$AAs?$AAo?$AAm?$AAe?$AA?5?$AAv?$AAa?$AAl?$AAu?$AAe?$AAs?$AA?4?$AA?5@ 00011d88     s3c6410_args:args.obj
 0001:00000df0       ??_C@_1EA@GBPBKONK@?$AAA?$AAr?$AAg?$AAu?$AAm?$AAe?$AAn?$AAt?$AAs?$AA?5?$AAa?$AAr?$AAe?$AAa?$AA?5?$AAi?$AAs?$AA?5?$AAi?$AAn?$AAi?$AAt?$AAi?$AAa?$AAl?$AAi?$AAz?$AAe?$AAd?$AA?$AN?$AA?6?$AA?$AA@ 00011df0     s3c6410_args:args.obj
 0001:00000e30       ??_C@_08JOKNHBJP@SMDK6410?$AA@ 00011e30     s3c6410_args:args.obj
 0001:00000e3c       ??_C@_1BI@EKLMLBKB@?$AAS?$AAo?$AAc?$AAI?$AAD?$AA?3?$AA0?$AAx?$AA?$CF?$AAx?$AA?6?$AA?$AA@ 00011e3c     s3c6410_args:args.obj
 0001:00000e54       ??_C@_1CC@CGKBPAJP@?$AA?$CL?$AAO?$AAA?$AAL?$AAA?$AAr?$AAg?$AAs?$AAI?$AAn?$AAi?$AAt?$AA?$CI?$AA?$CJ?$AA?$AN?$AA?6?$AA?$AA@ 00011e54     s3c6410_args:args.obj
 0001:00000e78       ??_C@_1EA@DJGHLELP@?$AA?9?$AAO?$AAA?$AAL?$AAA?$AAr?$AAg?$AAs?$AAQ?$AAu?$AAe?$AAr?$AAy?$AA?$CI?$AAp?$AAD?$AAa?$AAt?$AAa?$AA?5?$AA?$DN?$AA?5?$AA0?$AAx?$AA?$CF?$AA0?$AA8?$AAx?$AA?$CJ?$AA?$AN?$AA?6?$AA?$AA@ 00011e78     s3c6410_args:args.obj
 0001:00000eb8       ??_C@_1EM@ODHMAKKI@?$AA?$FL?$AAO?$AAA?$AAL?$AA?3?$AAE?$AAR?$AAR?$AA?$FN?$AA?5?$AAA?$AAr?$AAg?$AAu?$AAm?$AAe?$AAn?$AAt?$AAs?$AA?5?$AAa?$AAr?$AAe?$AAa?$AA?5?$AAi?$AAs?$AA?5?$AAi?$AAn?$AAv?$AAa@ 00011eb8     s3c6410_args:args.obj
 0001:00000f04       ??_C@_1CI@CLMEBIJE@?$AA?$CL?$AAO?$AAA?$AAL?$AAA?$AAr?$AAg?$AAs?$AAQ?$AAu?$AAe?$AAr?$AAy?$AA?$CI?$AA?$CF?$AAd?$AA?$CJ?$AA?$AN?$AA?6?$AA?$AA@ 00011f04     s3c6410_args:args.obj
 0001:000012e8       ??_C@_1DO@NDIEKHNP@?$AA?9?$AAO?$AAA?$AAL?$AAI?$AAn?$AAt?$AAr?$AAR?$AAe?$AAq?$AAu?$AAe?$AAs?$AAt?$AAI?$AAr?$AAq?$AAs?$AA?$CI?$AAr?$AAc?$AA?5?$AA?$DN?$AA?5?$AA?$CF?$AAd?$AA?$CJ?$AA?$AN?$AA?6?$AA?$AA@ 000122e8     oal_intr_s3c6410_sec_v1:intr.obj
 0001:00001328       ??_C@_1HO@EBPJKEJJ@?$AA?$CL?$AAO?$AAA?$AAL?$AAI?$AAn?$AAt?$AAr?$AAR?$AAe?$AAq?$AAu?$AAe?$AAs?$AAt?$AAI?$AAr?$AAq?$AAs?$AA?$CI?$AA0?$AAx?$AA?$CF?$AA0?$AA8?$AAx?$AA?9?$AA?$DO?$AA?$CF?$AAd?$AA?1?$AA?$CF@ 00012328     oal_intr_s3c6410_sec_v1:intr.obj
 0001:000013a8       ??_C@_1DM@INNHDHDJ@?$AA?9?$AAO?$AAA?$AAL?$AAI?$AAn?$AAt?$AAr?$AAE?$AAn?$AAa?$AAb?$AAl?$AAe?$AAI?$AAr?$AAq?$AAs?$AA?$CI?$AAr?$AAc?$AA?5?$AA?$DN?$AA?5?$AA?$CF?$AAd?$AA?$CJ?$AA?$AN?$AA?6?$AA?$AA@ 000123a8     oal_intr_s3c6410_sec_v1:intr.obj
 0001:000013e8       ??_C@_1EC@MDFPIGAB@?$AA?$CL?$AAO?$AAA?$AAL?$AAI?$AAn?$AAt?$AAr?$AAE?$AAn?$AAa?$AAb?$AAl?$AAe?$AAI?$AAr?$AAq?$AAs?$AA?$CI?$AA?$CF?$AAd?$AA?0?$AA?5?$AA0?$AAx?$AA?$CF?$AA0?$AA8?$AAx?$AA?$CJ?$AA?$AN?$AA?6@ 000123e8     oal_intr_s3c6410_sec_v1:intr.obj
 0001:0000142c       ??_C@_1CM@GPENGBBP@?$AA?9?$AAO?$AAA?$AAL?$AAI?$AAn?$AAt?$AAr?$AAD?$AAi?$AAs?$AAa?$AAb?$AAl?$AAe?$AAI?$AAr?$AAq?$AAs?$AA?$AN?$AA?6?$AA?$AA@ 0001242c     oal_intr_s3c6410_sec_v1:intr.obj
 0001:00001458       ??_C@_1EE@NIPMEMC@?$AA?$CL?$AAO?$AAA?$AAL?$AAI?$AAn?$AAt?$AAr?$AAD?$AAi?$AAs?$AAa?$AAb?$AAl?$AAe?$AAI?$AAr?$AAq?$AAs?$AA?$CI?$AA?$CF?$AAd?$AA?0?$AA?5?$AA0?$AAx?$AA?$CF?$AA0?$AA8?$AAx?$AA?$CJ?$AA?$AN@ 00012458     oal_intr_s3c6410_sec_v1:intr.obj
 0001:0000149c       ??_C@_1CG@LBOJEJPE@?$AA?9?$AAO?$AAA?$AAL?$AAI?$AAn?$AAt?$AAr?$AAD?$AAo?$AAn?$AAe?$AAI?$AAr?$AAq?$AAs?$AA?$AN?$AA?6?$AA?$AA@ 0001249c     oal_intr_s3c6410_sec_v1:intr.obj
 0001:000014c4       ??_C@_1DO@FCJPHKGC@?$AA?$CL?$AAO?$AAA?$AAL?$AAI?$AAn?$AAt?$AAr?$AAD?$AAo?$AAn?$AAe?$AAI?$AAr?$AAq?$AAs?$AA?$CI?$AA?$CF?$AAd?$AA?0?$AA?5?$AA0?$AAx?$AA?$CF?$AA0?$AA8?$AAx?$AA?$CJ?$AA?$AN?$AA?6?$AA?$AA@ 000124c4     oal_intr_s3c6410_sec_v1:intr.obj
 0001:00001508       ??_C@_1IC@HGAPONJL@?$AA?$FL?$AAO?$AAA?$AAL?$AA?3?$AAE?$AAR?$AAR?$AA?$FN?$AA?5?$AAP?$AAH?$AAY?$AAI?$AAR?$AAQ?$AA_?$AAT?$AAI?$AAM?$AAE?$AAR?$AA4?$AA?5?$AAI?$AAn?$AAt?$AAe?$AAr?$AAr?$AAu?$AAp@ 00012508     oal_intr_s3c6410_sec_v1:intr.obj
 0001:0000158c       ??_C@_1DK@JEFKKIKI@?$AA?9?$AAO?$AAA?$AAL?$AAI?$AAn?$AAt?$AAe?$AAr?$AAr?$AAu?$AAp?$AAt?$AAI?$AAn?$AAi?$AAt?$AA?$CI?$AAr?$AAc?$AA?5?$AA?$DN?$AA?5?$AA?$CF?$AAd?$AA?$CJ?$AA?$AN?$AA?6?$AA?$AA@ 0001258c     oal_intr_s3c6410_sec_v1:intr.obj
 0001:000015c8       ??_C@_1CI@LJHDCJDG@?$AA?$CL?$AAO?$AAA?$AAL?$AAI?$AAn?$AAt?$AAe?$AAr?$AAr?$AAu?$AAp?$AAt?$AAI?$AAn?$AAi?$AAt?$AA?$AN?$AA?6?$AA?$AA@ 000125c8     oal_intr_s3c6410_sec_v1:intr.obj
 0001:000015f0       ??_C@_1CE@HFBIALPK@?$AA?9?$AAO?$AAA?$AAL?$AAI?$AAn?$AAt?$AAr?$AAM?$AAa?$AAp?$AAI?$AAn?$AAi?$AAt?$AA?$AN?$AA?6?$AA?$AA@ 000125f0     oal_intr_s3c6410_sec_v1:map.obj
 0001:00001614       ??_C@_1CE@LMNIPMAG@?$AA?$CL?$AAO?$AAA?$AAL?$AAI?$AAn?$AAt?$AAr?$AAM?$AAa?$AAp?$AAI?$AAn?$AAi?$AAt?$AA?$AN?$AA?6?$AA?$AA@ 00012614     oal_intr_s3c6410_sec_v1:map.obj
 0001:00001638       ??_C@_1DE@CBLJKBBB@?$AA?9?$AAO?$AAA?$AAL?$AAI?$AAn?$AAt?$AAr?$AAS?$AAt?$AAa?$AAt?$AAi?$AAc?$AAT?$AAr?$AAa?$AAn?$AAs?$AAl?$AAa?$AAt?$AAe?$AA?$AN?$AA?6?$AA?$AA@ 00012638     oal_intr_s3c6410_sec_v1:map.obj
 0001:00001670       ??_C@_1EE@DPKCCBO@?$AA?$CL?$AAO?$AAA?$AAL?$AAI?$AAn?$AAt?$AAr?$AAS?$AAt?$AAa?$AAt?$AAi?$AAc?$AAT?$AAr?$AAa?$AAn?$AAs?$AAl?$AAa?$AAt?$AAe?$AA?$CI?$AA?$CF?$AAd?$AA?0?$AA?5?$AA?$CF?$AAd?$AA?$CJ?$AA?$AN@ 00012670     oal_intr_s3c6410_sec_v1:map.obj
 0001:000016b8       ??_C@_1EK@JOJPHPGP@?$AA?9?$AAO?$AAA?$AAL?$AAI?$AAn?$AAt?$AAr?$AAT?$AAr?$AAa?$AAn?$AAs?$AAl?$AAa?$AAt?$AAe?$AAI?$AAr?$AAq?$AA?$CI?$AAs?$AAy?$AAs?$AAI?$AAn?$AAt?$AAr?$AA?5?$AA?$DN?$AA?5?$AA?$CF@ 000126b8     oal_intr_s3c6410_sec_v1:map.obj
 0001:00001704       ??_C@_1DG@IAFKCJEB@?$AA?$CL?$AAO?$AAA?$AAL?$AAI?$AAn?$AAt?$AAr?$AAT?$AAr?$AAa?$AAn?$AAs?$AAl?$AAa?$AAt?$AAe?$AAI?$AAr?$AAq?$AA?$CI?$AA?$CF?$AAd?$AA?$CJ?$AA?$AN?$AA?6?$AA?$AA@ 00012704     oal_intr_s3c6410_sec_v1:map.obj
 0001:00001740       ??_C@_1EO@CCPDBEFN@?$AA?9?$AAO?$AAA?$AAL?$AAI?$AAn?$AAt?$AAr?$AAR?$AAe?$AAq?$AAu?$AAe?$AAs?$AAt?$AAS?$AAy?$AAs?$AAI?$AAn?$AAt?$AAr?$AA?$CI?$AAs?$AAy?$AAs?$AAI?$AAn?$AAt?$AAr?$AA?5?$AA?$DN@ 00012740     oal_intr_s3c6410_sec_v1:map.obj
 0001:00001790       ??_C@_1GC@JJGCGEOC@?$AA?9?$AAO?$AAA?$AAL?$AAI?$AAn?$AAt?$AAr?$AAR?$AAe?$AAq?$AAu?$AAe?$AAs?$AAt?$AAS?$AAy?$AAs?$AAI?$AAn?$AAt?$AAr?$AA?$CI?$AAi?$AAr?$AAq?$AA?5?$AA?$DN?$AA?5?$AA?$CF?$AAd?$AA?0@ 00012790     oal_intr_s3c6410_sec_v1:map.obj
 0001:000017f8       ??_C@_1HE@LGNFBECO@?$AAE?$AAR?$AAR?$AAO?$AAR?$AA?3?$AA?5?$AAO?$AAA?$AAL?$AAI?$AAn?$AAt?$AAr?$AAR?$AAe?$AAq?$AAu?$AAe?$AAs?$AAt?$AAS?$AAy?$AAs?$AAI?$AAn?$AAt?$AAr?$AA?3?$AA?5?$AAN?$AAo@ 000127f8     oal_intr_s3c6410_sec_v1:map.obj
 0001:00001870       ??_C@_1JG@CKDDKDGB@?$AAE?$AAR?$AAR?$AAO?$AAR?$AA?3?$AA?5?$AAO?$AAA?$AAL?$AAI?$AAn?$AAt?$AAr?$AAR?$AAe?$AAq?$AAu?$AAe?$AAs?$AAt?$AAS?$AAy?$AAs?$AAI?$AAn?$AAt?$AAr?$AA?3?$AA?5?$AAS?$AAt@ 00012870     oal_intr_s3c6410_sec_v1:map.obj
 0001:00001908       ??_C@_1FK@JNHCPMAP@?$AA?$CL?$AAO?$AAA?$AAL?$AAI?$AAn?$AAt?$AAr?$AAR?$AAe?$AAq?$AAu?$AAe?$AAs?$AAt?$AAS?$AAy?$AAs?$AAI?$AAn?$AAt?$AAr?$AA?$CI?$AA?$CF?$AAd?$AA?0?$AA?5?$AA0?$AAx?$AA?$CF?$AA0?$AA8@ 00012908     oal_intr_s3c6410_sec_v1:map.obj
 0001:00001968       ??_C@_1EE@GBADJBKJ@?$AA?9?$AAO?$AAA?$AAL?$AAI?$AAn?$AAt?$AAr?$AAR?$AAe?$AAl?$AAe?$AAa?$AAs?$AAe?$AAS?$AAy?$AAs?$AAI?$AAn?$AAt?$AAr?$AA?$CI?$AAr?$AAc?$AA?5?$AA?$DN?$AA?5?$AA?$CF?$AAd?$AA?$CJ?$AA?$AN@ 00012968     oal_intr_s3c6410_sec_v1:map.obj
 0001:000019b0       ??_C@_1HC@BIEMDHNG@?$AAE?$AAR?$AAR?$AAO?$AAR?$AA?3?$AA?5?$AAO?$AAA?$AAL?$AAI?$AAn?$AAt?$AAr?$AAR?$AAe?$AAl?$AAe?$AAa?$AAs?$AAe?$AAS?$AAy?$AAs?$AAI?$AAn?$AAt?$AAr?$AA?3?$AA?5?$AAI?$AAn@ 000129b0     oal_intr_s3c6410_sec_v1:map.obj
 0001:00001a24       ??_C@_1DK@GDEEGDPM@?$AA?$CL?$AAO?$AAA?$AAL?$AAI?$AAn?$AAt?$AAr?$AAR?$AAe?$AAl?$AAe?$AAa?$AAs?$AAe?$AAS?$AAy?$AAs?$AAI?$AAn?$AAt?$AAr?$AA?$CI?$AA?$CF?$AAd?$AA?$CJ?$AA?$AN?$AA?6?$AA?$AA@ 00012a24     oal_intr_s3c6410_sec_v1:map.obj
 0001:00001a60       ??_C@_1DM@KHBFOEPK@?$AA?9?$AAO?$AAE?$AAM?$AAI?$AAn?$AAt?$AAe?$AAr?$AAr?$AAu?$AAp?$AAt?$AAE?$AAn?$AAa?$AAb?$AAl?$AAe?$AA?$CI?$AAr?$AAc?$AA?5?$AA?$DN?$AA?5?$AA1?$AA?$CJ?$AA?$AN?$AA?6?$AA?$AA@ 00012a60     oal_intr_s3c6410_sec_v1:map.obj
 0001:00001aa0       ??_C@_1EI@HHGIJMMI@?$AA?$CL?$AAO?$AAE?$AAM?$AAI?$AAn?$AAt?$AAe?$AAr?$AAr?$AAu?$AAp?$AAt?$AAE?$AAn?$AAa?$AAb?$AAl?$AAe?$AA?$CI?$AA?$CF?$AAd?$AA?0?$AA?5?$AA0?$AAx?$AA?$CF?$AAx?$AA?0?$AA?5?$AA?$CF?$AAd@ 00012aa0     oal_intr_s3c6410_sec_v1:map.obj
 0001:00001ae8       ??_C@_1CO@FKOPLHGO@?$AA?9?$AAO?$AAE?$AAM?$AAI?$AAn?$AAt?$AAe?$AAr?$AAr?$AAu?$AAp?$AAt?$AAD?$AAi?$AAs?$AAa?$AAb?$AAl?$AAe?$AA?$AN?$AA?6?$AA?$AA@ 00012ae8     oal_intr_s3c6410_sec_v1:map.obj
 0001:00001b18       ??_C@_1DG@HOKLDENP@?$AA?$CL?$AAO?$AAE?$AAM?$AAI?$AAn?$AAt?$AAe?$AAr?$AAr?$AAu?$AAp?$AAt?$AAD?$AAi?$AAs?$AAa?$AAb?$AAl?$AAe?$AA?$CI?$AA?$CF?$AAd?$AA?$CJ?$AA?$AN?$AA?6?$AA?$AA@ 00012b18     oal_intr_s3c6410_sec_v1:map.obj
 0001:00001b50       ??_C@_1CI@OPHGDEL@?$AA?9?$AAO?$AAE?$AAM?$AAI?$AAn?$AAt?$AAe?$AAr?$AAr?$AAu?$AAp?$AAt?$AAM?$AAa?$AAs?$AAk?$AA?$AN?$AA?6?$AA?$AA@ 00012b50     oal_intr_s3c6410_sec_v1:map.obj
 0001:00001b78       ??_C@_1DI@MFEEGIMP@?$AA?$CL?$AAO?$AAE?$AAM?$AAI?$AAn?$AAt?$AAe?$AAr?$AAr?$AAu?$AAp?$AAt?$AAM?$AAa?$AAs?$AAk?$AA?$CI?$AA?$CF?$AAd?$AA?0?$AA?5?$AA?$CF?$AAd?$AA?$CJ?$AA?$AN?$AA?6?$AA?$AA@ 00012b78     oal_intr_s3c6410_sec_v1:map.obj
 0001:00001bb0       ??_C@_1CI@IOEKFHHP@?$AA?9?$AAO?$AAE?$AAM?$AAI?$AAn?$AAt?$AAe?$AAr?$AAr?$AAu?$AAp?$AAt?$AAD?$AAo?$AAn?$AAe?$AA?$AN?$AA?6?$AA?$AA@ 00012bb0     oal_intr_s3c6410_sec_v1:map.obj
 0001:00001bd8       ??_C@_1DA@HAMHGFMF@?$AA?$CL?$AAO?$AAE?$AAM?$AAI?$AAn?$AAt?$AAe?$AAr?$AAr?$AAu?$AAp?$AAt?$AAD?$AAo?$AAn?$AAe?$AA?$CI?$AA?$CF?$AAd?$AA?$CJ?$AA?$AN?$AA?6?$AA?$AA@ 00012bd8     oal_intr_s3c6410_sec_v1:map.obj
 0001:00001c98       ??_C@_1DC@EGGJEANK@?$AA?9?$AAO?$AAE?$AAM?$AAI?$AAo?$AAC?$AAo?$AAn?$AAt?$AAr?$AAo?$AAl?$AA?$CI?$AAr?$AAc?$AA?5?$AA?$DN?$AA?5?$AA?$CF?$AAd?$AA?$CJ?$AA?$AN?$AA?6?$AA?$AA@ 00012c98     oal_ioctl_s3c6410_sec_v1:ioctl.obj
 0001:00001cd0       ??_C@_1HM@LHHDIECD@?$AAO?$AAE?$AAM?$AAI?$AAo?$AAC?$AAo?$AAn?$AAt?$AAr?$AAo?$AAl?$AA?3?$AA?5?$AAU?$AAn?$AAs?$AAu?$AAp?$AAp?$AAo?$AAr?$AAt?$AAe?$AAd?$AA?5?$AAC?$AAo?$AAd?$AAe?$AA?5?$AA0@ 00012cd0     oal_ioctl_s3c6410_sec_v1:ioctl.obj
 0001:00001d50       ??_C@_1GA@KJDOLNLD@?$AA?$CL?$AAO?$AAE?$AAM?$AAI?$AAo?$AAC?$AAo?$AAn?$AAt?$AAr?$AAo?$AAl?$AA?$CI?$AA0?$AAx?$AA?$CF?$AAx?$AA?0?$AA?5?$AA0?$AAx?$AA?$CF?$AAx?$AA?0?$AA?5?$AA?$CF?$AAd?$AA?0?$AA?5?$AA0?$AAx@ 00012d50     oal_ioctl_s3c6410_sec_v1:ioctl.obj
 0001:00001e40       ??_C@_1CM@PCOKJND@?$AA?$FL?$AAO?$AAE?$AAM?$AA?$FN?$AA?5?$AA?9?$AA?9?$AAO?$AAE?$AAM?$AAP?$AAo?$AAw?$AAe?$AAr?$AAO?$AAf?$AAf?$AA?$CI?$AA?$CJ?$AA?$AA@ 00012e40     oal_power_s3c6410_sec_v1:off.obj
 0001:00001e6c       ??_C@_1DK@GPINFMBJ@?$AAO?$AAE?$AAM?$AAP?$AAo?$AAw?$AAe?$AAr?$AAO?$AAf?$AAf?$AA?3?$AA?5?$AAK?$AAI?$AAT?$AAL?$AA?5?$AAD?$AAi?$AAs?$AAa?$AAb?$AAl?$AAe?$AAd?$AA?$AN?$AA?6?$AA?$AA@ 00012e6c     oal_power_s3c6410_sec_v1:off.obj
 0001:00001ea8       ??_C@_1CM@MPCDPENM@?$AA?$FL?$AAO?$AAE?$AAM?$AA?$FN?$AA?5?$AA?$CL?$AA?$CL?$AAO?$AAE?$AAM?$AAP?$AAo?$AAw?$AAe?$AAr?$AAO?$AAf?$AAf?$AA?$CI?$AA?$CJ?$AA?$AA@ 00012ea8     oal_power_s3c6410_sec_v1:off.obj
 0001:00001f68       ??_C@_1DE@DGCDHBJ@?$AA?9?$AAO?$AAE?$AAM?$AAP?$AAr?$AAo?$AAf?$AAi?$AAl?$AAe?$AAT?$AAi?$AAm?$AAe?$AAr?$AAD?$AAi?$AAs?$AAa?$AAb?$AAl?$AAe?$AA?$AN?$AA?6?$AA?$AA@ 00012f68     oal_profiler_s3c6410_sec_v1:profiler.obj
 0001:00001f9c       ??_C@_1DI@ICCHIFPG@?$AA?$CL?$AAO?$AAE?$AAM?$AAP?$AAr?$AAo?$AAf?$AAi?$AAl?$AAe?$AAT?$AAi?$AAm?$AAe?$AAr?$AAD?$AAi?$AAs?$AAa?$AAb?$AAl?$AAe?$AA?$CI?$AA?$CJ?$AA?$AN?$AA?6?$AA?$AA@ 00012f9c     oal_profiler_s3c6410_sec_v1:profiler.obj
 0001:00001fd4       ??_C@_1DC@ONFHCFK@?$AA?9?$AAO?$AAE?$AAM?$AAP?$AAr?$AAo?$AAf?$AAi?$AAl?$AAe?$AAT?$AAi?$AAm?$AAe?$AAr?$AAE?$AAn?$AAa?$AAb?$AAl?$AAe?$AA?$AN?$AA?6?$AA?$AA@ 00012fd4     oal_profiler_s3c6410_sec_v1:profiler.obj
 0001:00002008       ??_C@_1DK@OJEFEGCL@?$AA?$CL?$AAO?$AAE?$AAM?$AAP?$AAr?$AAo?$AAf?$AAi?$AAl?$AAe?$AAT?$AAi?$AAm?$AAe?$AAr?$AAE?$AAn?$AAa?$AAb?$AAl?$AAe?$AA?$CI?$AA?$CF?$AAd?$AA?$CJ?$AA?$AN?$AA?6?$AA?$AA@ 00013008     oal_profiler_s3c6410_sec_v1:profiler.obj
 0001:000020d8       ??_C@_1DG@HLFPOJPE@?$AA?9?$AAO?$AAE?$AAM?$AAG?$AAe?$AAt?$AAR?$AAe?$AAa?$AAl?$AAT?$AAi?$AAm?$AAe?$AA?$CI?$AAr?$AAc?$AA?5?$AA?$DN?$AA?5?$AA?$CF?$AAd?$AA?$CJ?$AA?$AN?$AA?6?$AA?$AA@ 000130d8     oal_rtc_s3c6410_sec_v1:rtc.obj
 0001:00002110       ??_C@_1EA@JJILIKOH@?$AA?$CL?$AAO?$AAE?$AAM?$AAG?$AAe?$AAt?$AAR?$AAe?$AAa?$AAl?$AAT?$AAi?$AAm?$AAe?$AA?$CI?$AAp?$AAT?$AAi?$AAm?$AAe?$AA?5?$AA?$DN?$AA?5?$AA0?$AAx?$AA?$CF?$AAx?$AA?$CJ?$AA?$AN?$AA?6?$AA?$AA@ 00013110     oal_rtc_s3c6410_sec_v1:rtc.obj
 0001:00002150       ??_C@_1DG@MOFFCBMN@?$AA?9?$AAO?$AAE?$AAM?$AAS?$AAe?$AAt?$AAR?$AAe?$AAa?$AAl?$AAT?$AAi?$AAm?$AAe?$AA?$CI?$AAr?$AAc?$AA?5?$AA?$DN?$AA?5?$AA?$CF?$AAd?$AA?$CJ?$AA?$AN?$AA?6?$AA?$AA@ 00013150     oal_rtc_s3c6410_sec_v1:rtc.obj
 0001:00002188       ??_C@_1LM@OMFKANDO@?$AAE?$AAR?$AAR?$AAO?$AAR?$AA?3?$AA?5?$AAO?$AAE?$AAM?$AAS?$AAe?$AAt?$AAR?$AAe?$AAa?$AAl?$AAT?$AAi?$AAm?$AAe?$AA?3?$AA?5?$AAR?$AAT?$AAC?$AA?5?$AAc?$AAa?$AAn?$AAn?$AAo@ 00013188     oal_rtc_s3c6410_sec_v1:rtc.obj
 0001:00002248       ??_C@_1FC@DNBEFFJD@?$AAO?$AAE?$AAM?$AAS?$AAe?$AAt?$AAR?$AAe?$AAa?$AAl?$AAT?$AAi?$AAm?$AAe?$AA?$CI?$AA?$CF?$AAd?$AA?1?$AA?$CF?$AAd?$AA?1?$AA?$CF?$AAd?$AA?5?$AA?$CF?$AAd?$AA?3?$AA?$CF?$AAd?$AA?3?$AA?$CF?$AAd@ 00013248     oal_rtc_s3c6410_sec_v1:rtc.obj
 0001:000022a0       ??_C@_1FE@NLGIDKMA@?$AA?$CL?$AAO?$AAE?$AAM?$AAS?$AAe?$AAt?$AAR?$AAe?$AAa?$AAl?$AAT?$AAi?$AAm?$AAe?$AA?$CI?$AA?$CF?$AAd?$AA?1?$AA?$CF?$AAd?$AA?1?$AA?$CF?$AAd?$AA?5?$AA?$CF?$AAd?$AA?3?$AA?$CF?$AAd?$AA?3?$AA?$CF@ 000132a0     oal_rtc_s3c6410_sec_v1:rtc.obj
 0001:000022f4       ??_C@_1DI@MKCLCMDC@?$AA?9?$AAO?$AAE?$AAM?$AAS?$AAe?$AAt?$AAA?$AAl?$AAa?$AAr?$AAm?$AAT?$AAi?$AAm?$AAe?$AA?$CI?$AAr?$AAc?$AA?5?$AA?$DN?$AA?5?$AA?$CF?$AAd?$AA?$CJ?$AA?$AN?$AA?6?$AA?$AA@ 000132f4     oal_rtc_s3c6410_sec_v1:rtc.obj
 0001:00002330       ??_C@_1FG@LDBAHALN@?$AA?$CL?$AAO?$AAE?$AAM?$AAS?$AAe?$AAt?$AAA?$AAl?$AAa?$AAr?$AAm?$AAT?$AAi?$AAm?$AAe?$AA?$CI?$AA?$CF?$AAd?$AA?1?$AA?$CF?$AAd?$AA?1?$AA?$CF?$AAd?$AA?5?$AA?$CF?$AAd?$AA?3?$AA?$CF?$AAd?$AA?3@ 00013330     oal_rtc_s3c6410_sec_v1:rtc.obj
 0001:00002388       ??_C@_1DO@FGGICPPB@?$AA?9?$AAO?$AAA?$AAL?$AAI?$AAo?$AAC?$AAt?$AAl?$AAH?$AAa?$AAl?$AAI?$AAn?$AAi?$AAt?$AAR?$AAT?$AAC?$AA?$CI?$AAr?$AAc?$AA?5?$AA?$DN?$AA?5?$AA?$CF?$AAd?$AA?$CJ?$AA?$AN?$AA?6?$AA?$AA@ 00013388     oal_rtc_s3c6410_sec_v1:rtc.obj
 0001:000023c8       ??_C@_1FO@ODJLIDFO@?$AAE?$AAR?$AAR?$AAO?$AAR?$AA?3?$AA?5?$AAO?$AAA?$AAL?$AAI?$AAo?$AAC?$AAt?$AAl?$AAH?$AAa?$AAl?$AAI?$AAn?$AAi?$AAt?$AAR?$AAT?$AAC?$AA?3?$AA?5?$AAI?$AAn?$AAv?$AAa?$AAl@ 000133c8     oal_rtc_s3c6410_sec_v1:rtc.obj
 0001:00002428       ??_C@_1HI@HFHAIBHN@?$AAI?$AAn?$AAv?$AAa?$AAl?$AAi?$AAd?$AA?5?$AAR?$AAT?$AAC?$AA?5?$AAT?$AAi?$AAm?$AAe?$AA?5?$AA?$CI?$AA?$CF?$AAd?$AA?4?$AA?$CF?$AAd?$AA?4?$AA?$CF?$AAd?$AA?0?$AA?5?$AA?$CF?$AAd?$AA?3?$AA?$CF@ 00013428     oal_rtc_s3c6410_sec_v1:rtc.obj
 0001:000024a0       ??_C@_1DG@PECFOPGF@?$AA?$CL?$AAO?$AAA?$AAL?$AAI?$AAo?$AAC?$AAt?$AAl?$AAH?$AAa?$AAl?$AAI?$AAn?$AAi?$AAt?$AAR?$AAT?$AAC?$AA?$CI?$AA?4?$AA?4?$AA?4?$AA?$CJ?$AA?$AN?$AA?6?$AA?$AA@ 000134a0     oal_rtc_s3c6410_sec_v1:rtc.obj
 0001:00002568       ??_C@_1DC@BNLGCJKD@?$AA?9?$AAO?$AAA?$AAL?$AAT?$AAi?$AAm?$AAe?$AAr?$AAI?$AAn?$AAi?$AAt?$AA?$CI?$AAr?$AAc?$AA?5?$AA?$DN?$AA?5?$AA?$CF?$AAd?$AA?$CJ?$AA?$AN?$AA?6?$AA?$AA@ 00013568     oal_timer_s3c6410_sec_v1:timer.obj
 0001:000025a0       ??_C@_1HA@CPDFBGLD@?$AAE?$AAR?$AAR?$AAO?$AAR?$AA?3?$AA?5?$AAO?$AAA?$AAL?$AAT?$AAi?$AAm?$AAe?$AAr?$AAI?$AAn?$AAi?$AAt?$AA?3?$AA?5?$AAS?$AAy?$AAs?$AAt?$AAe?$AAm?$AA?5?$AAt?$AAi?$AAc?$AAk@ 000135a0     oal_timer_s3c6410_sec_v1:timer.obj
 0001:00002610       ??_C@_1HM@CJGLDOPJ@?$AAE?$AAR?$AAR?$AAO?$AAR?$AA?3?$AA?5?$AAO?$AAA?$AAL?$AAT?$AAi?$AAm?$AAe?$AAr?$AAI?$AAn?$AAi?$AAt?$AA?3?$AA?5?$AAI?$AAn?$AAt?$AAe?$AAr?$AAr?$AAu?$AAp?$AAt?$AA?5?$AAe@ 00013610     oal_timer_s3c6410_sec_v1:timer.obj
 0001:0000268c       ??_C@_1DM@HOCGOKJC@?$AA?$CL?$AAO?$AAA?$AAL?$AAT?$AAi?$AAm?$AAe?$AAr?$AAI?$AAn?$AAi?$AAt?$AA?$CI?$AA?5?$AA?$CF?$AAd?$AA?0?$AA?5?$AA?$CF?$AAd?$AA?0?$AA?5?$AA?$CF?$AAd?$AA?5?$AA?$CJ?$AA?$AN?$AA?6?$AA?$AA@ 0001368c     oal_timer_s3c6410_sec_v1:timer.obj
 0001:000027e8       ??_C@_1CM@BMDDLKDO@?$AA?9?$AAO?$AAE?$AAM?$AAC?$AAa?$AAc?$AAh?$AAe?$AAR?$AAa?$AAn?$AAg?$AAe?$AAF?$AAl?$AAu?$AAs?$AAh?$AA?$AN?$AA?6?$AA?$AA@ 000137e8     oal_cache_s3c6410_sec_v1:flush.obj
 0001:00002818       ??_C@_1FE@FFFKHHBK@?$AA?$CL?$AAO?$AAE?$AAM?$AAC?$AAa?$AAc?$AAh?$AAe?$AAR?$AAa?$AAn?$AAg?$AAe?$AAF?$AAl?$AAu?$AAs?$AAh?$AA?$CI?$AA0?$AAx?$AA?$CF?$AA0?$AA8?$AAx?$AA?0?$AA?5?$AA?$CF?$AAd?$AA?0?$AA?5@ 00013818     oal_cache_s3c6410_sec_v1:flush.obj
 0001:0000286c       ??_C@_1DE@DAHNLBLJ@?$AA?9?$AAO?$AAA?$AAL?$AAP?$AAA?$AAt?$AAo?$AAV?$AAA?$AA?$CI?$AAv?$AAa?$AA?5?$AA?$DN?$AA?5?$AA0?$AAx?$AA?$CF?$AA0?$AA8?$AAx?$AA?$CJ?$AA?$AN?$AA?6?$AA?$AA@ 0001386c     oal_memory_arm:memory.obj
 0001:000028a0       ??_C@_1CO@JEIJEAKF@?$AA?$CL?$AAO?$AAA?$AAL?$AAP?$AAA?$AAt?$AAo?$AAV?$AAA?$AA?$CI?$AA0?$AAx?$AA?$CF?$AAx?$AA?0?$AA?5?$AA?$CF?$AAd?$AA?$CJ?$AA?$AN?$AA?6?$AA?$AA@ 000138a0     oal_memory_arm:memory.obj
 0001:00002a80       ??_C@_1DA@IFJDAPD@?$AA?$FL?$AAO?$AAA?$AAL?$AA?$FN?$AA?5?$AA?9?$AA?9?$AAB?$AAS?$AAP?$AAI?$AAn?$AAt?$AAr?$AAI?$AAn?$AAi?$AAt?$AA?$CI?$AA?$CJ?$AA?$AN?$AA?6?$AA?$AA@ 00013a80     oal:intr.obj
 0001:00002ab0       ??_C@_1GM@HIGIMHNP@?$AAB?$AAS?$AAP?$AAI?$AAn?$AAt?$AAr?$AAI?$AAn?$AAi?$AAt?$AA?3?$AA?5?$AAS?$AAY?$AAS?$AAI?$AAN?$AAT?$AAR?$AA_?$AAD?$AAM?$AA9?$AA0?$AA0?$AA0?$AAA?$AA1?$AA?5?$AAH?$AAi@ 00013ab0     oal:intr.obj
 0001:00002b20       ??_C@_1EM@DPLNINPM@?$AA?$CK?$AA?$CK?$AA?$CK?$AA?$CK?$AA?$CK?$AA?$CK?$AAD?$AAM?$AA9?$AA0?$AA0?$AA0?$AAA?$AA1?$AA?5?$AAp?$AAG?$AAP?$AAI?$AAO?$AAR?$AAe?$AAg?$AA?9?$AA?$DO?$AAG?$AAP?$AAN?$AAC?$AAO?$AAN?$AA?$DN@ 00013b20     oal:intr.obj
 0001:00002b70       ??_C@_1FG@DEGIFAM@?$AA?$CK?$AA?$CK?$AA?$CK?$AA?$CK?$AA?$CK?$AA?$CK?$AAD?$AAM?$AA9?$AA0?$AA0?$AA0?$AAA?$AA1?$AA?5?$AA?7?$AAp?$AAG?$AAP?$AAI?$AAO?$AAR?$AAe?$AAg?$AA?9?$AA?$DO?$AAE?$AAI?$AAN?$AAT?$AA0?$AAC@ 00013b70     oal:intr.obj
 0001:00002bc8       ??_C@_1FG@EMHCGHAG@?$AA?$CK?$AA?$CK?$AA?$CK?$AA?$CK?$AA?$CK?$AA?$CK?$AAD?$AAM?$AA9?$AA0?$AA0?$AA0?$AAA?$AA1?$AA?5?$AAp?$AAG?$AAP?$AAI?$AAO?$AAR?$AAe?$AAg?$AA?9?$AA?$DO?$AAE?$AAI?$AAN?$AAT?$AA0?$AAM?$AAA@ 00013bc8     oal:intr.obj
 0001:00002c20       ??_C@_1FG@DACEFEHE@?$AA?$CK?$AA?$CK?$AA?$CK?$AA?$CK?$AA?$CK?$AA?$CK?$AAD?$AAM?$AA9?$AA0?$AA0?$AA0?$AAA?$AA1?$AA?5?$AAp?$AAG?$AAP?$AAI?$AAO?$AAR?$AAe?$AAg?$AA?9?$AA?$DO?$AAE?$AAI?$AAN?$AAT?$AA0?$AAP?$AAE@ 00013c20     oal:intr.obj
 0001:00002c78       ??_C@_1DA@BKJECBLL@?$AA?$FL?$AAO?$AAA?$AAL?$AA?$FN?$AA?5?$AA?$CL?$AA?$CL?$AAB?$AAS?$AAP?$AAI?$AAn?$AAt?$AAr?$AAI?$AAn?$AAi?$AAt?$AA?$CI?$AA?$CJ?$AA?$AN?$AA?6?$AA?$AA@ 00013c78     oal:intr.obj
 0001:00002ca8       ??_C@_1DM@POOLLMMJ@?$AA?9?$AAB?$AAS?$AAP?$AAI?$AAn?$AAt?$AAr?$AAR?$AAe?$AAq?$AAu?$AAe?$AAs?$AAt?$AAI?$AAr?$AAq?$AA?$CI?$AAr?$AAc?$AA?5?$AA?$DN?$AA?5?$AA?$CF?$AAd?$AA?$CJ?$AA?$AN?$AA?6?$AA?$AA@ 00013ca8     oal:intr.obj
 0001:00002ce8       ??_C@_1HM@BJHIHKHI@?$AA?$CL?$AAB?$AAS?$AAP?$AAI?$AAn?$AAt?$AAr?$AAR?$AAe?$AAq?$AAu?$AAe?$AAs?$AAt?$AAI?$AAr?$AAq?$AA?$CI?$AA0?$AAx?$AA?$CF?$AA0?$AA8?$AAx?$AA?9?$AA?$DO?$AA?$CF?$AAd?$AA?1?$AA?$CF?$AAd@ 00013ce8     oal:intr.obj
 0001:00002d64       ??_C@_1DM@GADKKEEP@?$AA?9?$AAB?$AAS?$AAP?$AAI?$AAn?$AAt?$AAr?$AAE?$AAn?$AAa?$AAb?$AAl?$AAe?$AAI?$AAr?$AAq?$AA?$CI?$AAi?$AAr?$AAq?$AA?5?$AA?$DN?$AA?5?$AA?$CF?$AAd?$AA?$CJ?$AA?$AN?$AA?6?$AA?$AA@ 00013d64     oal:intr.obj
 0001:00002da0       ??_C@_1DA@PAHKCAOI@?$AA?$CL?$AAB?$AAS?$AAP?$AAI?$AAn?$AAt?$AAr?$AAE?$AAn?$AAa?$AAb?$AAl?$AAe?$AAI?$AAr?$AAq?$AA?$CI?$AA?$CF?$AAd?$AA?$CJ?$AA?$AN?$AA?6?$AA?$AA@ 00013da0     oal:intr.obj
 0001:00002dd0       ??_C@_1DM@GBABPOAA@?$AA?9?$AAB?$AAS?$AAP?$AAI?$AAn?$AAt?$AAr?$AAD?$AAi?$AAs?$AAa?$AAb?$AAl?$AAe?$AAI?$AAr?$AAq?$AA?$CI?$AAi?$AAr?$AAq?$AA?5?$AA?$DN?$AA?5?$AA?$CF?$AAd?$AA?$AN?$AA?6?$AA?$AA@ 00013dd0     oal:intr.obj
 0001:00002e0c       ??_C@_1DC@CAJPFJLN@?$AA?$CL?$AAB?$AAS?$AAP?$AAI?$AAn?$AAt?$AAr?$AAD?$AAi?$AAs?$AAa?$AAb?$AAl?$AAe?$AAI?$AAr?$AAq?$AA?$CI?$AA?$CF?$AAd?$AA?$CJ?$AA?$AN?$AA?6?$AA?$AA@ 00013e0c     oal:intr.obj
 0001:00002e40       ??_C@_1DI@MKBFOAP@?$AA?9?$AAB?$AAS?$AAP?$AAI?$AAn?$AAt?$AAr?$AAD?$AAo?$AAn?$AAe?$AAI?$AAr?$AAq?$AA?$CI?$AAi?$AAr?$AAq?$AA?5?$AA?$DN?$AA?5?$AA?$CF?$AAd?$AA?$CJ?$AA?$AN?$AA?6?$AA?$AA@ 00013e40     oal:intr.obj
 0001:00002e78       ??_C@_1CM@KNGKPFDP@?$AA?$CL?$AAB?$AAS?$AAP?$AAI?$AAn?$AAt?$AAr?$AAD?$AAo?$AAn?$AAe?$AAI?$AAr?$AAq?$AA?$CI?$AA?$CF?$AAd?$AA?$CJ?$AA?$AN?$AA?6?$AA?$AA@ 00013e78     oal:intr.obj
 0001:00002ea4       ??_C@_1BK@GONJCPBC@?$AAA?$AAR?$AAM?$AA1?$AA1?$AA7?$AA6?$AAJ?$AAZ?$AAF?$AA?9?$AAS?$AA?$AA@ 00013ea4     oal:ioctl.obj
 0001:00002ec0       ??_C@_1BA@DJPIEPAC@?$AAS?$AA3?$AAC?$AA6?$AA4?$AA1?$AA0?$AA?$AA@ 00013ec0     oal:ioctl.obj
 0001:00002ed0       ??_C@_1CI@MOPCLBBK@?$AAS?$AAa?$AAm?$AAs?$AAu?$AAn?$AAg?$AA?5?$AAE?$AAl?$AAe?$AAc?$AAt?$AAr?$AAo?$AAn?$AAi?$AAc?$AAs?$AA?$AA@ 00013ed0     oal:ioctl.obj
 0001:00002ef8       ??_C@_1CG@MGOKBFOG@?$AAH?$AAi?$AAt?$AAe?$AAg?$AA?5?$AAT?$AAe?$AAn?$AAB?$AAy?$AAT?$AAe?$AAn?$AA6?$AA4?$AA1?$AA0?$AA?$AA@ 00013ef8     oal:ioctl.obj
 0001:00002f20       ??_C@_1BA@MLOBOBDH@?$AAT?$AAB?$AAT?$AA6?$AA4?$AA1?$AA0?$AA?$AA@ 00013f20     oal:ioctl.obj
 0001:00003080       g_oalIoCtlTable            00014080     oal:ioctl.obj
 0001:000031dc       ??_C@_1DM@MPOGLEOC@?$AA?$FL?$AAO?$AAA?$AAL?$AA?$FN?$AA?5?$AA?9?$AA?9?$AAO?$AAA?$AAL?$AAI?$AAo?$AAC?$AAt?$AAl?$AAH?$AAa?$AAl?$AAR?$AAe?$AAb?$AAo?$AAo?$AAt?$AA?$CI?$AA?$CJ?$AA?$AN?$AA?6?$AA?$AA@ 000141dc     oal:ioctl.obj
 0001:00003218       ??_C@_1DM@JJIGIBAB@?$AA?$FL?$AAO?$AAA?$AAL?$AA?$FN?$AA?5?$AA?$CL?$AA?$CL?$AAO?$AAA?$AAL?$AAI?$AAo?$AAC?$AAt?$AAl?$AAH?$AAa?$AAl?$AAR?$AAe?$AAb?$AAo?$AAo?$AAt?$AA?$CI?$AA?$CJ?$AA?$AN?$AA?6?$AA?$AA@ 00014218     oal:ioctl.obj
 0001:00003258       ??_C@_1EI@MCIJGMLN@?$AA?9?$AAO?$AAA?$AAL?$AAI?$AAo?$AAC?$AAt?$AAl?$AAH?$AAa?$AAl?$AAG?$AAe?$AAt?$AAH?$AAW?$AAE?$AAn?$AAt?$AAr?$AAo?$AAp?$AAy?$AA?$CI?$AAr?$AAc?$AA?5?$AA?$DN?$AA?5?$AA?$CF?$AAd@ 00014258     oal:ioctl.obj
 0001:000032a0       ??_C@_1GE@KDBGDMBH@?$AAW?$AAA?$AAR?$AAN?$AA?3?$AA?5?$AAO?$AAA?$AAL?$AAI?$AAo?$AAC?$AAt?$AAl?$AAH?$AAa?$AAl?$AAG?$AAe?$AAt?$AAH?$AAW?$AAE?$AAn?$AAt?$AAr?$AAo?$AAp?$AAy?$AA?3?$AA?5?$AAB@ 000142a0     oal:ioctl.obj
 0001:00003304       ??_C@_1DG@BJFJNOHG@?$AA?$CL?$AAO?$AAA?$AAL?$AAI?$AAo?$AAC?$AAt?$AAl?$AAH?$AAa?$AAl?$AAG?$AAe?$AAt?$AAH?$AAW?$AAE?$AAn?$AAt?$AAr?$AAo?$AAp?$AAy?$AA?$AN?$AA?6?$AA?$AA@ 00014304     oal:ioctl.obj
 0001:00003340       ??_C@_1IE@JHKIHHMO@?$AA?$FL?$AAO?$AAA?$AAL?$AA?3?$AAE?$AAR?$AAR?$AA?$FN?$AA?5?$AAO?$AAA?$AAL?$AAI?$AAo?$AAC?$AAt?$AAl?$AAH?$AAa?$AAl?$AAG?$AAe?$AAt?$AAH?$AAi?$AAv?$AAe?$AAC?$AAl?$AAe?$AAa@ 00014340     oal:ioctl.obj
 0001:000033c8       ??_C@_1EE@JIDPAOAD@?$AA?9?$AA?9?$AAO?$AAA?$AAL?$AAI?$AAo?$AAC?$AAt?$AAl?$AAH?$AAa?$AAl?$AAG?$AAe?$AAt?$AAH?$AAi?$AAv?$AAe?$AAC?$AAl?$AAe?$AAa?$AAn?$AAF?$AAl?$AAa?$AAg?$AA?$CI?$AA?$CJ?$AA?$AN@ 000143c8     oal:ioctl.obj
 0001:0000340c       ??_C@_1DE@PIAGMDMK@?$AA?$FL?$AAO?$AAA?$AAL?$AA?$FN?$AA?5?$AAU?$AAn?$AAk?$AAn?$AAo?$AAw?$AAn?$AA?5?$AAF?$AAl?$AAa?$AAg?$AA?5?$AA0?$AAx?$AA?$CF?$AAx?$AA?$AN?$AA?6?$AA?$AA@ 0001440c     oal:ioctl.obj
 0001:00003440       ??_C@_1DI@BBPJJEEM@?$AA?$FL?$AAO?$AAA?$AAL?$AA?$FN?$AA?5?$AAN?$AAo?$AAt?$AA?5?$AAC?$AAl?$AAe?$AAa?$AAr?$AA?5?$AAU?$AAs?$AAe?$AAr?$AA?5?$AAH?$AAi?$AAv?$AAe?$AA?$AN?$AA?6?$AA?$AA@ 00014440     oal:ioctl.obj
 0001:00003478       ??_C@_1DA@HKECOKDH@?$AA?$FL?$AAO?$AAA?$AAL?$AA?$FN?$AA?5?$AAC?$AAl?$AAe?$AAa?$AAr?$AA?5?$AAU?$AAs?$AAe?$AAr?$AA?5?$AAH?$AAi?$AAv?$AAe?$AA?$AN?$AA?6?$AA?$AA@ 00014478     oal:ioctl.obj
 0001:000034a8       ??_C@_1DM@JJKDKAFC@?$AA?$FL?$AAO?$AAA?$AAL?$AA?$FN?$AA?5?$AAN?$AAo?$AAt?$AA?5?$AAC?$AAl?$AAe?$AAa?$AAr?$AA?5?$AAS?$AAy?$AAs?$AAt?$AAe?$AAm?$AA?5?$AAH?$AAi?$AAv?$AAe?$AA?$AN?$AA?6?$AA?$AA@ 000144a8     oal:ioctl.obj
 0001:000034e4       ??_C@_1DE@KGKDANDG@?$AA?$FL?$AAO?$AAA?$AAL?$AA?$FN?$AA?5?$AAC?$AAl?$AAe?$AAa?$AAr?$AA?5?$AAS?$AAy?$AAs?$AAt?$AAe?$AAm?$AA?5?$AAH?$AAi?$AAv?$AAe?$AA?$AN?$AA?6?$AA?$AA@ 000144e4     oal:ioctl.obj
 0001:00003518       ??_C@_1EE@HCMHLAIN@?$AA?$CL?$AA?$CL?$AAO?$AAA?$AAL?$AAI?$AAo?$AAC?$AAt?$AAl?$AAH?$AAa?$AAl?$AAG?$AAe?$AAt?$AAH?$AAi?$AAv?$AAe?$AAC?$AAl?$AAe?$AAa?$AAn?$AAF?$AAl?$AAa?$AAg?$AA?$CI?$AA?$CJ?$AA?$AN@ 00014518     oal:ioctl.obj
 0001:00003560       ??_C@_1IC@MJMJJPBL@?$AA?$FL?$AAO?$AAA?$AAL?$AA?3?$AAE?$AAR?$AAR?$AA?$FN?$AA?5?$AAO?$AAA?$AAL?$AAI?$AAo?$AAC?$AAt?$AAl?$AAH?$AAa?$AAl?$AAF?$AAo?$AAr?$AAm?$AAa?$AAt?$AAP?$AAa?$AAr?$AAt?$AAi@ 00014560     oal:ioctl.obj
 0001:000035e8       ??_C@_1EC@JMNBEJDJ@?$AA?9?$AA?9?$AAO?$AAA?$AAL?$AAI?$AAo?$AAC?$AAt?$AAl?$AAH?$AAa?$AAl?$AAF?$AAo?$AAr?$AAm?$AAa?$AAt?$AAP?$AAa?$AAr?$AAt?$AAi?$AAt?$AAi?$AAo?$AAn?$AA?$CI?$AA?$CJ?$AA?$AN?$AA?6@ 000145e8     oal:ioctl.obj
 0001:0000362c       ??_C@_1DE@PJCFCKCO@?$AA?$FL?$AAO?$AAA?$AAL?$AA?$FN?$AA?5?$AAN?$AAo?$AAt?$AA?5?$AAC?$AAl?$AAe?$AAa?$AAr?$AA?5?$AAS?$AAt?$AAo?$AAr?$AAa?$AAg?$AAe?$AA?$AN?$AA?6?$AA?$AA@ 0001462c     oal:ioctl.obj
 0001:00003660       ??_C@_1CM@MFCMPAIB@?$AA?$FL?$AAO?$AAA?$AAL?$AA?$FN?$AA?5?$AAC?$AAl?$AAe?$AAa?$AAr?$AA?5?$AAS?$AAt?$AAo?$AAr?$AAa?$AAg?$AAe?$AA?$AN?$AA?6?$AA?$AA@ 00014660     oal:ioctl.obj
 0001:00003690       ??_C@_1FK@LNBNIOOD@?$AA?$FL?$AAO?$AAA?$AAL?$AA?$FN?$AA?5?$AAC?$AAl?$AAe?$AAa?$AAr?$AA?5?$AAS?$AAt?$AAo?$AAr?$AAa?$AAg?$AAe?$AA?5?$AA?$CI?$AAS?$AAy?$AAs?$AAt?$AAe?$AAm?$AA?5?$AAR?$AAe?$AAg?$AAi@ 00014690     oal:ioctl.obj
 0001:000036ec       ??_C@_1DA@JNANAIM@?$AA?$FL?$AAO?$AAA?$AAL?$AA?$FN?$AA?5?$AA?7?$AAb?$AAP?$AAa?$AAr?$AAt?$AAT?$AAy?$AAp?$AAe?$AA?$DN?$AA0?$AAx?$AA?$CF?$AAx?$AA?$AN?$AA?6?$AA?$AA@ 000146ec     oal:ioctl.obj
 0001:0000371c       ??_C@_1DG@GFMEKLLN@?$AA?$FL?$AAO?$AAA?$AAL?$AA?$FN?$AA?5?$AA?7?$AAd?$AAw?$AAA?$AAt?$AAt?$AAr?$AAi?$AAb?$AAu?$AAt?$AAe?$AAs?$AA?$DN?$AA0?$AAx?$AA?$CF?$AAx?$AA?$AN?$AA?6?$AA?$AA@ 0001471c     oal:ioctl.obj
 0001:00003754       ??_C@_1DC@GJEHOMIF@?$AA?$FL?$AAO?$AAA?$AAL?$AA?$FN?$AA?5?$AA?7?$AAs?$AAn?$AAN?$AAu?$AAm?$AAS?$AAe?$AAc?$AAt?$AAo?$AAr?$AAs?$AA?$DN?$AA?$CF?$AAd?$AA?$AN?$AA?6?$AA?$AA@ 00014754     oal:ioctl.obj
 0001:00003788       ??_C@_1DI@NGIMIABK@?$AA?$FL?$AAO?$AAA?$AAL?$AA?$FN?$AA?5?$AA?7?$AAs?$AAz?$AAP?$AAa?$AAr?$AAt?$AAi?$AAt?$AAi?$AAo?$AAn?$AAN?$AAa?$AAm?$AAe?$AA?$DN?$AA?$CF?$AAs?$AA?$AN?$AA?6?$AA?$AA@ 00014788     oal:ioctl.obj
 0001:000037c0       ??_C@_1DM@DGIAEALB@?$AA?$FL?$AAO?$AAA?$AAL?$AA?$FN?$AA?5?$AAS?$AAt?$AAo?$AAr?$AAe?$AA?5?$AAp?$AAa?$AAr?$AAt?$AAi?$AAt?$AAi?$AAo?$AAn?$AA?5?$AAi?$AAn?$AAf?$AAo?$AA?3?$AA?$AN?$AA?6?$AA?$AA@ 000147c0     oal:ioctl.obj
 0001:00003800       ??_C@_1EC@GHIJEAMG@?$AA?$CL?$AA?$CL?$AAO?$AAA?$AAL?$AAI?$AAo?$AAC?$AAt?$AAl?$AAH?$AAa?$AAl?$AAF?$AAo?$AAr?$AAm?$AAa?$AAt?$AAP?$AAa?$AAr?$AAt?$AAi?$AAt?$AAi?$AAo?$AAn?$AA?$CI?$AA?$CJ?$AA?$AN?$AA?6@ 00014800     oal:ioctl.obj
 0001:00003848       ??_C@_1IA@NEICIIMN@?$AA?$FL?$AAO?$AAA?$AAL?$AA?3?$AAE?$AAR?$AAR?$AA?$FN?$AA?5?$AAO?$AAA?$AAL?$AAI?$AAo?$AAC?$AAt?$AAl?$AAH?$AAa?$AAl?$AAQ?$AAu?$AAe?$AAr?$AAy?$AAD?$AAi?$AAs?$AAp?$AAl?$AAa@ 00014848     oal:ioctl.obj
 0001:000038c8       ??_C@_0BM@CKOCJIAI@size?5of?5outbuf?5is?5too?5small?$AA@ 000148c8     oal:ioctl.obj
 0001:000038e4       ??_C@_0P@BENLFCOL@outbuf?5is?5NULL?$AA@ 000148e4     oal:ioctl.obj
 0001:000038f8       ??_C@_1EM@KAAGNNHE@?$AA?$CL?$AA?$CL?$AAO?$AAA?$AAL?$AAI?$AAo?$AAC?$AAt?$AAl?$AAH?$AAa?$AAl?$AAQ?$AAu?$AAe?$AAr?$AAy?$AAD?$AAi?$AAs?$AAp?$AAl?$AAa?$AAy?$AAS?$AAe?$AAt?$AAt?$AAi?$AAn?$AAg@ 000148f8     oal:ioctl.obj
 0001:00003948       ??_C@_1EG@HDNMEJDE@?$AA?$CL?$AA?$CL?$AAB?$AAS?$AAP?$AA_?$AAA?$AAR?$AAG?$AAS?$AA_?$AAQ?$AAU?$AAE?$AAR?$AAY?$AA_?$AAD?$AAI?$AAS?$AAP?$AAL?$AAA?$AAY?$AAT?$AAY?$AAP?$AAE?$AA?3?$AA?5?$AA?$CF?$AAd@ 00014948     oal:ioctl.obj
 0001:00003990       ??_C@_1FA@DHMMIHDI@?$AA?$CL?$AA?$CL?$AAB?$AAS?$AAP?$AA_?$AAA?$AAR?$AAG?$AAS?$AA_?$AAQ?$AAU?$AAE?$AAR?$AAY?$AA_?$AAF?$AAR?$AAA?$AAM?$AAE?$AAB?$AAU?$AAF?$AAF?$AAE?$AAR?$AAD?$AAE?$AAP?$AAT@ 00014990     oal:ioctl.obj
 0001:000039e0       ??_C@_1HA@LOIFJLBK@?$AA?$FL?$AAO?$AAA?$AAL?$AA?3?$AAE?$AAR?$AAR?$AA?$FN?$AA?5?$AAO?$AAA?$AAL?$AAI?$AAo?$AAC?$AAt?$AAl?$AAH?$AAa?$AAl?$AAP?$AAo?$AAw?$AAe?$AAr?$AAC?$AAT?$AAL?$AA?$CI?$AA?$CJ?$AA?5@ 000149e0     oal:ioctl.obj
 0001:00003a50       ??_C@_1DE@DCMMJNCM@?$AA?$CL?$AA?$CL?$AAO?$AAA?$AAL?$AAI?$AAo?$AAC?$AAt?$AAl?$AAH?$AAa?$AAl?$AAP?$AAo?$AAw?$AAe?$AAr?$AAC?$AAT?$AAL?$AA?$CI?$AA?$CJ?$AA?$AN?$AA?6?$AA?$AA@ 00014a50     oal:ioctl.obj
 0001:00003a88       ??_C@_1HM@HGIOIOEF@?$AA?$FL?$AAO?$AAA?$AAL?$AA?3?$AAE?$AAR?$AAR?$AA?$FN?$AA?5?$AAO?$AAA?$AAL?$AAI?$AAo?$AAC?$AAt?$AAl?$AAH?$AAa?$AAl?$AAS?$AAe?$AAt?$AAS?$AAy?$AAs?$AAt?$AAe?$AAm?$AAL?$AAe@ 00014a88     oal:ioctl.obj
 0001:00003b08       ??_C@_1EA@JADLMALA@?$AA?$CL?$AA?$CL?$AAO?$AAA?$AAL?$AAI?$AAo?$AAC?$AAt?$AAl?$AAH?$AAa?$AAl?$AAS?$AAe?$AAt?$AAS?$AAy?$AAs?$AAt?$AAe?$AAm?$AAL?$AAe?$AAv?$AAe?$AAl?$AA?$CI?$AA?$CJ?$AA?$AN?$AA?6?$AA?$AA@ 00014b08     oal:ioctl.obj
 0001:00003b48       ??_C@_1HE@OFHCHDAN@?$AA?$FL?$AAO?$AAA?$AAL?$AA?3?$AAE?$AAR?$AAR?$AA?$FN?$AA?5?$AAO?$AAA?$AAL?$AAI?$AAo?$AAC?$AAt?$AAl?$AAH?$AAa?$AAl?$AAP?$AAr?$AAo?$AAf?$AAi?$AAl?$AAe?$AAD?$AAV?$AAS?$AA?$CI@ 00014b48     oal:ioctl.obj
 0001:00003bbc       ??_C@_1DI@EEGMOADM@?$AA?$CL?$AA?$CL?$AAO?$AAA?$AAL?$AAI?$AAo?$AAC?$AAt?$AAl?$AAH?$AAa?$AAl?$AAP?$AAr?$AAo?$AAf?$AAi?$AAl?$AAe?$AAD?$AAV?$AAS?$AA?$CI?$AA?$CJ?$AA?$AN?$AA?6?$AA?$AA@ 00014bbc     oal:ioctl.obj
 0001:00003bf8       ??_C@_1HC@COAMLJMP@?$AA?$FL?$AAO?$AAA?$AAL?$AA?3?$AAE?$AAR?$AAR?$AA?$FN?$AA?5?$AAO?$AAA?$AAL?$AAI?$AAo?$AAC?$AAt?$AAl?$AAH?$AAa?$AAl?$AAC?$AAl?$AAo?$AAc?$AAk?$AAI?$AAn?$AAf?$AAo?$AA?$CI?$AA?$CJ@ 00014bf8     oal:ioctl.obj
 0001:00003c6c       ??_C@_1DG@DHHEMDHE@?$AA?$CL?$AA?$CL?$AAO?$AAA?$AAL?$AAI?$AAo?$AAC?$AAt?$AAl?$AAH?$AAa?$AAl?$AAC?$AAl?$AAo?$AAc?$AAk?$AAI?$AAn?$AAf?$AAo?$AA?$CI?$AA?$CJ?$AA?$AN?$AA?6?$AA?$AA@ 00014c6c     oal:ioctl.obj
 0001:00003d38       ??_C@_1IC@CEBADIDJ@?$AA?$FL?$AAO?$AAE?$AAM?$AA?3?$AAE?$AAR?$AAR?$AA?$FN?$AA?5?$AAO?$AAE?$AAM?$AAP?$AAo?$AAw?$AAe?$AAr?$AAO?$AAf?$AAf?$AA?$CI?$AA?$CJ?$AA?5?$AA?3?$AA?5?$AAS?$AAY?$AAS?$AAW?$AAA?$AAK@ 00014d38     oal:power.obj
 0001:00003dbc       ??_C@_1DM@LDGIGODB@?$AA?$CL?$AA?$CL?$AAB?$AAS?$AAP?$AAC?$AAo?$AAn?$AAf?$AAi?$AAg?$AAG?$AAP?$AAI?$AAO?$AAf?$AAo?$AAr?$AAP?$AAo?$AAw?$AAe?$AAr?$AAO?$AAf?$AAf?$AA?$CI?$AA?$CJ?$AA?6?$AA?$AA@ 00014dbc     oal:power.obj
 0001:00003df8       ??_C@_1DM@FPBGEPL@?$AA?9?$AA?9?$AAB?$AAS?$AAP?$AAC?$AAo?$AAn?$AAf?$AAi?$AAg?$AAG?$AAP?$AAI?$AAO?$AAf?$AAo?$AAr?$AAP?$AAo?$AAw?$AAe?$AAr?$AAO?$AAf?$AAf?$AA?$CI?$AA?$CJ?$AA?6?$AA?$AA@ 00014df8     oal:power.obj
 0001:00003e34       ??_C@_1CC@NGHDHNLP@?$AA?$CL?$AA?$CL?$AAB?$AAS?$AAP?$AAP?$AAo?$AAw?$AAe?$AAr?$AAO?$AAf?$AAf?$AA?$CI?$AA?$CJ?$AA?6?$AA?$AA@ 00014e34     oal:power.obj
 0001:00003e58       ??_C@_1CC@EEDBIMDE@?$AA?9?$AA?9?$AAB?$AAS?$AAP?$AAP?$AAo?$AAw?$AAe?$AAr?$AAO?$AAf?$AAf?$AA?$CI?$AA?$CJ?$AA?6?$AA?$AA@ 00014e58     oal:power.obj
 0001:00003e7c       ??_C@_1CA@LIBLDNPM@?$AA?9?$AA?9?$AAB?$AAS?$AAP?$AAP?$AAo?$AAw?$AAe?$AAr?$AAO?$AAn?$AA?$CI?$AA?$CJ?$AA?6?$AA?$AA@ 00014e7c     oal:power.obj
 0001:00003e9c       ??_C@_1CA@HIBGGAPD@?$AA?$CL?$AA?$CL?$AAB?$AAS?$AAP?$AAP?$AAo?$AAw?$AAe?$AAr?$AAO?$AAn?$AA?$CI?$AA?$CJ?$AA?6?$AA?$AA@ 00014e9c     oal:power.obj
 0001:00003f50       ??_C@_1IE@ICIBLOBL@?$AA?5?$AA?$CF?$AAd?$AA?5?$AA?5?$AA?$CI?$AA?$CF?$AAd?$AAm?$AAV?$AA?0?$AA?$CF?$AAd?$AAm?$AAV?$AA?$CJ?$AA?5?$AA?5?$AA?5?$AA?$CI?$AA?$CF?$AAd?$AA?0?$AA?$CF?$AAd?$AA?0?$AA?$CF?$AAd?$AA?0?$AA?$CF?$AAd?$AA?$CJ@ 00014f50     s3c6410_PM:dvs.obj
 0001:00003fd4       ??_C@_1DA@CMJDHFCC@?$AA?$FL?$AAD?$AAV?$AAS?$AA?$FN?$AA?5?$AAP?$AAr?$AAo?$AAf?$AAi?$AAl?$AAe?$AA?5?$AAS?$AAt?$AAo?$AAp?$AA?4?$AA?4?$AA?4?$AA?$AN?$AA?6?$AA?$AA@ 00014fd4     s3c6410_PM:dvs.obj
 0001:00004008       ??_C@_1IC@FEGIDFKN@?$AAL?$AAe?$AAv?$AAe?$AAl?$AA?$CI?$AAA?$AAR?$AAM?$AA?0?$AAI?$AAn?$AAt?$AAe?$AAr?$AAn?$AAa?$AAl?$AA?$CJ?$AA?5?$AA?5?$AAD?$AAi?$AAv?$AA?$CI?$AAA?$AA?0?$AAH?$AAx?$AA2?$AA?0?$AAP@ 00015008     s3c6410_PM:dvs.obj
 0001:00004090       ??_C@_1HA@IMAICJNN@?$AA?$FL?$AAN?$AAo?$AAn?$AA?5?$AAD?$AAV?$AAS?$AA?$FN?$AA?5?$AAP?$AAr?$AAo?$AAf?$AAi?$AAl?$AAe?$AA?5?$AAS?$AAt?$AAo?$AAp?$AA?4?$AA?4?$AA?4?$AA?5?$AA?5?$AA?5?$AAI?$AAd?$AAl?$AAe@ 00015090     s3c6410_PM:dvs.obj
 0001:00004100       ??_C@_1DC@OJCNHMIF@?$AA?$FL?$AAD?$AAV?$AAS?$AA?$FN?$AA?5?$AAP?$AAr?$AAo?$AAf?$AAi?$AAl?$AAe?$AA?5?$AAS?$AAt?$AAa?$AAr?$AAt?$AA?4?$AA?4?$AA?4?$AA?$AN?$AA?6?$AA?$AA@ 00015100     s3c6410_PM:dvs.obj
 0001:00004134       ??_C@_1DK@JFDNMGAO@?$AA?$FL?$AAN?$AAo?$AAn?$AA?5?$AAD?$AAV?$AAS?$AA?$FN?$AA?5?$AAP?$AAr?$AAo?$AAf?$AAi?$AAl?$AAe?$AA?5?$AAS?$AAt?$AAa?$AAr?$AAt?$AA?4?$AA?4?$AA?4?$AA?$AN?$AA?6?$AA?$AA@ 00015134     s3c6410_PM:dvs.obj
 0001:00004170       ??_C@_1FA@BLKFPPCA@?$AA?$FL?$AAD?$AAV?$AAS?$AA?$FN?$AA?5?$AAS?$AAy?$AAs?$AAt?$AAe?$AAm?$AA?5?$AAL?$AAe?$AAv?$AAe?$AAl?$AA?5?$AAC?$AAh?$AAa?$AAn?$AAg?$AAe?$AAd?$AA?5?$AA?$FL?$AA?$CF?$AAd?$AA?5?$AA?9@ 00015170     s3c6410_PM:dvs.obj
 0001:000041c0       ??_C@_1CI@DGKNCBIJ@?$AA?$FL?$AAD?$AAV?$AAS?$AA?$FN?$AA?5?$AAD?$AAV?$AAS?$AA?5?$AAe?$AAn?$AAa?$AAb?$AAl?$AAe?$AAd?$AA?$AN?$AA?6?$AA?$AA@ 000151c0     s3c6410_PM:dvs.obj
 0001:000041e8       ??_C@_1DI@BMFMLNNG@?$AA?$FL?$AAD?$AAV?$AAS?$AA?$FN?$AA?5?$AAD?$AAV?$AAS?$AA?5?$AAd?$AAi?$AAs?$AAa?$AAb?$AAl?$AAe?$AAd?$AA?5?$AAb?$AAy?$AA?5?$AAU?$AAS?$AAB?$AA?$AN?$AA?6?$AA?$AA@ 000151e8     s3c6410_PM:dvs.obj
 0001:00004220       ??_C@_1BG@EOMGPFCE@?$AAD?$AA?$FL?$AA?$CF?$AAd?$AA?3?$AA?$CF?$AAd?$AA?$FN?$AA?$AN?$AA?6?$AA?$AA@ 00015220     s3c6410_PM:dvs.obj
 0001:00004238       ??_C@_1BG@PABJNLKF@?$AAU?$AA?$FL?$AA?$CF?$AAd?$AA?3?$AA?$CF?$AAd?$AA?$FN?$AA?$AN?$AA?6?$AA?$AA@ 00015238     s3c6410_PM:dvs.obj
 0001:000042e0       ??_C@_1EM@KGGHBFBJ@?$AA?$CL?$AAO?$AAA?$AAL?$AAI?$AAo?$AAC?$AAt?$AAl?$AAH?$AAa?$AAl?$AAR?$AAe?$AAq?$AAu?$AAe?$AAs?$AAt?$AAS?$AAy?$AAs?$AAI?$AAn?$AAt?$AAr?$AA?$CI?$AAr?$AAc?$AA?5?$AA?$DN?$AA?5@ 000152e0     oal_intr_s3c6410_sec_v1:ioctl.obj
 0001:00004330       ??_C@_1GK@HKEIPOOO@?$AAW?$AAA?$AAR?$AAN?$AA?3?$AA?5?$AAI?$AAO?$AAC?$AAT?$AAL?$AA_?$AAH?$AAA?$AAL?$AA_?$AAR?$AAE?$AAQ?$AAU?$AAE?$AAS?$AAT?$AA_?$AAS?$AAY?$AAS?$AAI?$AAN?$AAT?$AAR?$AA?5@ 00015330     oal_intr_s3c6410_sec_v1:ioctl.obj
 0001:0000439c       ??_C@_1DK@BMKLIPKJ@?$AA?$CL?$AAO?$AAA?$AAL?$AAI?$AAo?$AAC?$AAt?$AAl?$AAH?$AAa?$AAl?$AAR?$AAe?$AAq?$AAu?$AAe?$AAs?$AAt?$AAS?$AAy?$AAs?$AAI?$AAn?$AAt?$AAr?$AA?$AN?$AA?6?$AA?$AA@ 0001539c     oal_intr_s3c6410_sec_v1:ioctl.obj
 0001:000043d8       ??_C@_1GK@LIJAJEGD@?$AAW?$AAA?$AAR?$AAN?$AA?3?$AA?5?$AAI?$AAO?$AAC?$AAT?$AAL?$AA_?$AAH?$AAA?$AAL?$AA_?$AAR?$AAE?$AAL?$AAE?$AAA?$AAS?$AAE?$AA_?$AAS?$AAY?$AAS?$AAI?$AAN?$AAT?$AAR?$AA?5@ 000153d8     oal_intr_s3c6410_sec_v1:ioctl.obj
 0001:00004448       ??_C@_1EM@DFAKLPBP@?$AA?9?$AAO?$AAA?$AAL?$AAI?$AAo?$AAC?$AAt?$AAl?$AAH?$AAa?$AAl?$AAR?$AAe?$AAq?$AAu?$AAe?$AAs?$AAt?$AAS?$AAy?$AAs?$AAI?$AAn?$AAt?$AAr?$AA?$CI?$AAr?$AAc?$AA?5?$AA?$DN?$AA?5@ 00015448     oal_intr_s3c6410_sec_v1:ioctl.obj
 0001:00004498       ??_C@_1GC@BACPHDPH@?$AAW?$AAA?$AAR?$AAN?$AA?3?$AA?5?$AAI?$AAO?$AAC?$AAT?$AAL?$AA_?$AAH?$AAA?$AAL?$AA_?$AAR?$AAE?$AAQ?$AAU?$AAE?$AAS?$AAT?$AA_?$AAI?$AAR?$AAQ?$AA?5?$AAi?$AAn?$AAv?$AAa@ 00015498     oal_intr_s3c6410_sec_v1:ioctl.obj
 0001:000044fc       ??_C@_1DC@DIKJBBIL@?$AA?$CL?$AAO?$AAA?$AAL?$AAI?$AAo?$AAC?$AAt?$AAl?$AAH?$AAa?$AAl?$AAR?$AAe?$AAq?$AAu?$AAe?$AAs?$AAt?$AAI?$AAr?$AAq?$AA?$AN?$AA?6?$AA?$AA@ 000154fc     oal_intr_s3c6410_sec_v1:ioctl.obj
 0001:000045c0       ??_C@_1GM@ONPNNFJP@?$AA?$FL?$AAO?$AAA?$AAL?$AA?3?$AAE?$AAR?$AAR?$AA?$FN?$AA?5?$AAO?$AAA?$AAL?$AAI?$AAo?$AAC?$AAt?$AAl?$AAH?$AAa?$AAl?$AAG?$AAe?$AAt?$AAC?$AAP?$AAU?$AAI?$AAD?$AA?$CI?$AA?$CJ?$AA?5@ 000155c0     oal_ioctl_s3c6410_sec_v1:CPUIDCheck.obj
 0001:00004630       ??_C@_1IA@PCLNGAOA@?$AA?$FL?$AAO?$AAA?$AAL?$AA?3?$AAE?$AAR?$AAR?$AA?$FN?$AA?5?$AAO?$AAA?$AAL?$AAI?$AAo?$AAC?$AAt?$AAl?$AAH?$AAa?$AAl?$AAG?$AAe?$AAt?$AAC?$AAP?$AAU?$AAI?$AAD?$AA?$CI?$AA?$CJ?$AA?5@ 00015630     oal_ioctl_s3c6410_sec_v1:CPUIDCheck.obj
 0001:00004740       ??_C@_1GK@GKDOOKDE@?$AAE?$AAR?$AAR?$AAO?$AAR?$AA?3?$AA?5?$AAO?$AAA?$AAL?$AAI?$AAo?$AAC?$AAt?$AAl?$AAH?$AAa?$AAl?$AAU?$AAp?$AAd?$AAa?$AAt?$AAe?$AAM?$AAo?$AAd?$AAe?$AA?3?$AA?5?$AAI?$AAn@ 00015740     oal_ioctl_s3c6410_sec_v1:imgupd.obj
 0001:000047b0       ??_C@_1IG@BENIAHFO@?$AAE?$AAR?$AAR?$AAO?$AAR?$AA?3?$AA?5?$AAO?$AAA?$AAL?$AAI?$AAo?$AAC?$AAt?$AAl?$AAH?$AAa?$AAl?$AAU?$AAp?$AAd?$AAa?$AAt?$AAe?$AAM?$AAo?$AAd?$AAe?$AA?3?$AA?5?$AAD?$AAe@ 000157b0     oal_ioctl_s3c6410_sec_v1:imgupd.obj
 0001:000048c8       ??_C@_1FA@KIKMJANO@?$AA?9?$AAO?$AAA?$AAL?$AAI?$AAo?$AAC?$AAt?$AAl?$AAH?$AAa?$AAl?$AAG?$AAe?$AAt?$AAR?$AAe?$AAg?$AAS?$AAe?$AAc?$AAu?$AAr?$AAe?$AAK?$AAe?$AAy?$AAs?$AA?$CI?$AAr?$AAc?$AA?5@ 000158c8     oal_ioctl_s3c6410_sec_v1:securekeys.obj
 0001:000049a8       ??_C@_1EE@LLJFHFAM@?$AA?9?$AAO?$AAA?$AAL?$AAI?$AAo?$AAC?$AAt?$AAl?$AAP?$AAr?$AAo?$AAc?$AAe?$AAs?$AAs?$AAo?$AAr?$AAI?$AAn?$AAf?$AAo?$AA?$CI?$AAr?$AAc?$AA?5?$AA?$DN?$AA?5?$AA?$CF?$AAd?$AA?$CJ?$AA?$AN@ 000159a8     oal_ioctl_s3c6410_sec_v1:procinfo.obj
 0001:000049f0       ??_C@_1GA@EACFLEMI@?$AAW?$AAA?$AAR?$AAN?$AA?3?$AA?5?$AAO?$AAA?$AAL?$AAI?$AAo?$AAC?$AAt?$AAl?$AAP?$AAr?$AAo?$AAc?$AAe?$AAs?$AAs?$AAo?$AAr?$AAI?$AAn?$AAf?$AAo?$AA?3?$AA?5?$AAB?$AAu?$AAf@ 000159f0     oal_ioctl_s3c6410_sec_v1:procinfo.obj
 0001:00004a50       ??_C@_1GI@EFCEJCLG@?$AAE?$AAR?$AAR?$AAO?$AAR?$AA?3?$AAO?$AAA?$AAL?$AAI?$AAo?$AAC?$AAt?$AAl?$AAP?$AAr?$AAo?$AAc?$AAe?$AAs?$AAs?$AAo?$AAr?$AAI?$AAn?$AAf?$AAo?$AA?3?$AA?5?$AAV?$AAe?$AAn@ 00015a50     oal_ioctl_s3c6410_sec_v1:procinfo.obj
 0001:00004ab8       ??_C@_1GE@JPAPEENG@?$AAE?$AAR?$AAR?$AAO?$AAR?$AA?3?$AAO?$AAA?$AAL?$AAI?$AAo?$AAC?$AAt?$AAl?$AAP?$AAr?$AAo?$AAc?$AAe?$AAs?$AAs?$AAo?$AAr?$AAI?$AAn?$AAf?$AAo?$AA?3?$AA?5?$AAN?$AAa?$AAm@ 00015ab8     oal_ioctl_s3c6410_sec_v1:procinfo.obj
 0001:00004b20       ??_C@_1GE@OFFJPJMM@?$AAE?$AAR?$AAR?$AAO?$AAR?$AA?3?$AAO?$AAA?$AAL?$AAI?$AAo?$AAC?$AAt?$AAl?$AAP?$AAr?$AAo?$AAc?$AAe?$AAs?$AAs?$AAo?$AAr?$AAI?$AAn?$AAf?$AAo?$AA?3?$AA?5?$AAC?$AAo?$AAr@ 00015b20     oal_ioctl_s3c6410_sec_v1:procinfo.obj
 0001:00004b88       ??_C@_1GK@MJNAOGCM@?$AAW?$AAA?$AAR?$AAN?$AA?3?$AA?5?$AAO?$AAA?$AAL?$AAI?$AAo?$AAC?$AAt?$AAl?$AAP?$AAr?$AAo?$AAc?$AAe?$AAs?$AAs?$AAo?$AAr?$AAI?$AAn?$AAf?$AAo?$AA?3?$AA?5?$AAI?$AAn?$AAv@ 00015b88     oal_ioctl_s3c6410_sec_v1:procinfo.obj
 0001:00004bf4       ??_C@_1DM@NEACNOML@?$AA?$CL?$AAO?$AAA?$AAL?$AAI?$AAo?$AAC?$AAt?$AAl?$AAP?$AAr?$AAo?$AAc?$AAe?$AAs?$AAs?$AAo?$AAr?$AAI?$AAn?$AAf?$AAo?$AA?$CI?$AA?4?$AA?4?$AA?4?$AA?$CJ?$AA?$AN?$AA?6?$AA?$AA@ 00015bf4     oal_ioctl_s3c6410_sec_v1:procinfo.obj
 0001:00004cc0       ??_C@_1EK@CIONDGAI@?$AA?9?$AAO?$AAA?$AAL?$AAI?$AAo?$AAC?$AAt?$AAl?$AAH?$AAa?$AAl?$AAG?$AAe?$AAt?$AAR?$AAa?$AAn?$AAd?$AAo?$AAm?$AAS?$AAe?$AAe?$AAd?$AA?$CI?$AAr?$AAc?$AA?5?$AA?$DN?$AA?5?$AA?$CF@ 00015cc0     oal_ioctl_s3c6410_sec_v1:randomseed.obj
 0001:00004d10       ??_C@_1GI@DGLGODAM@?$AAW?$AAA?$AAR?$AAN?$AA?3?$AA?5?$AAO?$AAA?$AAL?$AAI?$AAo?$AAC?$AAt?$AAl?$AAH?$AAa?$AAl?$AAG?$AAe?$AAt?$AAR?$AAa?$AAn?$AAd?$AAo?$AAm?$AAS?$AAe?$AAe?$AAd?$AA?3?$AA?5@ 00015d10     oal_ioctl_s3c6410_sec_v1:randomseed.obj
 0001:00004d78       ??_C@_1EC@KGKJCIAM@?$AA?$CL?$AAO?$AAA?$AAL?$AAI?$AAo?$AAc?$AAt?$AAl?$AAH?$AAa?$AAl?$AAG?$AAe?$AAt?$AAR?$AAa?$AAn?$AAd?$AAo?$AAm?$AAS?$AAe?$AAe?$AAd?$AA?$CI?$AA?4?$AA?4?$AA?4?$AA?$CJ?$AA?$AN?$AA?6@ 00015d78     oal_ioctl_s3c6410_sec_v1:randomseed.obj
 0001:00004e60       ??_C@_1FK@JJDHOCFD@?$AAW?$AAA?$AAR?$AAN?$AA?3?$AA?5?$AAO?$AAA?$AAL?$AAI?$AAo?$AAC?$AAt?$AAl?$AAH?$AAa?$AAl?$AAG?$AAe?$AAt?$AAU?$AAU?$AAI?$AAD?$AA?3?$AA?5?$AAB?$AAu?$AAf?$AAf?$AAe?$AAr@ 00015e60     oal_ioctl_s3c6410_sec_v1:uuid.obj
 0001:00004ec0       ??_C@_1NA@DANHDCDJ@?$AAW?$AAa?$AAr?$AAn?$AAi?$AAn?$AAg?$AA?3?$AA?5?$AAI?$AAO?$AAC?$AAT?$AAL?$AA_?$AAH?$AAA?$AAL?$AA_?$AAG?$AAE?$AAT?$AA_?$AAU?$AAU?$AAI?$AAD?$AA?5?$AAi?$AAs?$AA?5?$AAu@ 00015ec0     oal_ioctl_s3c6410_sec_v1:uuid.obj
 0001:00004f90       ??_C@_1HC@GCDGDEMK@?$AAE?$AAR?$AAR?$AAO?$AAR?$AA?3?$AA?5?$AAO?$AAA?$AAL?$AAI?$AAo?$AAC?$AAt?$AAl?$AAH?$AAa?$AAl?$AAG?$AAe?$AAt?$AAU?$AAU?$AAI?$AAD?$AA?3?$AA?5?$AAD?$AAe?$AAv?$AAi?$AAc@ 00015f90     oal_ioctl_s3c6410_sec_v1:uuid.obj
 0001:00005008       ??_C@_1GE@PBBGNNAO@?$AAW?$AAA?$AAR?$AAN?$AA?3?$AA?5?$AAO?$AAA?$AAL?$AAI?$AAo?$AAC?$AAt?$AAl?$AAH?$AAa?$AAl?$AAG?$AAe?$AAt?$AAU?$AAU?$AAI?$AAD?$AA?3?$AA?5?$AAI?$AAn?$AAv?$AAa?$AAl?$AAi@ 00016008     oal_ioctl_s3c6410_sec_v1:uuid.obj
 0001:00005070       ??_C@_1OE@KFAEFCPB@?$AAW?$AAa?$AAr?$AAn?$AAi?$AAn?$AAg?$AA?3?$AA?5?$AAy?$AAo?$AAu?$AA?5?$AAa?$AAr?$AAe?$AA?5?$AAc?$AAa?$AAl?$AAl?$AAi?$AAn?$AAg?$AA?5?$AAI?$AAO?$AAC?$AAT?$AAL?$AA_?$AAH@ 00016070     oal_ioctl_s3c6410_sec_v1:uuid.obj
 0001:0000516c       ??_C@_1CI@DNLIPKLH@?$AAS?$AAP?$AAI?$AA_?$AAG?$AAE?$AAT?$AAP?$AAL?$AAA?$AAT?$AAF?$AAO?$AAR?$AAM?$AAT?$AAY?$AAP?$AAE?$AA?$AA@ 0001616c     oal_ioctl_s3c6410_sec_v1:deviceinfo.obj
 0001:00005198       ??_C@_1BEM@IMHNFGHE@?$AAW?$AAa?$AAr?$AAn?$AAi?$AAn?$AAg?$AA?3?$AA?5?$AAy?$AAo?$AAu?$AA?5?$AAa?$AAr?$AAe?$AA?5?$AAr?$AAe?$AAq?$AAu?$AAe?$AAs?$AAt?$AAi?$AAn?$AAg?$AA?5?$AAI?$AAO?$AAC?$AAT@ 00016198     oal_ioctl_s3c6410_sec_v1:deviceinfo.obj
 0001:000052e8       ??_C@_1GO@GEFDPJAG@?$AAW?$AAA?$AAR?$AAN?$AA?3?$AA?5?$AAO?$AAA?$AAL?$AAI?$AAo?$AAC?$AAt?$AAl?$AAH?$AAa?$AAl?$AAG?$AAe?$AAt?$AAD?$AAe?$AAv?$AAi?$AAc?$AAe?$AAi?$AAn?$AAf?$AAo?$AA?3?$AA?3@ 000162e8     oal_ioctl_s3c6410_sec_v1:deviceinfo.obj
 0001:00005358       ??_C@_1NG@HBFOMIME@?$AAE?$AAR?$AAR?$AAO?$AAR?$AA?3?$AA?5?$AAO?$AAA?$AAL?$AAI?$AAo?$AAC?$AAt?$AAl?$AAH?$AAa?$AAl?$AAG?$AAe?$AAt?$AAD?$AAe?$AAv?$AAi?$AAc?$AAe?$AAi?$AAn?$AAf?$AAo?$AA?3@ 00016358     oal_ioctl_s3c6410_sec_v1:deviceinfo.obj
 0001:00005430       ??_C@_1LA@BNOICHNN@?$AAE?$AAR?$AAR?$AAO?$AAR?$AA?3?$AA?5?$AAO?$AAA?$AAL?$AAI?$AAo?$AAC?$AAt?$AAl?$AAH?$AAa?$AAl?$AAG?$AAe?$AAt?$AAD?$AAe?$AAv?$AAi?$AAc?$AAe?$AAI?$AAn?$AAf?$AAo?$AA?3@ 00016430     oal_ioctl_s3c6410_sec_v1:deviceinfo.obj
 0001:000054e0       ??_C@_1BO@MIPEKPNN@?$AAS?$AAP?$AAI?$AA_?$AAG?$AAE?$AAT?$AAO?$AAE?$AAM?$AAI?$AAN?$AAF?$AAO?$AA?$AA@ 000164e0     oal_ioctl_s3c6410_sec_v1:deviceinfo.obj
 0001:00005500       ??_C@_1CO@EPEFNCOE@?$AAS?$AAP?$AAI?$AA_?$AAG?$AAE?$AAT?$AAP?$AAL?$AAA?$AAT?$AAF?$AAO?$AAR?$AAM?$AAV?$AAE?$AAR?$AAS?$AAI?$AAO?$AAN?$AA?$AA@ 00016500     oal_ioctl_s3c6410_sec_v1:deviceinfo.obj
 0001:00005530       ??_C@_1CG@NCDPNLLL@?$AAS?$AAP?$AAI?$AA_?$AAG?$AAE?$AAT?$AAP?$AAR?$AAO?$AAJ?$AAE?$AAC?$AAT?$AAN?$AAA?$AAM?$AAE?$AA?$AA@ 00016530     oal_ioctl_s3c6410_sec_v1:deviceinfo.obj
 0001:00005558       ??_C@_1CI@BNCCNAEN@?$AAS?$AAP?$AAI?$AA_?$AAG?$AAE?$AAT?$AAP?$AAL?$AAA?$AAT?$AAF?$AAO?$AAR?$AAM?$AAN?$AAA?$AAM?$AAE?$AA?$AA@ 00016558     oal_ioctl_s3c6410_sec_v1:deviceinfo.obj
 0001:00005580       ??_C@_1CE@JLAPMINP@?$AAS?$AAP?$AAI?$AA_?$AAG?$AAE?$AAT?$AAB?$AAO?$AAO?$AAT?$AAM?$AAE?$AAN?$AAA?$AAM?$AAE?$AA?$AA@ 00016580     oal_ioctl_s3c6410_sec_v1:deviceinfo.obj
 0001:000055a4       ??_C@_1BI@MGABGHAL@?$AAS?$AAP?$AAI?$AA_?$AAG?$AAE?$AAT?$AAU?$AAU?$AAI?$AAD?$AA?$AA@ 000165a4     oal_ioctl_s3c6410_sec_v1:deviceinfo.obj
 0001:000055cc       ??_C@_1CG@IIMMCNFM@?$AAS?$AAP?$AAI?$AA_?$AAG?$AAE?$AAT?$AAG?$AAU?$AAI?$AAD?$AAP?$AAA?$AAT?$AAT?$AAE?$AAR?$AAN?$AA?$AA@ 000165cc     oal_ioctl_s3c6410_sec_v1:deviceinfo.obj
 0001:000055f8       ??_C@_1FO@DMDJMEMA@?$AA?9?$AAO?$AAA?$AAL?$AAI?$AAo?$AAC?$AAt?$AAl?$AAH?$AAa?$AAl?$AAG?$AAe?$AAt?$AAD?$AAe?$AAv?$AAi?$AAc?$AAe?$AAI?$AAn?$AAf?$AAo?$AA?$CI?$AAS?$AAP?$AAI?$AA?5?$AA?$DN?$AA?5@ 000165f8     oal_ioctl_s3c6410_sec_v1:deviceinfo.obj
 0001:00005658       ??_C@_1GK@FDHCLEBC@?$AAE?$AAR?$AAR?$AAO?$AAR?$AA?3?$AA?5?$AAO?$AAA?$AAL?$AAI?$AAo?$AAC?$AAt?$AAl?$AAH?$AAa?$AAl?$AAG?$AAe?$AAt?$AAD?$AAe?$AAv?$AAi?$AAc?$AAe?$AAI?$AAn?$AAf?$AAo?$AA?3@ 00016658     oal_ioctl_s3c6410_sec_v1:deviceinfo.obj
 0001:000056c8       ??_C@_1GG@BAANNGGI@?$AAE?$AAR?$AAR?$AAO?$AAR?$AA?3?$AA?5?$AAO?$AAA?$AAL?$AAI?$AAo?$AAC?$AAt?$AAl?$AAH?$AAa?$AAl?$AAG?$AAe?$AAt?$AAD?$AAe?$AAv?$AAi?$AAc?$AAe?$AAI?$AAn?$AAf?$AAo?$AA?3@ 000166c8     oal_ioctl_s3c6410_sec_v1:deviceinfo.obj
 0001:00005730       ??_C@_1EC@NLAFOPGI@?$AA?$CL?$AAO?$AAA?$AAL?$AAI?$AAo?$AAC?$AAt?$AAl?$AAH?$AAa?$AAl?$AAG?$AAe?$AAt?$AAD?$AAe?$AAv?$AAi?$AAc?$AAe?$AAI?$AAn?$AAf?$AAo?$AA?$CI?$AA?4?$AA?4?$AA?4?$AA?$CJ?$AA?$AN?$AA?6@ 00016730     oal_ioctl_s3c6410_sec_v1:deviceinfo.obj
 0001:00005774       ??_C@_11LOCGONAA@?$AA?$AA@ 00016774     oal_ioctl_s3c6410_sec_v1:deviceinfo.obj
 0001:00005808       ??_C@_1EG@HKOJPLNE@?$AA?9?$AAO?$AAA?$AAL?$AAI?$AAo?$AAC?$AAt?$AAl?$AAH?$AAa?$AAl?$AAG?$AAe?$AAt?$AAD?$AAe?$AAv?$AAi?$AAc?$AAe?$AAI?$AAD?$AA?$CI?$AAr?$AAc?$AA?5?$AA?$DN?$AA?5?$AA?$CF?$AAd?$AA?$CJ@ 00016808     oal_ioctl_s3c6410_sec_v1:deviceid.obj
 0001:00005850       ??_C@_1GE@GPJLHAFO@?$AAW?$AAA?$AAR?$AAN?$AA?3?$AA?5?$AAO?$AAA?$AAL?$AAI?$AAo?$AAC?$AAt?$AAl?$AAH?$AAa?$AAl?$AAG?$AAe?$AAt?$AAD?$AAe?$AAv?$AAi?$AAc?$AAe?$AAI?$AAD?$AA?3?$AA?5?$AAI?$AAn@ 00016850     oal_ioctl_s3c6410_sec_v1:deviceid.obj
 0001:000058b8       ??_C@_1LK@FOLPDAJB@?$AAW?$AAA?$AAR?$AAN?$AA?3?$AA?5?$AAO?$AAA?$AAL?$AAI?$AAo?$AAC?$AAt?$AAl?$AAH?$AAa?$AAl?$AAG?$AAe?$AAt?$AAD?$AAe?$AAv?$AAi?$AAc?$AAe?$AAI?$AAD?$AA?3?$AA?5?$AAC?$AAa@ 000168b8     oal_ioctl_s3c6410_sec_v1:deviceid.obj
 0001:00005978       ??_C@_1LO@DFJMJCEI@?$AAW?$AAA?$AAR?$AAN?$AA?3?$AA?5?$AAO?$AAA?$AAL?$AAI?$AAo?$AAC?$AAt?$AAl?$AAH?$AAa?$AAl?$AAG?$AAe?$AAt?$AAD?$AAe?$AAv?$AAi?$AAc?$AAe?$AAI?$AAD?$AA?3?$AA?5?$AAC?$AAa@ 00016978     oal_ioctl_s3c6410_sec_v1:deviceid.obj
 0001:00005a38       ??_C@_1PC@IHJIIKFF@?$AAW?$AAa?$AAr?$AAn?$AAi?$AAn?$AAg?$AA?3?$AA?5?$AAy?$AAo?$AAu?$AA?5?$AAa?$AAr?$AAe?$AA?5?$AAr?$AAe?$AAq?$AAu?$AAe?$AAs?$AAt?$AAi?$AAn?$AAg?$AA?5?$AAI?$AAO?$AAC?$AAT@ 00016a38     oal_ioctl_s3c6410_sec_v1:deviceid.obj
 0001:00005b2c       ??_C@_1DO@MLDPBFAO@?$AA?$CL?$AAO?$AAA?$AAL?$AAI?$AAo?$AAc?$AAt?$AAl?$AAH?$AAa?$AAl?$AAG?$AAe?$AAt?$AAD?$AAe?$AAv?$AAi?$AAc?$AAe?$AAI?$AAD?$AA?$CI?$AA?4?$AA?4?$AA?4?$AA?$CJ?$AA?$AN?$AA?6?$AA?$AA@ 00016b2c     oal_ioctl_s3c6410_sec_v1:deviceid.obj
 0001:00005c00       ??_C@_1EE@EOJLKFMG@?$AA?$CL?$AAO?$AAA?$AAL?$AAI?$AAo?$AAC?$AAt?$AAl?$AAH?$AAa?$AAl?$AAE?$AAn?$AAa?$AAb?$AAl?$AAe?$AAW?$AAa?$AAk?$AAe?$AA?$CI?$AAr?$AAc?$AA?5?$AA?$DN?$AA?5?$AA?$CF?$AAd?$AA?$CJ?$AA?$AN@ 00016c00     oal_power_s3c6410_sec_v1:ioctl.obj
 0001:00005c44       ??_C@_1DG@KKNHDHOB@?$AAI?$AAn?$AAv?$AAa?$AAl?$AAi?$AAd?$AA?5?$AAS?$AAY?$AAS?$AAI?$AAN?$AAT?$AAR?$AA?5?$AAv?$AAa?$AAl?$AAu?$AAe?$AA?5?$AA?$CF?$AAd?$AA?$AN?$AA?6?$AA?$AA@ 00016c44     oal_power_s3c6410_sec_v1:ioctl.obj
 0001:00005c7c       ??_C@_1DO@BLFFHCCO@?$AAE?$AAR?$AAR?$AAO?$AAR?$AA?3?$AA?5?$AAO?$AAA?$AAL?$AAI?$AAo?$AAC?$AAt?$AAl?$AAH?$AAa?$AAl?$AAE?$AAn?$AAa?$AAb?$AAl?$AAe?$AAW?$AAa?$AAk?$AAe?$AA?3?$AA?5?$AA?$AA@ 00016c7c     oal_power_s3c6410_sec_v1:ioctl.obj
 0001:00005cc0       ??_C@_1EO@OMKOKHHJ@?$AA?$CL?$AAO?$AAA?$AAL?$AAI?$AAo?$AAC?$AAt?$AAl?$AAH?$AAa?$AAl?$AAE?$AAn?$AAa?$AAb?$AAl?$AAe?$AAW?$AAa?$AAk?$AAe?$AA?$CI?$AAs?$AAy?$AAs?$AAI?$AAn?$AAt?$AAr?$AA?5?$AA?$DN@ 00016cc0     oal_power_s3c6410_sec_v1:ioctl.obj
 0001:00005d10       ??_C@_1EG@KJIPIGDP@?$AA?$CL?$AAO?$AAA?$AAL?$AAI?$AAo?$AAC?$AAt?$AAl?$AAH?$AAa?$AAl?$AAD?$AAi?$AAs?$AAa?$AAb?$AAl?$AAe?$AAW?$AAa?$AAk?$AAe?$AA?$CI?$AAr?$AAc?$AA?5?$AA?$DN?$AA?5?$AA?$CF?$AAd?$AA?$CJ@ 00016d10     oal_power_s3c6410_sec_v1:ioctl.obj
 0001:00005d58       ??_C@_1EA@ENICBBFD@?$AAE?$AAR?$AAR?$AAO?$AAR?$AA?3?$AA?5?$AAO?$AAA?$AAL?$AAI?$AAo?$AAC?$AAt?$AAl?$AAH?$AAa?$AAl?$AAD?$AAi?$AAs?$AAa?$AAb?$AAl?$AAe?$AAW?$AAa?$AAk?$AAe?$AA?3?$AA?5?$AA?$AA@ 00016d58     oal_power_s3c6410_sec_v1:ioctl.obj
 0001:00005d98       ??_C@_1FA@IFHNBJAE@?$AA?$CL?$AAO?$AAA?$AAL?$AAI?$AAo?$AAC?$AAt?$AAl?$AAH?$AAa?$AAl?$AAD?$AAi?$AAs?$AAa?$AAb?$AAl?$AAe?$AAW?$AAa?$AAk?$AAe?$AA?$CI?$AAs?$AAy?$AAs?$AAI?$AAn?$AAt?$AAr?$AA?5@ 00016d98     oal_power_s3c6410_sec_v1:ioctl.obj
 0001:00005de8       ??_C@_1GG@MBGEPMGD@?$AA?$CL?$AAO?$AAA?$AAL?$AAI?$AAo?$AAC?$AAt?$AAl?$AAH?$AAa?$AAl?$AAG?$AAe?$AAt?$AAW?$AAa?$AAk?$AAe?$AAS?$AAo?$AAu?$AAr?$AAc?$AAe?$AA?$CI?$AAr?$AAc?$AA?5?$AA?$DN?$AA?5?$AA?$CF@ 00016de8     oal_power_s3c6410_sec_v1:ioctl.obj
 0001:00005e50       ??_C@_1DI@DFOIFPDM@?$AA?$CL?$AAO?$AAA?$AAL?$AAI?$AAo?$AAC?$AAt?$AAl?$AAH?$AAa?$AAl?$AAG?$AAe?$AAt?$AAW?$AAa?$AAk?$AAe?$AAS?$AAo?$AAu?$AAr?$AAc?$AAe?$AA?$AN?$AA?6?$AA?$AA@ 00016e50     oal_power_s3c6410_sec_v1:ioctl.obj
 0001:00005f18       ??_C@_1CO@IIFPHEPD@?$AA?$FL?$AAO?$AAE?$AAM?$AA?$FN?$AA?5?$AA?$CL?$AA?$CL?$AAO?$AAE?$AAM?$AAS?$AAW?$AAR?$AAe?$AAs?$AAe?$AAt?$AA?$CI?$AA?$CJ?$AA?$AN?$AA?6?$AA?$AA@ 00016f18     oal_power_s3c6410_sec_v1:reset.obj
 0001:00005f48       ??_C@_1FI@JPPGGFEM@?$AA?$FL?$AAO?$AAE?$AAM?$AA?$FN?$AA?5?$AA?$CL?$AA?5?$AAO?$AAE?$AAM?$AAS?$AAW?$AAR?$AAe?$AAs?$AAe?$AAt?$AA?$CI?$AA?$CJ?$AA?5?$AAu?$AAs?$AAi?$AAn?$AAg?$AA?5?$AAw?$AAa?$AAt?$AAc?$AAh@ 00016f48     oal_power_s3c6410_sec_v1:reset.obj
 0001:00006030       ??_C@_1HO@MKDKLGKM@?$AAA?$AAd?$AAd?$AAr?$AAe?$AAs?$AAs?$AA?5?$AAo?$AAf?$AA?5?$AAW?$AAa?$AAt?$AAc?$AAh?$AA?5?$AAD?$AAo?$AAg?$AA?5?$AAB?$AAa?$AAs?$AAe?$AA?5?$AAN?$AAo?$AAt?$AA?5?$AAD?$AAe@ 00017030     oal_power_s3c6410_sec_v1:watchdog_sw_rst.obj
 0001:00006140       ??_C@_1EI@PJAHKOP@?$AA?9?$AAO?$AAA?$AAL?$AAI?$AAo?$AAc?$AAt?$AAl?$AAH?$AAa?$AAl?$AAG?$AAe?$AAt?$AAC?$AAa?$AAc?$AAh?$AAe?$AAI?$AAn?$AAf?$AAo?$AA?$CI?$AAr?$AAc?$AA?5?$AA?$DN?$AA?5?$AA?$CF?$AAd@ 00017140     oal_cache_s3c6410_sec_v1:ioctl.obj
 0001:00006188       ??_C@_1GE@MBKHJMBD@?$AAW?$AAA?$AAR?$AAN?$AA?3?$AA?5?$AAO?$AAA?$AAL?$AAI?$AAo?$AAc?$AAt?$AAl?$AAH?$AAa?$AAl?$AAG?$AAe?$AAt?$AAC?$AAa?$AAc?$AAh?$AAe?$AAI?$AAn?$AAf?$AAo?$AA?3?$AA?5?$AAB@ 00017188     oal_cache_s3c6410_sec_v1:ioctl.obj
 0001:000061f0       ??_C@_1HM@KKNPJOOC@?$AAW?$AAA?$AAR?$AAN?$AA?3?$AA?5?$AAO?$AAA?$AAL?$AAI?$AAo?$AAc?$AAt?$AAl?$AAH?$AAa?$AAl?$AAG?$AAe?$AAt?$AAC?$AAa?$AAc?$AAh?$AAe?$AAI?$AAn?$AAf?$AAo?$AA?3?$AA?5?$AAI@ 000171f0     oal_cache_s3c6410_sec_v1:ioctl.obj
 0001:00006270       ??_C@_1EA@GDPMLOAC@?$AA?$CL?$AAO?$AAA?$AAL?$AAI?$AAo?$AAc?$AAt?$AAl?$AAH?$AAa?$AAl?$AAG?$AAe?$AAt?$AAC?$AAa?$AAc?$AAh?$AAe?$AAI?$AAn?$AAf?$AAo?$AA?$CI?$AA?4?$AA?4?$AA?4?$AA?$CJ?$AA?$AN?$AA?6?$AA?$AA@ 00017270     oal_cache_s3c6410_sec_v1:ioctl.obj
 0001:00006340       ??_C@_1DO@JHJONFOE@?$AA?9?$AAO?$AAA?$AAL?$AAI?$AAo?$AAC?$AAt?$AAl?$AAH?$AAa?$AAl?$AAD?$AAd?$AAk?$AAC?$AAa?$AAl?$AAl?$AA?$CI?$AAr?$AAc?$AA?5?$AA?$DN?$AA?5?$AA?$CF?$AAd?$AA?$CJ?$AA?$AN?$AA?6?$AA?$AA@ 00017340     oal_io:ioctl.obj
 0001:00006380       ??_C@_1FM@IFHLCDE@?$AAE?$AAR?$AAR?$AAO?$AAR?$AA?3?$AAO?$AAA?$AAL?$AAI?$AAo?$AAc?$AAt?$AAl?$AAH?$AAa?$AAl?$AAD?$AAd?$AAk?$AAC?$AAa?$AAl?$AAl?$AA?3?$AA?5?$AAI?$AAN?$AAV?$AAA?$AAL?$AAI@ 00017380     oal_io:ioctl.obj
 0001:000063e0       ??_C@_1HM@DONGDDHM@?$AAE?$AAR?$AAR?$AAO?$AAR?$AA?3?$AA?5?$AAO?$AAA?$AAL?$AAI?$AAo?$AAc?$AAt?$AAl?$AAH?$AAa?$AAl?$AAD?$AAd?$AAk?$AAC?$AAa?$AAl?$AAl?$AA?3?$AA?5?$AAU?$AAn?$AAs?$AAu?$AAp@ 000173e0     oal_io:ioctl.obj
 0001:00006460       ??_C@_1GE@BFODAIDF@?$AAE?$AAR?$AAR?$AAO?$AAR?$AA?3?$AA?5?$AAO?$AAA?$AAL?$AAI?$AAo?$AAc?$AAt?$AAl?$AAH?$AAa?$AAl?$AAD?$AAd?$AAk?$AAC?$AAa?$AAl?$AAl?$AA?3?$AA?5?$AAU?$AAn?$AAs?$AAu?$AAp@ 00017460     oal_io:ioctl.obj
 0001:000064c4       ??_C@_1DG@HOFDDFMH@?$AA?$CL?$AAO?$AAA?$AAL?$AAI?$AAo?$AAC?$AAt?$AAl?$AAH?$AAa?$AAl?$AAD?$AAd?$AAk?$AAC?$AAa?$AAl?$AAl?$AA?$CI?$AA?4?$AA?4?$AA?4?$AA?$CJ?$AA?$AN?$AA?6?$AA?$AA@ 000174c4     oal_io:ioctl.obj
 0001:00006590       ??_C@_1DK@DKAHFGMP@?$AA?9?$AAO?$AAA?$AAL?$AAI?$AAo?$AAB?$AAu?$AAs?$AAP?$AAo?$AAw?$AAe?$AAr?$AAO?$AAf?$AAf?$AA?$CI?$AAr?$AAc?$AA?5?$AA?$DN?$AA?5?$AA?$CF?$AAd?$AA?$CJ?$AA?$AN?$AA?6?$AA?$AA@ 00017590     oal_io:power.obj
 0001:000065cc       ??_C@_1DI@PEAMECNB@?$AA?$CL?$AAO?$AAA?$AAL?$AAI?$AAo?$AAB?$AAu?$AAs?$AAP?$AAo?$AAw?$AAe?$AAr?$AAO?$AAf?$AAf?$AA?$CI?$AA?$CF?$AAd?$AA?0?$AA?5?$AA?$CF?$AAd?$AA?$CJ?$AA?$AN?$AA?6?$AA?$AA@ 000175cc     oal_io:power.obj
 0001:00006604       ??_C@_1DI@BEKMCAGI@?$AA?9?$AAO?$AAA?$AAL?$AAI?$AAo?$AAB?$AAu?$AAs?$AAP?$AAo?$AAw?$AAe?$AAr?$AAO?$AAn?$AA?$CI?$AAr?$AAc?$AA?5?$AA?$DN?$AA?5?$AA?$CF?$AAd?$AA?$CJ?$AA?$AN?$AA?6?$AA?$AA@ 00017604     oal_io:power.obj
 0001:0000663c       ??_C@_1DG@BNAKMMEE@?$AA?$CL?$AAO?$AAA?$AAL?$AAI?$AAo?$AAB?$AAu?$AAs?$AAP?$AAo?$AAw?$AAe?$AAr?$AAO?$AAn?$AA?$CI?$AA?$CF?$AAd?$AA?0?$AA?5?$AA?$CF?$AAd?$AA?$CJ?$AA?$AN?$AA?6?$AA?$AA@ 0001763c     oal_io:power.obj
 0001:00006708       ??_C@_1KE@FCFGNLKM@?$AA?9?$AAO?$AAA?$AAL?$AAT?$AAr?$AAa?$AAn?$AAs?$AAl?$AAa?$AAt?$AAe?$AAB?$AAu?$AAs?$AAA?$AAd?$AAd?$AAr?$AAe?$AAs?$AAs?$AA?$CI?$AAa?$AAd?$AAd?$AAr?$AAe?$AAs?$AAs?$AAS@ 00017708     oal_io:trans.obj
 0001:000067b0       ??_C@_1GI@BPOGFGAB@?$AA?$CL?$AAO?$AAA?$AAL?$AAI?$AAo?$AAT?$AAr?$AAa?$AAn?$AAs?$AAl?$AAa?$AAt?$AAe?$AAB?$AAu?$AAs?$AAA?$AAd?$AAd?$AAr?$AAe?$AAs?$AAs?$AA?$CI?$AA?$CF?$AAd?$AA?0?$AA?5?$AA?$CF?$AAd@ 000177b0     oal_io:trans.obj
 0001:00006818       ??_C@_1HM@IKCJOCJL@?$AA?9?$AAO?$AAA?$AAL?$AAT?$AAr?$AAa?$AAn?$AAs?$AAl?$AAa?$AAt?$AAe?$AAS?$AAy?$AAs?$AAt?$AAe?$AAm?$AAA?$AAd?$AAd?$AAr?$AAe?$AAs?$AAs?$AA?$CI?$AAb?$AAu?$AAs?$AAA?$AAd@ 00017818     oal_io:trans.obj
 0001:00006898       ??_C@_1GC@GKDDBMML@?$AA?$CL?$AAO?$AAA?$AAL?$AAT?$AAr?$AAa?$AAn?$AAs?$AAl?$AAa?$AAt?$AAe?$AAS?$AAy?$AAs?$AAt?$AAe?$AAm?$AAA?$AAd?$AAd?$AAr?$AAe?$AAs?$AAs?$AA?$CI?$AA?$CF?$AAd?$AA?0?$AA?5?$AA?$CF@ 00017898     oal_io:trans.obj
 0001:0000691c       System_EnableVIC           0001791c f   s3c6410_system_lib_sec_v1:s3c6410_system.obj
 0001:0000692c       System_DisableVIC          0001792c f   s3c6410_system_lib_sec_v1:s3c6410_system.obj
 0001:0000693c       System_EnableIRQ           0001793c f   s3c6410_system_lib_sec_v1:s3c6410_system.obj
 0001:0000694c       System_DisableIRQ          0001794c f   s3c6410_system_lib_sec_v1:s3c6410_system.obj
 0001:0000695c       System_EnableFIQ           0001795c f   s3c6410_system_lib_sec_v1:s3c6410_system.obj
 0001:0000696c       System_DisableFIQ          0001796c f   s3c6410_system_lib_sec_v1:s3c6410_system.obj
 0001:0000697c       System_EnableBP            0001797c f   s3c6410_system_lib_sec_v1:s3c6410_system.obj
 0001:0000698c       System_DisableBP           0001798c f   s3c6410_system_lib_sec_v1:s3c6410_system.obj
 0001:0000699c       System_EnableICache        0001799c f   s3c6410_system_lib_sec_v1:s3c6410_system.obj
 0001:000069ac       System_CheckSyncMode       000179ac f   s3c6410_system_lib_sec_v1:s3c6410_system.obj
 0001:000069c8       System_SetSyncMode         000179c8 f   s3c6410_system_lib_sec_v1:s3c6410_system.obj
 0001:00006a0c       System_SetAsyncMode        00017a0c f   s3c6410_system_lib_sec_v1:s3c6410_system.obj
 0001:00006a58       System_WaitForInterrupt    00017a58 f   s3c6410_system_lib_sec_v1:s3c6410_system.obj
 0001:00006a68       ChangeAsyncToSync          00017a68 f   s3c6410_system_lib_sec_v1:s3c6410_system.obj
 0001:00006ad4       ChangeSyncToAsync          00017ad4 f   s3c6410_system_lib_sec_v1:s3c6410_system.obj
 0001:00006b40       ChangeDivider              00017b40 f   s3c6410_system_lib_sec_v1:s3c6410_system.obj
 0001:00006b84       ChangeToL1                 00017b84 f   s3c6410_system_lib_sec_v1:s3c6410_system.obj
 0001:00006c38       ChangeToL0                 00017c38 f   s3c6410_system_lib_sec_v1:s3c6410_system.obj
 0001:00006d04       OALFlushDCache             00017d04 f   oal_cache_s3c6410_sec_v1:flushdc.obj
 0001:00006d78       OALClearDTLB               00017d78 f   oal_cache_s3c6410_sec_v1:cleardtlb.obj
 0001:00006d84       OALFlushICache             00017d84 f   oal_cache_s3c6410_sec_v1:flushic.obj
 0001:00006d90       OALClearUTLB               00017d90 f   oal_cache_s3c6410_sec_v1:clearutlb.obj
 0001:00006d9c       OALClearITLB               00017d9c f   oal_cache_s3c6410_sec_v1:clearitlb.obj
 0001:00006da8       PaFromVa                   00017da8 f   nkldr:armstart.obj
 0001:00006df8       VaFromPa                   00017df8 f   nkldr:armstart.obj
 0001:00006e44       GetCpuId                   00017e44 f   nkldr:armstart.obj
 0001:00006e4c       KernelStart                00017e4c f   nkldr:armstart.obj
 0001:00007054       ARMInit                    00018054 f   nkldr:arminit.obj
 0001:00007098       KernelRelocate             00018098 f   nkldr:ldrcmn.obj
 0001:00007114       FindKernelEntry            00018114 f   nkldr:ldrcmn.obj
 0001:00007188       SetOsAxsDataBlockPointer   00018188 f   nkldr:kdinfo.obj
 0001:000071a0       _stricmp                   000181a0 f   nkldr:strings.obj
 0001:000071f0       memset                     000181f0 f   fulllibc:memset.obj
 0001:00007278       memcpy                     00018278 f   fulllibc:memcpy.obj
 0001:00007624       memcpybigblk               00018624 f   fulllibc:memcpy.obj
 0001:00007fd8       tolower                    00018fd8 f   fulllibc:tolower.obj
 0001:00007ffc       OEMInitGlobals             00018ffc f   oemmain:oemglobal.obj
 0001:0000802c       NKDbgPrintfW               0001902c f   nkstub:nkstub.obj
 0001:00008060       NKwvsprintfW               00019060 f   nkstub:nkstub.obj
 0001:00008084       NKSetLastError             00019084 f   nkstub:nkstub.obj
 0001:000080a8       EnterCriticalSection       000190a8 f   nkstub:nkstub.obj
 0001:000080cc       LeaveCriticalSection       000190cc f   nkstub:nkstub.obj
 0001:000080f0       InitializeCriticalSection  000190f0 f   nkstub:nkstub.obj
 0001:00008114       INTERRUPTS_ENABLE          00019114 f   nkstub:nkstub.obj
 0001:00008138       NKCallIntChain             00019138 f   nkstub:nkstub.obj
 0001:0000815c       NKIsSysIntrValid           0001915c f   nkstub:nkstub.obj
 0001:00008180       NKVirtualSetAttributes     00019180 f   nkstub:nkstub.obj
 0001:000081b4       NKForceCleanBoot           000191b4 f   nkstub:nkstub.obj
 0001:000081d8       NKwcslen                   000191d8 f   nkstub:nkstub.obj
 0001:000081fc       NKwcscpy                   000191fc f   nkstub:nkstub.obj
 0001:00008228       ProfilerHit                00019228 f   nkstub:nkstub.obj
 0001:0000827c       NKPhysToVirt               0001927c f   nkstub:nkstub.obj
 0001:000082a0       __report_gsfailure         000192a0 f   nkstub:nkstub.obj
 0001:000082c4       InitPowerCTL               000192c4 f   oal:init.obj
 0001:000082f4       OEMSetMemoryAttributes     000192f4 f   oal:init.obj
 0001:00008334       OEMGetExtensionDRAM        00019334 f   oal:init.obj
 0001:0000834c       OEMInit                    0001934c f   oal:init.obj
 0001:000086a4       OEMInitDebugSerial         000196a4 f   oal:debug.obj
 0001:000087f8       OEMWriteDebugByte          000197f8 f   oal:debug.obj
 0001:00008818       OEMReadDebugByte           00019818 f   oal:debug.obj
 0001:00008838       OEMWriteDebugString        00019838 f   oal:debug.obj
 0001:00008874       PWRCTL_setDAC0Power        00019874 f   oal:ExtPowerCTL_LIB.obj
 0001:000088b8       PWRCTL_powerCTLInit        000198b8 f   oal:ExtPowerCTL_LIB.obj
 0001:00008a3c       PWRCTL_setDAC1Power        00019a3c f   oal:ExtPowerCTL_LIB.obj
 0001:00008a80       PWRCTL_setAllTo            00019a80 f   oal:ExtPowerCTL_LIB.obj
 0001:00008b68       PWRCTL_InitializePowerCTL  00019b68 f   oal:ExtPowerCTL_LIB.obj
 0001:00008b88       PWRCTL_Sleep               00019b88 f   oal:ExtPowerCTL_LIB.obj
 0001:00008bd4       PWRCTL_Awake               00019bd4 f   oal:ExtPowerCTL_LIB.obj
 0001:00008bec       OALArgsInit                00019bec f   s3c6410_args:args.obj
 0001:00008d88       OALArgsQuery               00019d88 f   s3c6410_args:args.obj
 0001:00008f0c       System_GetAPLLCLK          00019f0c f   s3c6410_system_lib_sec_v1:s3c6410_util.obj
 0001:00008f7c       System_GetMPLLCLK          00019f7c f   s3c6410_system_lib_sec_v1:s3c6410_util.obj
 0001:00008fd4       System_VCheckSyncMode      00019fd4 f   s3c6410_system_lib_sec_v1:s3c6410_util.obj
 0001:00009004       System_GetPCLK             0001a004 f   s3c6410_system_lib_sec_v1:s3c6410_util.obj
 0001:0000906c       System_GetHCLK             0001a06c f   s3c6410_system_lib_sec_v1:s3c6410_util.obj
 0001:000090d4       System_GetARMCLK           0001a0d4 f   s3c6410_system_lib_sec_v1:s3c6410_util.obj
 0001:0000910c       FillClockInfo              0001a10c f   s3c6410_system_lib_sec_v1:s3c6410_util.obj
 0001:00009148       OEMInterruptHandlerFIQ     0001a148 f   oal_intr_s3c6410_sec_v1:fiq.obj
 0001:0000914c       OALIntrRequestIrqs         0001a14c f   oal_intr_s3c6410_sec_v1:intr.obj
 0001:00009200       OALIntrEnableIrqs          0001a200 f   oal_intr_s3c6410_sec_v1:intr.obj
 0001:00009338       OALIntrDisableIrqs         0001a338 f   oal_intr_s3c6410_sec_v1:intr.obj
 0001:0000947c       OALIntrDoneIrqs            0001a47c f   oal_intr_s3c6410_sec_v1:intr.obj
 0001:00009598       OEMInterruptHandler        0001a598 f   oal_intr_s3c6410_sec_v1:intr.obj
 0001:00009a88       VICTableInit               0001aa88 f   oal_intr_s3c6410_sec_v1:intr.obj
 0001:00009ca4       OALIntrInit                0001aca4 f   oal_intr_s3c6410_sec_v1:intr.obj
 0001:00009dec       OALIntrMapInit             0001adec f   oal_intr_s3c6410_sec_v1:map.obj
 0001:00009e6c       OALIntrStaticTranslate     0001ae6c f   oal_intr_s3c6410_sec_v1:map.obj
 0001:00009ee4       OALIntrTranslateIrq        0001aee4 f   oal_intr_s3c6410_sec_v1:map.obj
 0001:00009f54       OALIntrRequestSysIntr      0001af54 f   oal_intr_s3c6410_sec_v1:map.obj
 0001:0000a098       OALIntrReleaseSysIntr      0001b098 f   oal_intr_s3c6410_sec_v1:map.obj
 0001:0000a158       OEMInterruptEnable         0001b158 f   oal_intr_s3c6410_sec_v1:map.obj
 0001:0000a1ec       OEMInterruptDisable        0001b1ec f   oal_intr_s3c6410_sec_v1:map.obj
 0001:0000a24c       OEMInterruptMask           0001b24c f   oal_intr_s3c6410_sec_v1:map.obj
 0001:0000a2c4       OEMInterruptDone           0001b2c4 f   oal_intr_s3c6410_sec_v1:map.obj
 0001:0000a324       OEMIoControl               0001b324 f   oal_ioctl_s3c6410_sec_v1:ioctl.obj
 0001:0000ad50       InitializeOTGCLK           0001bd50 f   oal_power_s3c6410_sec_v1:off.obj
 0001:0000add4       OEMPowerOff                0001bdd4 f   oal_power_s3c6410_sec_v1:off.obj
 0001:0000b174       OEMProfileTimerDisable     0001c174 f   oal_profiler_s3c6410_sec_v1:profiler.obj
 0001:0000b22c       OALProfileIntrHandler      0001c22c f   oal_profiler_s3c6410_sec_v1:profiler.obj
 0001:0000b2c8       OEMProfileTimerEnable      0001c2c8 f   oal_profiler_s3c6410_sec_v1:profiler.obj
 0001:0000b404       OEMGetRealTime             0001c404 f   oal_rtc_s3c6410_sec_v1:rtc.obj
 0001:0000b5e8       OEMSetRealTime             0001c5e8 f   oal_rtc_s3c6410_sec_v1:rtc.obj
 0001:0000b848       OEMSetAlarmTime            0001c848 f   oal_rtc_s3c6410_sec_v1:rtc.obj
 0001:0000bab8       OALIoCtlHalInitRTC         0001cab8 f   oal_rtc_s3c6410_sec_v1:rtc.obj
 0001:0000bc40       InitSystemTimer            0001cc40 f   oal_timer_s3c6410_sec_v1:timer.obj
 0001:0000bcd8       OALTimerInit               0001ccd8 f   oal_timer_s3c6410_sec_v1:timer.obj
 0001:0000bef8       OALTimerIntrHandler        0001cef8 f   oal_timer_s3c6410_sec_v1:timer.obj
 0001:0000bf90       OALTimerCountsSinceSysTick 0001cf90 f   oal_timer_s3c6410_sec_v1:timer.obj
 0001:0000bfc8       OALCPUIdle                 0001cfc8 f   oal_timer_s3c6410_sec_v1:timer.obj
 0001:0000c00c       OEMIdle                    0001d00c f   oal_timer_s3c6410_sec_v1:timer.obj
 0001:0000c090       OEMGetTickCount            0001d090 f   oal_timer_s3c6410_sec_v1:counts.obj
 0001:0000c0fc       OALTimerQueryPerformanceFrequency 0001d0fc f   oal_timer_s3c6410_sec_v1:counts.obj
 0001:0000c12c       OALTimerQueryPerformanceCounter 0001d12c f   oal_timer_s3c6410_sec_v1:counts.obj
 0001:0000c184       OALIsProcessorFeaturePresent 0001d184 f   oal_misc_s3c6410_sec_v1:feature.obj
 0001:0000c1e8       OEMCacheRangeFlush         0001d1e8 f   oal_cache_s3c6410_sec_v1:flush.obj
 0001:0000c390       OEMARMCacheMode            0001d390 f   oal_cache_s3c6410_sec_v1:cachemode.obj
 0001:0000c398       OALCacheGlobalsInit        0001d398 f   oal_cache_s3c6410_sec_v1:init.obj
 0001:0000c510       OALClearDTLBEntry          0001d510 f   oal_cache_s3c6410_sec_v1:cleardtlbentry.obj
 0001:0000c520       OALClearITLBEntry          0001d520 f   oal_cache_s3c6410_sec_v1:clearitlbentry.obj
 0001:0000c530       OALFlushICacheLines        0001d530 f   oal_cache_s3c6410_sec_v1:flushiclines.obj
 0001:0000c550       OALCleanDCacheLines        0001d550 f   oal_cache_s3c6410_sec_v1:cleandclines.obj
 0001:0000c578       OALCleanDCache             0001d578 f   oal_cache_s3c6410_sec_v1:cleandc.obj
 0001:0000c5ec       OALFlushDCacheLines        0001d5ec f   oal_cache_s3c6410_sec_v1:flushdclines.obj
 0001:0000c60c       OALPAtoVA                  0001d60c f   oal_memory_arm:memory.obj
 0001:0000c698       OALLogSerial               0001d698 f   oal_log:log.obj
 0001:0000c6ec       __GSHandlerCheckCommon     0001d6ec f   fulllibc:gshandler.obj
 0001:0000c728       __GSHandlerCheck           0001d728 f   fulllibc:gshandler.obj
 0001:0000c74c       __security_check_cookie    0001d74c f   fulllibc:armsecgs.obj
 0001:0000c760       __gsfailure                0001d760 f   fulllibc:armsecgs.obj
 0001:0000c7a4       __utos                     0001d7a4 f   fulllibc:r_itos.obj
 0001:0000c7bc       __itos                     0001d7bc f   fulllibc:r_itos.obj
 0001:0000c86c       __stod                     0001d86c f   fulllibc:r_stod.obj
 0001:0000c99c       __divd                     0001d99c f   fulllibc:r_divd.obj
 0001:0000cc84       __dtos                     0001dc84 f   fulllibc:r_dtos.obj
 0001:0000cdd8       __stoi                     0001ddd8 f   fulllibc:r_stoi.obj
 0001:0000cec0       __subs                     0001dec0 f   fulllibc:r_adds.obj
 0001:0000ced8       __adds                     0001ded8 f   fulllibc:r_adds.obj
 0001:0000d124       __flt_underflow            0001e124     fulllibc:r_adds.obj
 0001:0000d1c8       __fArithReturn             0001e1c8     fulllibc:r_adds.obj
 0001:0000d218       __fArithNaNCheck           0001e218     fulllibc:r_adds.obj
 0001:0000d250       __muls                     0001e250 f   fulllibc:r_muls.obj
 0001:0000d300       fmul_fdiv_overflow         0001e300     fulllibc:r_muls.obj
 0001:0000d388       __stou                     0001e388 f   fulllibc:r_stou.obj
 0001:0000d458       __rt_udiv                  0001e458 f   fulllibc:__udiv.obj
 0001:0000d51c       __rt_udivrem64by64         0001e51c f   fulllibc:mdsdiv64.obj
 0001:0000d614       __rt_divrem64by64          0001e614 f   fulllibc:mdsdiv64.obj
 0001:0000d664       __rt_udiv64by64            0001e664 f   fulllibc:mdsdiv64.obj
 0001:0000d674       __rt_urem64by64            0001e674 f   fulllibc:mdsdiv64.obj
 0001:0000d68c       __rt_sdiv64by64            0001e68c f   fulllibc:mdsdiv64.obj
 0001:0000d69c       __rt_srem64by64            0001e69c f   fulllibc:mdsdiv64.obj
 0001:0000d6b4       __fp_nonveneer_error       0001e6b4     fulllibc:error.obj
 0001:0000d6b4       __fp_veneer_error          0001e6b4     fulllibc:error.obj
 0001:0000d6b8       __fp_exception             0001e6b8     fulllibc:error.obj
 0001:0000d7fc       __fp_norm_op1              0001e7fc     fulllibc:normop1.obj
 0001:0000d8c4       FPE_Raise                  0001e8c4 f   fulllibc:fpraise.obj
 0001:0000df64       __fp_div_common            0001ef64     fulllibc:div.obj
 0001:0000df88       __fp_rdv_common            0001ef88     fulllibc:div.obj
 0001:0000e42c       __fp_rdv_uncommon          0001f42c     fulllibc:div.obj
 0001:0000e42c       __fp_div_uncommon          0001f42c     fulllibc:div.obj
 0001:0000e56c       __fp_norm_op2              0001f56c     fulllibc:normop2.obj
 0001:0000e62c       _e2d                       0001f62c     fulllibc:e2d.obj
 0001:0000e638       __fp_e2d                   0001f638     fulllibc:e2d.obj
 0001:0000e6d0       _e2d_ExpUnderflow          0001f6d0     fulllibc:e2d.obj
 0001:0000e8f8       __flt_normalise2           0001f8f8     fulllibc:fnorm2.obj
 0001:0000e98c       __raise_int_divide_by_zero 0001f98c f   fulllibc:diverr.obj
 0001:0000e9b0       __fp_fcheck_NaN2           0001f9b0     fulllibc:check.obj
 0001:0000e9dc       __fp_dcheck_NaN2           0001f9dc     fulllibc:check.obj
 0001:0000ea24       __fp_return_NaN            0001fa24     fulllibc:check.obj
 0001:0000ea8c       __fp_return_Inf            0001fa8c     fulllibc:check.obj
 0001:0000ea90       __crtRaiseException        0001fa90 f   fulllibc:raiseexc.obj
 0001:0000eaac       __fp_convert_NaNs          0001faac     fulllibc:nans.obj
 0001:0000eacc       __fp_convert_NaN_2Of2      0001facc     fulllibc:nans.obj
 0001:0000eae4       __fp_convert_NaN1          0001fae4     fulllibc:nans.obj
 0001:0000eaf0       __fp_convert_NaN_1Of2      0001faf0     fulllibc:nans.obj
 0001:0000eb80       __fp_norm_denorm_op1       0001fb80     fulllibc:normal.obj
 0001:0000ec68       __fp_norm_denorm_op2       0001fc68     fulllibc:normal.obj
 0001:0000ed74       __fp_normalise_op1         0001fd74     fulllibc:normal.obj
 0001:0000edd8       __fp_normalise_op2         0001fdd8     fulllibc:normal.obj
 0001:0000ee3c       __fp_normalise_op1neg      0001fe3c     fulllibc:normal.obj
 0001:0000eeb8       KITLIoctl                  0001feb8 f   nkstub:kitlstub.obj
 0001:0000eef4       BSPIntrInit                0001fef4 f   oal:intr.obj
 0001:0000effc       BSPIntrRequestIrqs         0001fffc f   oal:intr.obj
 0001:0000f118       BSPIntrEnableIrq           00020118 f   oal:intr.obj
 0001:0000f174       BSPIntrDisableIrq          00020174 f   oal:intr.obj
 0001:0000f1d0       BSPIntrDoneIrq             000201d0 f   oal:intr.obj
 0001:0000fc98       BSPPowerOff                00020c98 f   oal:power.obj
 0001:0000fd74       BSPPowerOn                 00020d74 f   oal:power.obj
 0001:0000fdb8       InitializeDVS              00020db8 f   s3c6410_PM:dvs.obj
 0001:0000fe08       SetCurrentIdleTime         00020e08 f   s3c6410_PM:dvs.obj
 0001:0000fe18       ChangeClockDivider         00020e18 f   s3c6410_PM:dvs.obj
 0001:0000feec       ProfileDVSOnOff            00020eec f   s3c6410_PM:dvs.obj
 0001:00010090       ChangeDVSLevel             00021090 f   s3c6410_PM:dvs.obj
 0001:000100f0       UpdateDVS                  000210f0 f   s3c6410_PM:dvs.obj
 0001:00010368       OALStall_us                00021368 f   s3c6410_system_lib_sec_v1:s3c6410_stall.obj
 0001:000103cc       OALStall_ms                000213cc f   s3c6410_system_lib_sec_v1:s3c6410_stall.obj
 0001:00010434       OALIoCtlHalRequestSysIntr  00021434 f   oal_intr_s3c6410_sec_v1:ioctl.obj
 0001:00010580       OALIoCtlHalReleaseSysIntr  00021580 f   oal_intr_s3c6410_sec_v1:ioctl.obj
 0001:00010630       OALIoCtlHalRequestIrq      00021630 f   oal_intr_s3c6410_sec_v1:ioctl.obj
 0001:00010730       OALIoCtlHalGetCPUID        00021730 f   oal_ioctl_s3c6410_sec_v1:CPUIDCheck.obj
 0001:0001080c       OALIoCtlHalUpdateMode      0002180c f   oal_ioctl_s3c6410_sec_v1:imgupd.obj
 0001:000108b0       OALIoCtlHalGetRegSecureKeys 000218b0 f   oal_ioctl_s3c6410_sec_v1:securekeys.obj
 0001:00010934       OALIoCtlProcessorInfo      00021934 f   oal_ioctl_s3c6410_sec_v1:procinfo.obj
 0001:00010b1c       OALIoCtlHalGetRandomSeed   00021b1c f   oal_ioctl_s3c6410_sec_v1:randomseed.obj
 0001:00010ce0       OALIoCtlHalGetUUID         00021ce0 f   oal_ioctl_s3c6410_sec_v1:uuid.obj
 0001:00010fd4       OALIoCtlHalGetDeviceInfo   00021fd4 f   oal_ioctl_s3c6410_sec_v1:deviceinfo.obj
 0001:0001139c       OALIoCtlHalGetDeviceId     0002239c f   oal_ioctl_s3c6410_sec_v1:deviceid.obj
 0001:000115a8       OALIoCtlHalEnableWake      000225a8 f   oal_power_s3c6410_sec_v1:ioctl.obj
 0001:0001168c       OALIoCtlHalDisableWake     0002268c f   oal_power_s3c6410_sec_v1:ioctl.obj
 0001:00011770       OALIoCtlHalGetWakeSource   00022770 f   oal_power_s3c6410_sec_v1:ioctl.obj
 0001:00011818       OEMSWReset                 00022818 f   oal_power_s3c6410_sec_v1:reset.obj
 0001:00011864       _OEMSWReset                00022864 f   oal_power_s3c6410_sec_v1:watchdog_sw_rst.obj
 0001:000118d4       OALIoCtlHalGetCacheInfo    000228d4 f   oal_cache_s3c6410_sec_v1:ioctl.obj
 0001:00011a1c       OALIoCtlHalDdkCall         00022a1c f   oal_io:ioctl.obj
 0001:00011c78       OALIoBusPowerOff           00022c78 f   oal_io:power.obj
 0001:00011cd8       OALIoBusPowerOn            00022cd8 f   oal_io:power.obj
 0001:00011d38       OALIoTransBusAddress       00022d38 f   oal_io:trans.obj
 0001:00011df8       OALIoTransSystemAddress    00022df8 f   oal_io:trans.obj
 0001:00011e84       OALIoReadBusData           00022e84 f   oal_io:data.obj
 0001:00011e8c       OALIoWriteBusData          00022e8c f   oal_io:data.obj
 0001:00011e94       __C_specific_handler       00022e94 f   fulllibc:chandler.obj
 0001:00011fe0       strlen                     00022fe0 f   fulllibc:mdsstrlen.obj
 0001:00012044       __C_ExecuteTerminationHandler 00023044 f   fulllibc:jmpuwind.obj
 0001:00012044       __C_ExecuteExceptionFilter 00023044 f   fulllibc:jmpuwind.obj
 0003:00000000       OsAxsDataBlock_2           0002a000     nkldr:kdinfo.obj
 0003:00000080       OsAxsHwTrap                0002a080     nkldr:kdinfo.obj
 0003:0000021c       g_pOemGlobal               0002a21c     oemmain:oemglobal.obj
 0003:00000220       __security_cookie          0002a220     nkstub:nkstub.obj
 0003:00000224       __security_cookie_complement 0002a224     nkstub:nkstub.obj
 0003:00000228       g_oalRtcResetTime          0002a228     oal:init.obj
 0003:00000290       initialOALLogZones         0002a290     oal_log:debug.obj
 0003:00000298       dpCurSettings              0002a298     oal_log:debug.obj
 0003:000006dc       __fp_status_flags          0002a6dc     fulllibc:fpdata.obj
 0003:000006e0       __fp_errblock              0002a6e0     fulllibc:fpdata.obj
 0003:00000724       __rt_trap                  0002a724     fulllibc:fpdata.obj
 0003:00000728       g_oalIoCtlPlatformType     0002a728     oal:ioctl.obj
 0003:0000072c       g_oalIoCtlPlatformOEM      0002a72c     oal:ioctl.obj
 0003:00000730       g_oalIoCtlProcessorVendor  0002a730     oal:ioctl.obj
 0003:00000734       g_oalIoCtlProcessorName    0002a734     oal:ioctl.obj
 0003:00000738       g_oalIoCtlProcessorCore    0002a738     oal:ioctl.obj
 0003:00000740       g_aTransitionTable         0002a740     s3c6410_PM:dvs.obj
 0003:00000848       g_oalWakeSource            0002a848     oal_power_s3c6410_sec_v1:ioctl.obj
 0003:0000088c       g_pProfilerISR             0002a88c     oal_intr_s3c6410_sec_v1:intr.obj
 0003:0000133c       g_oalRTCcsInit             0002b33c     oal_rtc_s3c6410_sec_v1:rtc.obj
 0003:00001358       g_oalIoCtlInstructionSet   0002b358     oal:ioctl.obj
 0003:00001408       g_pNKGlobal                0002b408     <common>
 0003:0000140c       v_pIOP_PIO_regs            0002b40c     <common>
 0003:00001410       g_oalIoCtlClockSpeed       0002b410     <common>
 0003:00001420       g_oalRTCcs                 0002b420     <common>
 0003:00001440       g_oalTimer                 0002b440     <common>
 0003:00001480       g_oalCacheInfo             0002b480     <common>
 0003:000014c8       _soft_fp_control           0002b4c8     <common>

 entry point at        0001:00000000

 Static symbols

 0001:00007fe8       ReturnFalse                00018fe8 f   oemmain:oemglobal.obj
 0001:00007ff0       ReturnSelf                 00018ff0 f   oemmain:oemglobal.obj
 0001:00007ff4       FakeCalcPage               00018ff4 f   oemmain:oemglobal.obj
 0001:000098e0       PrepareDMACIntr            0001a8e0 f   oal_intr_s3c6410_sec_v1:intr.obj
 0001:0000a4d0       S3C6410_SaveState_GPIO     0001b4d0 f   oal_power_s3c6410_sec_v1:off.obj
 0001:0000a77c       S3C6410_RestoreState_GPIO  0001b77c f   oal_power_s3c6410_sec_v1:off.obj
 0001:0000aa28       S3C6410_SaveState_DMACon   0001ba28 f   oal_power_s3c6410_sec_v1:off.obj
 0001:0000abbc       S3C6410_RestoreState_DMACon 0001bbbc f   oal_power_s3c6410_sec_v1:off.obj
 0001:0000f22c       OALIoCtlHalReboot          0002022c f   oal:ioctl.obj
 0001:0000f280       OALIoCtlHalGetHWEntropy    00020280 f   oal:ioctl.obj
 0001:0000f338       OALIoCtlHalGetHiveCleanFlag 00020338 f   oal:ioctl.obj
 0001:0000f468       OALIoCtlHalQueryFormatPartition 00020468 f   oal:ioctl.obj
 0001:0000f5fc       OALIoCtlHalQueryDisplaySettings 000205fc f   oal:ioctl.obj
 0001:0000f72c       OALIoCtlHalPowerCTL        0002072c f   oal:ioctl.obj
 0001:0000f82c       OALIoCtlHalSetSystemLevel  0002082c f   oal:ioctl.obj
 0001:0000f928       OALIoCtlHalProfileDVS      00020928 f   oal:ioctl.obj
 0001:0000fa24       OALIoCtlHalClockInfo       00020a24 f   oal:ioctl.obj
 0001:0000fb08       OALIoCtlHalInitRegistry    00020b08 f   oal:ioctl.obj
 0001:0000fb44       S3C6410_WakeUpSource_Detect 00020b44 f   oal:power.obj
 0001:00010e1c       ?CheckBufferSize@@YAHPBXABIPAI1PBG@Z 00021e1c f   oal_ioctl_s3c6410_sec_v1:deviceinfo.obj
 0001:00010ec8       ?GetBootMeName@@YAHPAXIPAIPAPBG@Z 00021ec8 f   oal_ioctl_s3c6410_sec_v1:deviceinfo.obj
